(("snake" "collide.rkt" 1) #f "begin-drop")
(("snake" "collide.rkt" 0) #f "begin-drop")
(("snake" "collide.rkt" 7) #f "comparison-op-swap")
(("snake" "collide.rkt" 6) #f "comparison-op-swap")
(("snake" "collide.rkt" 5) #f "position-swap")
(("snake" "collide.rkt" 4) #f "boolean-op-swap")
(("snake" "collide.rkt" 3) #f "position-swap")
(("snake" "collide.rkt" 2) #f "position-swap")
(("snake" "collide.rkt" 9) #f "constant-swap")
(("snake" "collide.rkt" 8) #f "constant-swap")
(("snake" "collide.rkt" 15) #f "comparison-op-swap")
(("snake" "collide.rkt" 14) #f "position-swap")
(("snake" "collide.rkt" 13) #f "comparison-op-swap")
(("snake" "collide.rkt" 12) #f "comparison-op-swap")
(("snake" "collide.rkt" 11) #f "position-swap")
(("snake" "collide.rkt" 10) (runtime-error blamed) "constant-swap")
(("snake" "collide.rkt" 23) #f "begin-drop")
(("snake" "collide.rkt" 17) #f "constant-swap")
(("snake" "collide.rkt" 16) #f "comparison-op-swap")
(("snake" "collide.rkt" 22) #f "comparison-op-swap")
(("snake" "collide.rkt" 21) #f "comparison-op-swap")
(("snake" "collide.rkt" 20) #f "position-swap")
(("snake" "collide.rkt" 19) (runtime-error blamed) "constant-swap")
(("snake" "collide.rkt" 18) #f "constant-swap")
(("snake" "collide.rkt" 25) #f "begin-drop")
(("snake" "collide.rkt" 26) (runtime-error blamed) "negate-conditional")
(("snake" "collide.rkt" 24) (runtime-error blamed) "position-swap")
(("snake" "collide.rkt" 31) #f "position-swap")
(("snake" "collide.rkt" 30) #f "boolean-op-swap")
(("snake" "collide.rkt" 29) #f "position-swap")
(("snake" "collide.rkt" 28) (blamed) "constant-swap")
(("snake" "collide.rkt" 27) (blamed) "constant-swap")
(("snake" "collide.rkt" 32) (runtime-error blamed) "position-swap")
(("snake" "const.rkt" 1) (blamed) "constant-swap")
(("snake" "const.rkt" 0) (blamed) "constant-swap")
(("snake" "const.rkt" 6) (blamed) "constant-swap")
(("snake" "const.rkt" 5) (blamed) "constant-swap")
(("snake" "const.rkt" 4) (runtime-error blamed) "constant-swap")
(("snake" "const.rkt" 3) (runtime-error blamed) "constant-swap")
(("snake" "const.rkt" 2) (blamed) "constant-swap")
(("snake" "const.rkt" 7) (blamed) "constant-swap")
(("snake" "const.rkt" 9) (runtime-error blamed) "constant-swap")
(("snake" "const.rkt" 8) (runtime-error blamed) "constant-swap")
(("snake" "const.rkt" 15) #f "begin-drop")
(("snake" "const.rkt" 14) (runtime-error blamed) "constant-swap")
(("snake" "const.rkt" 13) (runtime-error blamed) "constant-swap")
(("snake" "const.rkt" 12) (blamed) "constant-swap")
(("snake" "const.rkt" 11) (blamed) "constant-swap")
(("snake" "const.rkt" 10) (blamed) "constant-swap")
(("snake" "const.rkt" 18) #f "begin-drop")
(("snake" "const.rkt" 21) #f "begin-drop")
(("snake" "const.rkt" 17) #f "arithmetic-op-swap")
(("snake" "const.rkt" 16) #f "position-swap")
(("snake" "const.rkt" 23) #f "constant-swap")
(("snake" "const.rkt" 22) #f "position-swap")
(("snake" "const.rkt" 20) #f "arithmetic-op-swap")
(("snake" "const.rkt" 19) #f "position-swap")
(("snake" "const.rkt" 24) #f "constant-swap")
(("snake" "const.rkt" 29) #f "begin-drop")
(("snake" "const.rkt" 28) #f "begin-drop")
(("snake" "const.rkt" 27) #f "constant-swap")
(("snake" "const.rkt" 26) #f "constant-swap")
(("snake" "const.rkt" 25) #f "constant-swap")
(("snake" "const.rkt" 31) (blamed) "position-swap")
(("snake" "const.rkt" 30) (blamed) "position-swap")
(("snake" "const.rkt" 32) (blamed) "constant-swap")
(("snake" "const.rkt" 37) (blamed) "constant-swap")
(("snake" "const.rkt" 36) (blamed) "constant-swap")
(("snake" "const.rkt" 35) (blamed) "constant-swap")
(("snake" "const.rkt" 34) (blamed) "position-swap")
(("snake" "const.rkt" 33) (blamed) "position-swap")
(("snake" "const.rkt" 39) (blamed) "constant-swap")
(("snake" "const.rkt" 38) (blamed) "constant-swap")
(("snake" "const.rkt" 40) (blamed) "constant-swap")
(("snake" "const.rkt" 45) (blamed) "position-swap")
(("snake" "const.rkt" 44) (blamed) "constant-swap")
(("snake" "const.rkt" 43) (blamed) "constant-swap")
(("snake" "const.rkt" 42) (blamed) "constant-swap")
(("snake" "const.rkt" 41) (blamed) "constant-swap")
(("snake" "const.rkt" 47) (blamed) "constant-swap")
(("snake" "const.rkt" 46) (blamed) "constant-swap")
(("snake" "const.rkt" 48) (blamed) "constant-swap")
(("snake" "const.rkt" 53) (blamed) "constant-swap")
(("snake" "const.rkt" 52) (blamed) "constant-swap")
(("snake" "const.rkt" 51) (blamed) "constant-swap")
(("snake" "const.rkt" 50) (blamed) "constant-swap")
(("snake" "const.rkt" 49) (blamed) "constant-swap")
(("snake" "data.rkt" 0) #f "begin-drop")
(("snake" "cut-tail.rkt" 0) #f "begin-drop")
(("snake" "const.rkt" 55) (blamed) "constant-swap")
(("snake" "const.rkt" 54) (blamed) "constant-swap")
(("snake" "data.rkt" 2) (blamed) "boolean-op-swap")
(("snake" "data.rkt" 1) #f "position-swap")
(("snake" "cut-tail.rkt" 2) (blamed) "position-swap")
(("snake" "cut-tail.rkt" 1) (runtime-error blamed) "negate-conditional")
(("snake" "data.rkt" 4) (blamed) "comparison-op-swap")
(("snake" "data.rkt" 3) #f "position-swap")
(("snake" "data.rkt" 6) #f "position-swap")
(("snake" "data.rkt" 5) (blamed) "comparison-op-swap")
(("snake" "handlers.rkt" 0) #f "begin-drop")
(("snake" "handlers.rkt" 1) (blamed) "negate-conditional")
(("snake" "data.rkt" 8) (blamed) "comparison-op-swap")
(("snake" "data.rkt" 7) (blamed) "comparison-op-swap")
(("snake" "handlers.rkt" 3) (blamed) "negate-conditional")
(("snake" "handlers.rkt" 2) (blamed) "negate-conditional")
(("snake" "handlers.rkt" 5) #f "position-swap")
(("snake" "handlers.rkt" 4) (blamed) "negate-conditional")
(("snake" "handlers.rkt" 6) (blamed) "constant-swap")
(("snake" "handlers.rkt" 9) #f "position-swap")
(("snake" "handlers.rkt" 8) (blamed) "constant-swap")
(("snake" "handlers.rkt" 7) (blamed) "position-swap")
(("snake" "handlers.rkt" 11) (blamed) "position-swap")
(("snake" "handlers.rkt" 10) (blamed) "constant-swap")
(("snake" "handlers.rkt" 13) #f "position-swap")
(("snake" "handlers.rkt" 12) (blamed) "constant-swap")
(("snake" "handlers.rkt" 14) (blamed) "constant-swap")
(("snake" "handlers.rkt" 17) #f "position-swap")
(("snake" "handlers.rkt" 16) (blamed) "constant-swap")
(("snake" "handlers.rkt" 15) (blamed) "position-swap")
(("snake" "handlers.rkt" 21) #f "begin-drop")
(("snake" "handlers.rkt" 19) (blamed) "position-swap")
(("snake" "handlers.rkt" 18) (blamed) "constant-swap")
(("snake" "handlers.rkt" 20) (blamed) "constant-swap")
(("snake" "handlers.rkt" 22) #f "position-swap")
(("snake" "main.rkt" 1) #f "begin-drop")
(("snake" "main.rkt" 0) #f "begin-drop")
(("snake" "handlers.rkt" 23) (blamed) "boolean-op-swap")
(("snake" "main.rkt" 4) #f "position-swap")
(("snake" "main.rkt" 3) #f "position-swap")
(("snake" "main.rkt" 2) #f "begin-drop")
(("snake" "main.rkt" 5) #f "position-swap")
(("snake" "main.rkt" 6) #f "position-swap")
(("snake" "main.rkt" 9) (runtime-error blamed) "position-swap")
(("snake" "main.rkt" 8) (blamed) "position-swap")
(("snake" "main.rkt" 7) (blamed) "position-swap")
(("snake" "main.rkt" 12) #f "constant-swap")
(("snake" "main.rkt" 11) #f "constant-swap")
(("snake" "main.rkt" 10) (runtime-error blamed) "constant-swap")
(("snake" "main.rkt" 13) #f "constant-swap")
(("snake" "main.rkt" 17) #f "begin-drop")
(("snake" "main.rkt" 14) (runtime-error blamed) "constant-swap")
(("snake" "main.rkt" 16) #f "begin-drop")
(("snake" "main.rkt" 15) (runtime-error blamed) "constant-swap")
(("snake" "main.rkt" 18) #f "position-swap")
(("snake" "main.rkt" 20) (runtime-error blamed) "position-swap")
(("snake" "main.rkt" 19) (runtime-error blamed) "negate-conditional")
(("snake" "main.rkt" 21) #f "constant-swap")
(("snake" "motion-help.rkt" 0) #f "begin-drop")
(("snake" "motion-help.rkt" 1) #f "negate-conditional")
(("snake" "motion-help.rkt" 3) #f "negate-conditional")
(("snake" "motion-help.rkt" 2) #f "negate-conditional")
(("snake" "motion-help.rkt" 4) #f "position-swap")
(("snake" "motion-help.rkt" 6) #f "position-swap")
(("snake" "motion-help.rkt" 5) #f "constant-swap")
(("snake" "motion-help.rkt" 7) #f "arithmetic-op-swap")
(("snake" "motion-help.rkt" 8) #f "position-swap")
(("snake" "motion-help.rkt" 9) #f "constant-swap")
(("snake" "motion-help.rkt" 11) #f "arithmetic-op-swap")
(("snake" "motion-help.rkt" 10) #f "position-swap")
(("snake" "motion-help.rkt" 12) #f "position-swap")
(("snake" "motion-help.rkt" 14) #f "position-swap")
(("snake" "motion-help.rkt" 13) #f "constant-swap")
(("snake" "motion-help.rkt" 15) #f "arithmetic-op-swap")
(("snake" "motion-help.rkt" 16) #f "position-swap")
(("snake" "motion-help.rkt" 18) #f "begin-drop")
(("snake" "motion-help.rkt" 17) #f "arithmetic-op-swap")
(("snake" "motion-help.rkt" 22) #f "begin-drop")
(("snake" "motion-help.rkt" 19) (blamed) "position-swap")
(("snake" "motion-help.rkt" 20) (blamed) "position-swap")
(("snake" "motion-help.rkt" 21) (runtime-error blamed) "position-swap")
(("snake" "motion-help.rkt" 23) (blamed) "position-swap")
(("snake" "motion.rkt" 0) #f "begin-drop")
(("snake" "motion-help.rkt" 24) (blamed) "position-swap")
(("snake" "motion.rkt" 1) #f "position-swap")
(("snake" "motion-help.rkt" 25) (runtime-error blamed) "position-swap")
(("snake" "motion.rkt" 2) (runtime-error blamed) "constant-swap")
(("snake" "motion.rkt" 3) (runtime-error blamed) "constant-swap")
(("snake" "motion.rkt" 7) #f "begin-drop")
(("snake" "motion.rkt" 4) (blamed) "constant-swap")
(("snake" "motion.rkt" 5) (runtime-error blamed) "constant-swap")
(("snake" "motion.rkt" 6) (runtime-error blamed) "constant-swap")
(("snake" "motion.rkt" 10) #f "begin-drop")
(("snake" "motion.rkt" 9) (blamed) "position-swap")
(("snake" "motion.rkt" 8) (blamed) "negate-conditional")
(("snake" "motion.rkt" 12) #f "begin-drop")
(("snake" "motion.rkt" 14) #f "begin-drop")
(("snake" "motion.rkt" 11) #f "position-swap")
(("snake" "motion.rkt" 13) (blamed) "position-swap")
(("snake" "motion.rkt" 18) #f "begin-drop")
(("snake" "motion.rkt" 17) #f "begin-drop")
(("snake" "motion.rkt" 15) (blamed) "position-swap")
(("snake" "motion.rkt" 19) #f "begin-drop")
(("snake" "motion.rkt" 16) (runtime-error blamed) "position-swap")
(("snake" "motion.rkt" 21) #f "arithmetic-op-swap")
(("snake" "motion.rkt" 20) #f "position-swap")
(("snake" "motion.rkt" 22) (runtime-error blamed) "position-swap")
(("snake" "motion.rkt" 24) #f "arithmetic-op-swap")
(("snake" "motion.rkt" 23) #f "arithmetic-op-swap")
(("snake" "motion.rkt" 27) (blamed) "position-swap")
(("snake" "motion.rkt" 25) (runtime-error blamed) "position-swap")
(("snake" "motion.rkt" 26) #f "arithmetic-op-swap")
(("snake" "motion.rkt" 28) #f "position-swap")
