mutation-analysis: Beginning one mutation analysis.
[info] mutation-analysis: Beginning one mutation analysis.
mutation-analysis: Configured mutatable modules: ("collide.rkt" "const.rkt" "cut-tail.rkt" "data.rkt" "handlers.rkt" "main.rkt" "motion-help.rkt" "motion.rkt")
[info] mutation-analysis: Configured mutatable modules: ("collide.rkt" "const.rkt" "cut-tail.rkt" "data.rkt" "handlers.rkt" "main.rkt" "motion-help.rkt" "motion.rkt")
mutation-analysis: #s(mutant #f collide.rkt 1) {begin-drop} => miss
mutation-analysis: #s(mutant #f collide.rkt 0) {begin-drop} => miss
[info] mutation-analysis: #s(mutant #f collide.rkt 1) {begin-drop} => miss
[info] mutation-analysis: #s(mutant #f collide.rkt 0) {begin-drop} => miss
mutation-analysis: #s(mutant #f collide.rkt 7) {comparison-op-swap} => miss
mutation-analysis: #s(mutant #f collide.rkt 6) {comparison-op-swap} => miss
mutation-analysis: #s(mutant #f collide.rkt 5) {position-swap} => miss
mutation-analysis: #s(mutant #f collide.rkt 4) {boolean-op-swap} => miss
mutation-analysis: #s(mutant #f collide.rkt 3) {position-swap} => miss
[info] mutation-analysis: #s(mutant #f collide.rkt 7) {comparison-op-swap} => miss
[info] mutation-analysis: #s(mutant #f collide.rkt 6) {comparison-op-swap} => miss
[info] mutation-analysis: #s(mutant #f collide.rkt 5) {position-swap} => miss
[info] mutation-analysis: #s(mutant #f collide.rkt 4) {boolean-op-swap} => miss
[info] mutation-analysis: #s(mutant #f collide.rkt 3) {position-swap} => miss
mutation-analysis: #s(mutant #f collide.rkt 2) {position-swap} => miss
[info] mutation-analysis: #s(mutant #f collide.rkt 2) {position-swap} => miss
mutation-analysis: #s(mutant #f collide.rkt 9) {constant-swap} => miss
mutation-analysis: #s(mutant #f collide.rkt 8) {constant-swap} => miss
[info] mutation-analysis: #s(mutant #f collide.rkt 9) {constant-swap} => miss
[info] mutation-analysis: #s(mutant #f collide.rkt 8) {constant-swap} => miss
mutation-analysis: #s(mutant #f collide.rkt 15) {comparison-op-swap} => miss
mutation-analysis: #s(mutant #f collide.rkt 14) {position-swap} => miss
mutation-analysis: #s(mutant #f collide.rkt 13) {comparison-op-swap} => miss
mutation-analysis: #s(mutant #f collide.rkt 12) {comparison-op-swap} => miss
mutation-analysis: #s(mutant #f collide.rkt 11) {position-swap} => miss
[info] mutation-analysis: #s(mutant #f collide.rkt 15) {comparison-op-swap} => miss
[info] mutation-analysis: #s(mutant #f collide.rkt 14) {position-swap} => miss
[info] mutation-analysis: #s(mutant #f collide.rkt 13) {comparison-op-swap} => miss
[info] mutation-analysis: #s(mutant #f collide.rkt 12) {comparison-op-swap} => miss
[info] mutation-analysis: #s(mutant #f collide.rkt 11) {position-swap} => miss
mutation-analysis: #s(mutant #f collide.rkt 10) {constant-swap} => hit
[info] mutation-analysis: #s(mutant #f collide.rkt 10) {constant-swap} => hit
mutation-analysis: #s(mutant #f collide.rkt 23) {begin-drop} => miss
mutation-analysis: #s(mutant #f collide.rkt 17) {constant-swap} => miss
mutation-analysis: #s(mutant #f collide.rkt 16) {comparison-op-swap} => miss
[info] mutation-analysis: #s(mutant #f collide.rkt 23) {begin-drop} => miss
[info] mutation-analysis: #s(mutant #f collide.rkt 17) {constant-swap} => miss
[info] mutation-analysis: #s(mutant #f collide.rkt 16) {comparison-op-swap} => miss
mutation-analysis: #s(mutant #f collide.rkt 22) {comparison-op-swap} => miss
mutation-analysis: #s(mutant #f collide.rkt 21) {comparison-op-swap} => miss
mutation-analysis: #s(mutant #f collide.rkt 20) {position-swap} => miss
mutation-analysis: #s(mutant #f collide.rkt 19) {constant-swap} => hit
mutation-analysis: #s(mutant #f collide.rkt 18) {constant-swap} => miss
[info] mutation-analysis: #s(mutant #f collide.rkt 22) {comparison-op-swap} => miss
[info] mutation-analysis: #s(mutant #f collide.rkt 21) {comparison-op-swap} => miss
[info] mutation-analysis: #s(mutant #f collide.rkt 20) {position-swap} => miss
[info] mutation-analysis: #s(mutant #f collide.rkt 19) {constant-swap} => hit
[info] mutation-analysis: #s(mutant #f collide.rkt 18) {constant-swap} => miss
mutation-analysis: #s(mutant #f collide.rkt 25) {begin-drop} => miss
[info] mutation-analysis: #s(mutant #f collide.rkt 25) {begin-drop} => miss
mutation-analysis: #s(mutant #f collide.rkt 26) {negate-conditional} => hit
mutation-analysis: #s(mutant #f collide.rkt 24) {position-swap} => hit
[info] mutation-analysis: #s(mutant #f collide.rkt 26) {negate-conditional} => hit
[info] mutation-analysis: #s(mutant #f collide.rkt 24) {position-swap} => hit
mutation-analysis: #s(mutant #f collide.rkt 31) {position-swap} => miss
mutation-analysis: #s(mutant #f collide.rkt 30) {boolean-op-swap} => miss
mutation-analysis: #s(mutant #f collide.rkt 29) {position-swap} => miss
mutation-analysis: #s(mutant #f collide.rkt 28) {constant-swap} => hit
[info] mutation-analysis: #s(mutant #f collide.rkt 31) {position-swap} => miss
[info] mutation-analysis: #s(mutant #f collide.rkt 30) {boolean-op-swap} => miss
[info] mutation-analysis: #s(mutant #f collide.rkt 29) {position-swap} => miss
[info] mutation-analysis: #s(mutant #f collide.rkt 28) {constant-swap} => hit
mutation-analysis: #s(mutant #f collide.rkt 27) {constant-swap} => hit
[info] mutation-analysis: #s(mutant #f collide.rkt 27) {constant-swap} => hit
mutation-analysis: #s(mutant #f collide.rkt 32) {position-swap} => hit
[info] mutation-analysis: #s(mutant #f collide.rkt 32) {position-swap} => hit
mutation-analysis: #s(mutant #f const.rkt 1) {constant-swap} => hit
mutation-analysis: #s(mutant #f const.rkt 0) {constant-swap} => hit
[info] mutation-analysis: #s(mutant #f const.rkt 1) {constant-swap} => hit
[info] mutation-analysis: #s(mutant #f const.rkt 0) {constant-swap} => hit
mutation-analysis: #s(mutant #f const.rkt 6) {constant-swap} => hit
mutation-analysis: #s(mutant #f const.rkt 5) {constant-swap} => hit
mutation-analysis: #s(mutant #f const.rkt 4) {constant-swap} => hit
mutation-analysis: #s(mutant #f const.rkt 3) {constant-swap} => hit
mutation-analysis: #s(mutant #f const.rkt 2) {constant-swap} => hit
[info] mutation-analysis: #s(mutant #f const.rkt 6) {constant-swap} => hit
[info] mutation-analysis: #s(mutant #f const.rkt 5) {constant-swap} => hit
[info] mutation-analysis: #s(mutant #f const.rkt 4) {constant-swap} => hit
[info] mutation-analysis: #s(mutant #f const.rkt 3) {constant-swap} => hit
[info] mutation-analysis: #s(mutant #f const.rkt 2) {constant-swap} => hit
mutation-analysis: #s(mutant #f const.rkt 7) {constant-swap} => hit
[info] mutation-analysis: #s(mutant #f const.rkt 7) {constant-swap} => hit
mutation-analysis: #s(mutant #f const.rkt 9) {constant-swap} => hit
mutation-analysis: #s(mutant #f const.rkt 8) {constant-swap} => hit
[info] mutation-analysis: #s(mutant #f const.rkt 9) {constant-swap} => hit
[info] mutation-analysis: #s(mutant #f const.rkt 8) {constant-swap} => hit
mutation-analysis: #s(mutant #f const.rkt 15) {begin-drop} => miss
[info] mutation-analysis: #s(mutant #f const.rkt 15) {begin-drop} => miss
mutation-analysis: #s(mutant #f const.rkt 14) {constant-swap} => hit
mutation-analysis: #s(mutant #f const.rkt 13) {constant-swap} => hit
mutation-analysis: #s(mutant #f const.rkt 12) {constant-swap} => hit
mutation-analysis: #s(mutant #f const.rkt 11) {constant-swap} => hit
mutation-analysis: #s(mutant #f const.rkt 10) {constant-swap} => hit
[info] mutation-analysis: #s(mutant #f const.rkt 14) {constant-swap} => hit
[info] mutation-analysis: #s(mutant #f const.rkt 13) {constant-swap} => hit
[info] mutation-analysis: #s(mutant #f const.rkt 12) {constant-swap} => hit
[info] mutation-analysis: #s(mutant #f const.rkt 11) {constant-swap} => hit
[info] mutation-analysis: #s(mutant #f const.rkt 10) {constant-swap} => hit
mutation-analysis: #s(mutant #f const.rkt 18) {begin-drop} => miss
[info] mutation-analysis: #s(mutant #f const.rkt 18) {begin-drop} => miss
mutation-analysis: #s(mutant #f const.rkt 21) {begin-drop} => miss
mutation-analysis: #s(mutant #f const.rkt 17) {arithmetic-op-swap} => miss
mutation-analysis: #s(mutant #f const.rkt 16) {position-swap} => miss
[info] mutation-analysis: #s(mutant #f const.rkt 21) {begin-drop} => miss
[info] mutation-analysis: #s(mutant #f const.rkt 17) {arithmetic-op-swap} => miss
[info] mutation-analysis: #s(mutant #f const.rkt 16) {position-swap} => miss
mutation-analysis: #s(mutant #f const.rkt 23) {constant-swap} => miss
mutation-analysis: #s(mutant #f const.rkt 22) {position-swap} => miss
mutation-analysis: #s(mutant #f const.rkt 20) {arithmetic-op-swap} => miss
mutation-analysis: #s(mutant #f const.rkt 19) {position-swap} => miss
[info] mutation-analysis: #s(mutant #f const.rkt 23) {constant-swap} => miss
[info] mutation-analysis: #s(mutant #f const.rkt 22) {position-swap} => miss
[info] mutation-analysis: #s(mutant #f const.rkt 20) {arithmetic-op-swap} => miss
[info] mutation-analysis: #s(mutant #f const.rkt 19) {position-swap} => miss
mutation-analysis: #s(mutant #f const.rkt 24) {constant-swap} => miss
[info] mutation-analysis: #s(mutant #f const.rkt 24) {constant-swap} => miss
mutation-analysis: #s(mutant #f const.rkt 29) {begin-drop} => miss
mutation-analysis: #s(mutant #f const.rkt 28) {begin-drop} => miss
mutation-analysis: #s(mutant #f const.rkt 27) {constant-swap} => miss
mutation-analysis: #s(mutant #f const.rkt 26) {constant-swap} => miss
mutation-analysis: #s(mutant #f const.rkt 25) {constant-swap} => miss
[info] mutation-analysis: #s(mutant #f const.rkt 29) {begin-drop} => miss
[info] mutation-analysis: #s(mutant #f const.rkt 28) {begin-drop} => miss
[info] mutation-analysis: #s(mutant #f const.rkt 27) {constant-swap} => miss
[info] mutation-analysis: #s(mutant #f const.rkt 26) {constant-swap} => miss
[info] mutation-analysis: #s(mutant #f const.rkt 25) {constant-swap} => miss
mutation-analysis: #s(mutant #f const.rkt 31) {position-swap} => hit
mutation-analysis: #s(mutant #f const.rkt 30) {position-swap} => hit
[info] mutation-analysis: #s(mutant #f const.rkt 31) {position-swap} => hit
[info] mutation-analysis: #s(mutant #f const.rkt 30) {position-swap} => hit
mutation-analysis: #s(mutant #f const.rkt 32) {constant-swap} => hit
[info] mutation-analysis: #s(mutant #f const.rkt 32) {constant-swap} => hit
mutation-analysis: #s(mutant #f const.rkt 37) {constant-swap} => hit
mutation-analysis: #s(mutant #f const.rkt 36) {constant-swap} => hit
mutation-analysis: #s(mutant #f const.rkt 35) {constant-swap} => hit
mutation-analysis: #s(mutant #f const.rkt 34) {position-swap} => hit
[info] mutation-analysis: #s(mutant #f const.rkt 37) {constant-swap} => hit
[info] mutation-analysis: #s(mutant #f const.rkt 36) {constant-swap} => hit
[info] mutation-analysis: #s(mutant #f const.rkt 35) {constant-swap} => hit
[info] mutation-analysis: #s(mutant #f const.rkt 34) {position-swap} => hit
mutation-analysis: #s(mutant #f const.rkt 33) {position-swap} => hit
[info] mutation-analysis: #s(mutant #f const.rkt 33) {position-swap} => hit
mutation-analysis: #s(mutant #f const.rkt 39) {constant-swap} => hit
mutation-analysis: #s(mutant #f const.rkt 38) {constant-swap} => hit
[info] mutation-analysis: #s(mutant #f const.rkt 39) {constant-swap} => hit
[info] mutation-analysis: #s(mutant #f const.rkt 38) {constant-swap} => hit
mutation-analysis: #s(mutant #f const.rkt 40) {constant-swap} => hit
[info] mutation-analysis: #s(mutant #f const.rkt 40) {constant-swap} => hit
mutation-analysis: #s(mutant #f const.rkt 45) {position-swap} => hit
mutation-analysis: #s(mutant #f const.rkt 44) {constant-swap} => hit
mutation-analysis: #s(mutant #f const.rkt 43) {constant-swap} => hit
mutation-analysis: #s(mutant #f const.rkt 42) {constant-swap} => hit
mutation-analysis: #s(mutant #f const.rkt 41) {constant-swap} => hit
[info] mutation-analysis: #s(mutant #f const.rkt 45) {position-swap} => hit
[info] mutation-analysis: #s(mutant #f const.rkt 44) {constant-swap} => hit
[info] mutation-analysis: #s(mutant #f const.rkt 43) {constant-swap} => hit
[info] mutation-analysis: #s(mutant #f const.rkt 42) {constant-swap} => hit
[info] mutation-analysis: #s(mutant #f const.rkt 41) {constant-swap} => hit
mutation-analysis: #s(mutant #f const.rkt 47) {constant-swap} => hit
mutation-analysis: #s(mutant #f const.rkt 46) {constant-swap} => hit
[info] mutation-analysis: #s(mutant #f const.rkt 47) {constant-swap} => hit
[info] mutation-analysis: #s(mutant #f const.rkt 46) {constant-swap} => hit
mutation-analysis: #s(mutant #f const.rkt 48) {constant-swap} => hit
[info] mutation-analysis: #s(mutant #f const.rkt 48) {constant-swap} => hit
mutation-analysis: #s(mutant #f const.rkt 53) {constant-swap} => hit
mutation-analysis: #s(mutant #f const.rkt 52) {constant-swap} => hit
mutation-analysis: #s(mutant #f const.rkt 51) {constant-swap} => hit
mutation-analysis: #s(mutant #f const.rkt 50) {constant-swap} => hit
mutation-analysis: #s(mutant #f const.rkt 49) {constant-swap} => hit
[info] mutation-analysis: #s(mutant #f const.rkt 53) {constant-swap} => hit
[info] mutation-analysis: #s(mutant #f const.rkt 52) {constant-swap} => hit
[info] mutation-analysis: #s(mutant #f const.rkt 51) {constant-swap} => hit
[info] mutation-analysis: #s(mutant #f const.rkt 50) {constant-swap} => hit
[info] mutation-analysis: #s(mutant #f const.rkt 49) {constant-swap} => hit
mutation-analysis: #s(mutant #f data.rkt 0) {begin-drop} => miss
mutation-analysis: #s(mutant #f cut-tail.rkt 0) {begin-drop} => miss
[info] mutation-analysis: #s(mutant #f data.rkt 0) {begin-drop} => miss
[info] mutation-analysis: #s(mutant #f cut-tail.rkt 0) {begin-drop} => miss
mutation-analysis: #s(mutant #f const.rkt 55) {constant-swap} => hit
mutation-analysis: #s(mutant #f const.rkt 54) {constant-swap} => hit
[info] mutation-analysis: #s(mutant #f const.rkt 55) {constant-swap} => hit
[info] mutation-analysis: #s(mutant #f const.rkt 54) {constant-swap} => hit
mutation-analysis: #s(mutant #f data.rkt 2) {boolean-op-swap} => hit
mutation-analysis: #s(mutant #f data.rkt 1) {position-swap} => miss
mutation-analysis: #s(mutant #f cut-tail.rkt 2) {position-swap} => hit
[info] mutation-analysis: #s(mutant #f data.rkt 2) {boolean-op-swap} => hit
[info] mutation-analysis: #s(mutant #f data.rkt 1) {position-swap} => miss
[info] mutation-analysis: #s(mutant #f cut-tail.rkt 2) {position-swap} => hit
mutation-analysis: #s(mutant #f cut-tail.rkt 1) {negate-conditional} => hit
[info] mutation-analysis: #s(mutant #f cut-tail.rkt 1) {negate-conditional} => hit
mutation-analysis: #s(mutant #f data.rkt 4) {comparison-op-swap} => hit
mutation-analysis: #s(mutant #f data.rkt 3) {position-swap} => miss
[info] mutation-analysis: #s(mutant #f data.rkt 4) {comparison-op-swap} => hit
[info] mutation-analysis: #s(mutant #f data.rkt 3) {position-swap} => miss
mutation-analysis: #s(mutant #f data.rkt 6) {position-swap} => miss
mutation-analysis: #s(mutant #f data.rkt 5) {comparison-op-swap} => hit
[info] mutation-analysis: #s(mutant #f data.rkt 6) {position-swap} => miss
[info] mutation-analysis: #s(mutant #f data.rkt 5) {comparison-op-swap} => hit
mutation-analysis: #s(mutant #f handlers.rkt 0) {begin-drop} => miss
[info] mutation-analysis: #s(mutant #f handlers.rkt 0) {begin-drop} => miss
mutation-analysis: #s(mutant #f handlers.rkt 1) {negate-conditional} => hit
mutation-analysis: #s(mutant #f data.rkt 8) {comparison-op-swap} => hit
mutation-analysis: #s(mutant #f data.rkt 7) {comparison-op-swap} => hit
[info] mutation-analysis: #s(mutant #f handlers.rkt 1) {negate-conditional} => hit
[info] mutation-analysis: #s(mutant #f data.rkt 8) {comparison-op-swap} => hit
[info] mutation-analysis: #s(mutant #f data.rkt 7) {comparison-op-swap} => hit
mutation-analysis: #s(mutant #f handlers.rkt 3) {negate-conditional} => hit
mutation-analysis: #s(mutant #f handlers.rkt 2) {negate-conditional} => hit
[info] mutation-analysis: #s(mutant #f handlers.rkt 3) {negate-conditional} => hit
[info] mutation-analysis: #s(mutant #f handlers.rkt 2) {negate-conditional} => hit
mutation-analysis: #s(mutant #f handlers.rkt 5) {position-swap} => miss
mutation-analysis: #s(mutant #f handlers.rkt 4) {negate-conditional} => hit
[info] mutation-analysis: #s(mutant #f handlers.rkt 5) {position-swap} => miss
[info] mutation-analysis: #s(mutant #f handlers.rkt 4) {negate-conditional} => hit
mutation-analysis: #s(mutant #f handlers.rkt 6) {constant-swap} => hit
[info] mutation-analysis: #s(mutant #f handlers.rkt 6) {constant-swap} => hit
mutation-analysis: #s(mutant #f handlers.rkt 9) {position-swap} => miss
mutation-analysis: #s(mutant #f handlers.rkt 8) {constant-swap} => hit
mutation-analysis: #s(mutant #f handlers.rkt 7) {position-swap} => hit
[info] mutation-analysis: #s(mutant #f handlers.rkt 9) {position-swap} => miss
[info] mutation-analysis: #s(mutant #f handlers.rkt 8) {constant-swap} => hit
[info] mutation-analysis: #s(mutant #f handlers.rkt 7) {position-swap} => hit
mutation-analysis: #s(mutant #f handlers.rkt 11) {position-swap} => hit
mutation-analysis: #s(mutant #f handlers.rkt 10) {constant-swap} => hit
[info] mutation-analysis: #s(mutant #f handlers.rkt 11) {position-swap} => hit
[info] mutation-analysis: #s(mutant #f handlers.rkt 10) {constant-swap} => hit
mutation-analysis: #s(mutant #f handlers.rkt 13) {position-swap} => miss
mutation-analysis: #s(mutant #f handlers.rkt 12) {constant-swap} => hit
[info] mutation-analysis: #s(mutant #f handlers.rkt 13) {position-swap} => miss
[info] mutation-analysis: #s(mutant #f handlers.rkt 12) {constant-swap} => hit
mutation-analysis: #s(mutant #f handlers.rkt 14) {constant-swap} => hit
[info] mutation-analysis: #s(mutant #f handlers.rkt 14) {constant-swap} => hit
mutation-analysis: #s(mutant #f handlers.rkt 17) {position-swap} => miss
mutation-analysis: #s(mutant #f handlers.rkt 16) {constant-swap} => hit
mutation-analysis: #s(mutant #f handlers.rkt 15) {position-swap} => hit
[info] mutation-analysis: #s(mutant #f handlers.rkt 17) {position-swap} => miss
[info] mutation-analysis: #s(mutant #f handlers.rkt 16) {constant-swap} => hit
[info] mutation-analysis: #s(mutant #f handlers.rkt 15) {position-swap} => hit
mutation-analysis: #s(mutant #f handlers.rkt 21) {begin-drop} => miss
mutation-analysis: #s(mutant #f handlers.rkt 19) {position-swap} => hit
mutation-analysis: #s(mutant #f handlers.rkt 18) {constant-swap} => hit
[info] mutation-analysis: #s(mutant #f handlers.rkt 21) {begin-drop} => miss
[info] mutation-analysis: #s(mutant #f handlers.rkt 19) {position-swap} => hit
[info] mutation-analysis: #s(mutant #f handlers.rkt 18) {constant-swap} => hit
mutation-analysis: #s(mutant #f handlers.rkt 20) {constant-swap} => hit
[info] mutation-analysis: #s(mutant #f handlers.rkt 20) {constant-swap} => hit
mutation-analysis: #s(mutant #f handlers.rkt 22) {position-swap} => miss
[info] mutation-analysis: #s(mutant #f handlers.rkt 22) {position-swap} => miss
mutation-analysis: #s(mutant #f main.rkt 1) {begin-drop} => miss
mutation-analysis: #s(mutant #f main.rkt 0) {begin-drop} => miss
mutation-analysis: #s(mutant #f handlers.rkt 23) {boolean-op-swap} => hit
[info] mutation-analysis: #s(mutant #f main.rkt 1) {begin-drop} => miss
[info] mutation-analysis: #s(mutant #f main.rkt 0) {begin-drop} => miss
[info] mutation-analysis: #s(mutant #f handlers.rkt 23) {boolean-op-swap} => hit
mutation-analysis: #s(mutant #f main.rkt 4) {position-swap} => miss
mutation-analysis: #s(mutant #f main.rkt 3) {position-swap} => miss
mutation-analysis: #s(mutant #f main.rkt 2) {begin-drop} => miss
[info] mutation-analysis: #s(mutant #f main.rkt 4) {position-swap} => miss
[info] mutation-analysis: #s(mutant #f main.rkt 3) {position-swap} => miss
[info] mutation-analysis: #s(mutant #f main.rkt 2) {begin-drop} => miss
mutation-analysis: #s(mutant #f main.rkt 5) {position-swap} => miss
[info] mutation-analysis: #s(mutant #f main.rkt 5) {position-swap} => miss
mutation-analysis: #s(mutant #f main.rkt 6) {position-swap} => miss
[info] mutation-analysis: #s(mutant #f main.rkt 6) {position-swap} => miss
mutation-analysis: #s(mutant #f main.rkt 9) {position-swap} => hit
mutation-analysis: #s(mutant #f main.rkt 8) {position-swap} => hit
mutation-analysis: #s(mutant #f main.rkt 7) {position-swap} => hit
[info] mutation-analysis: #s(mutant #f main.rkt 9) {position-swap} => hit
[info] mutation-analysis: #s(mutant #f main.rkt 8) {position-swap} => hit
[info] mutation-analysis: #s(mutant #f main.rkt 7) {position-swap} => hit
mutation-analysis: #s(mutant #f main.rkt 12) {constant-swap} => miss
mutation-analysis: #s(mutant #f main.rkt 11) {constant-swap} => miss
mutation-analysis: #s(mutant #f main.rkt 10) {constant-swap} => hit
[info] mutation-analysis: #s(mutant #f main.rkt 12) {constant-swap} => miss
[info] mutation-analysis: #s(mutant #f main.rkt 11) {constant-swap} => miss
[info] mutation-analysis: #s(mutant #f main.rkt 10) {constant-swap} => hit
mutation-analysis: #s(mutant #f main.rkt 13) {constant-swap} => miss
[info] mutation-analysis: #s(mutant #f main.rkt 13) {constant-swap} => miss
mutation-analysis: #s(mutant #f main.rkt 17) {begin-drop} => miss
mutation-analysis: #s(mutant #f main.rkt 14) {constant-swap} => hit
[info] mutation-analysis: #s(mutant #f main.rkt 17) {begin-drop} => miss
[info] mutation-analysis: #s(mutant #f main.rkt 14) {constant-swap} => hit
mutation-analysis: #s(mutant #f main.rkt 16) {begin-drop} => miss
mutation-analysis: #s(mutant #f main.rkt 15) {constant-swap} => hit
[info] mutation-analysis: #s(mutant #f main.rkt 16) {begin-drop} => miss
[info] mutation-analysis: #s(mutant #f main.rkt 15) {constant-swap} => hit
mutation-analysis: #s(mutant #f main.rkt 18) {position-swap} => miss
[info] mutation-analysis: #s(mutant #f main.rkt 18) {position-swap} => miss
mutation-analysis: #s(mutant #f main.rkt 20) {position-swap} => hit
mutation-analysis: #s(mutant #f main.rkt 19) {negate-conditional} => hit
[info] mutation-analysis: #s(mutant #f main.rkt 20) {position-swap} => hit
[info] mutation-analysis: #s(mutant #f main.rkt 19) {negate-conditional} => hit
mutation-analysis: #s(mutant #f main.rkt 21) {constant-swap} => miss
[info] mutation-analysis: #s(mutant #f main.rkt 21) {constant-swap} => miss
mutation-analysis: #s(mutant #f motion-help.rkt 0) {begin-drop} => miss
[info] mutation-analysis: #s(mutant #f motion-help.rkt 0) {begin-drop} => miss
mutation-analysis: #s(mutant #f motion-help.rkt 1) {negate-conditional} => miss
[info] mutation-analysis: #s(mutant #f motion-help.rkt 1) {negate-conditional} => miss
mutation-analysis: #s(mutant #f motion-help.rkt 3) {negate-conditional} => miss
mutation-analysis: #s(mutant #f motion-help.rkt 2) {negate-conditional} => miss
[info] mutation-analysis: #s(mutant #f motion-help.rkt 3) {negate-conditional} => miss
[info] mutation-analysis: #s(mutant #f motion-help.rkt 2) {negate-conditional} => miss
mutation-analysis: #s(mutant #f motion-help.rkt 4) {position-swap} => miss
[info] mutation-analysis: #s(mutant #f motion-help.rkt 4) {position-swap} => miss
mutation-analysis: #s(mutant #f motion-help.rkt 6) {position-swap} => miss
mutation-analysis: #s(mutant #f motion-help.rkt 5) {constant-swap} => miss
[info] mutation-analysis: #s(mutant #f motion-help.rkt 6) {position-swap} => miss
[info] mutation-analysis: #s(mutant #f motion-help.rkt 5) {constant-swap} => miss
mutation-analysis: #s(mutant #f motion-help.rkt 7) {arithmetic-op-swap} => miss
[info] mutation-analysis: #s(mutant #f motion-help.rkt 7) {arithmetic-op-swap} => miss
mutation-analysis: #s(mutant #f motion-help.rkt 8) {position-swap} => miss
[info] mutation-analysis: #s(mutant #f motion-help.rkt 8) {position-swap} => miss
mutation-analysis: #s(mutant #f motion-help.rkt 9) {constant-swap} => miss
[info] mutation-analysis: #s(mutant #f motion-help.rkt 9) {constant-swap} => miss
mutation-analysis: #s(mutant #f motion-help.rkt 11) {arithmetic-op-swap} => miss
mutation-analysis: #s(mutant #f motion-help.rkt 10) {position-swap} => miss
[info] mutation-analysis: #s(mutant #f motion-help.rkt 11) {arithmetic-op-swap} => miss
[info] mutation-analysis: #s(mutant #f motion-help.rkt 10) {position-swap} => miss
mutation-analysis: #s(mutant #f motion-help.rkt 12) {position-swap} => miss
[info] mutation-analysis: #s(mutant #f motion-help.rkt 12) {position-swap} => miss
mutation-analysis: #s(mutant #f motion-help.rkt 14) {position-swap} => miss
mutation-analysis: #s(mutant #f motion-help.rkt 13) {constant-swap} => miss
[info] mutation-analysis: #s(mutant #f motion-help.rkt 14) {position-swap} => miss
[info] mutation-analysis: #s(mutant #f motion-help.rkt 13) {constant-swap} => miss
mutation-analysis: #s(mutant #f motion-help.rkt 15) {arithmetic-op-swap} => miss
[info] mutation-analysis: #s(mutant #f motion-help.rkt 15) {arithmetic-op-swap} => miss
mutation-analysis: #s(mutant #f motion-help.rkt 16) {position-swap} => miss
[info] mutation-analysis: #s(mutant #f motion-help.rkt 16) {position-swap} => miss
mutation-analysis: #s(mutant #f motion-help.rkt 18) {begin-drop} => miss
[info] mutation-analysis: #s(mutant #f motion-help.rkt 18) {begin-drop} => miss
mutation-analysis: #s(mutant #f motion-help.rkt 17) {arithmetic-op-swap} => miss
[info] mutation-analysis: #s(mutant #f motion-help.rkt 17) {arithmetic-op-swap} => miss
mutation-analysis: #s(mutant #f motion-help.rkt 22) {begin-drop} => miss
mutation-analysis: #s(mutant #f motion-help.rkt 19) {position-swap} => hit
[info] mutation-analysis: #s(mutant #f motion-help.rkt 22) {begin-drop} => miss
[info] mutation-analysis: #s(mutant #f motion-help.rkt 19) {position-swap} => hit
mutation-analysis: #s(mutant #f motion-help.rkt 20) {position-swap} => hit
[info] mutation-analysis: #s(mutant #f motion-help.rkt 20) {position-swap} => hit
mutation-analysis: #s(mutant #f motion-help.rkt 21) {position-swap} => hit
[info] mutation-analysis: #s(mutant #f motion-help.rkt 21) {position-swap} => hit
mutation-analysis: #s(mutant #f motion-help.rkt 23) {position-swap} => hit
[info] mutation-analysis: #s(mutant #f motion-help.rkt 23) {position-swap} => hit
mutation-analysis: #s(mutant #f motion.rkt 0) {begin-drop} => miss
mutation-analysis: #s(mutant #f motion-help.rkt 24) {position-swap} => hit
[info] mutation-analysis: #s(mutant #f motion.rkt 0) {begin-drop} => miss
[info] mutation-analysis: #s(mutant #f motion-help.rkt 24) {position-swap} => hit
mutation-analysis: #s(mutant #f motion.rkt 1) {position-swap} => miss
mutation-analysis: #s(mutant #f motion-help.rkt 25) {position-swap} => hit
[info] mutation-analysis: #s(mutant #f motion.rkt 1) {position-swap} => miss
[info] mutation-analysis: #s(mutant #f motion-help.rkt 25) {position-swap} => hit
mutation-analysis: #s(mutant #f motion.rkt 2) {constant-swap} => hit
[info] mutation-analysis: #s(mutant #f motion.rkt 2) {constant-swap} => hit
mutation-analysis: #s(mutant #f motion.rkt 3) {constant-swap} => hit
[info] mutation-analysis: #s(mutant #f motion.rkt 3) {constant-swap} => hit
mutation-analysis: #s(mutant #f motion.rkt 7) {begin-drop} => miss
mutation-analysis: #s(mutant #f motion.rkt 4) {constant-swap} => hit
[info] mutation-analysis: #s(mutant #f motion.rkt 7) {begin-drop} => miss
[info] mutation-analysis: #s(mutant #f motion.rkt 4) {constant-swap} => hit
mutation-analysis: #s(mutant #f motion.rkt 5) {constant-swap} => hit
[info] mutation-analysis: #s(mutant #f motion.rkt 5) {constant-swap} => hit
mutation-analysis: #s(mutant #f motion.rkt 6) {constant-swap} => hit
[info] mutation-analysis: #s(mutant #f motion.rkt 6) {constant-swap} => hit
mutation-analysis: #s(mutant #f motion.rkt 10) {begin-drop} => miss
mutation-analysis: #s(mutant #f motion.rkt 9) {position-swap} => hit
mutation-analysis: #s(mutant #f motion.rkt 8) {negate-conditional} => hit
[info] mutation-analysis: #s(mutant #f motion.rkt 10) {begin-drop} => miss
[info] mutation-analysis: #s(mutant #f motion.rkt 9) {position-swap} => hit
[info] mutation-analysis: #s(mutant #f motion.rkt 8) {negate-conditional} => hit
mutation-analysis: #s(mutant #f motion.rkt 12) {begin-drop} => miss
[info] mutation-analysis: #s(mutant #f motion.rkt 12) {begin-drop} => miss
mutation-analysis: #s(mutant #f motion.rkt 14) {begin-drop} => miss
mutation-analysis: #s(mutant #f motion.rkt 11) {position-swap} => miss
[info] mutation-analysis: #s(mutant #f motion.rkt 14) {begin-drop} => miss
[info] mutation-analysis: #s(mutant #f motion.rkt 11) {position-swap} => miss
mutation-analysis: #s(mutant #f motion.rkt 13) {position-swap} => hit
[info] mutation-analysis: #s(mutant #f motion.rkt 13) {position-swap} => hit
mutation-analysis: #s(mutant #f motion.rkt 18) {begin-drop} => miss
mutation-analysis: #s(mutant #f motion.rkt 17) {begin-drop} => miss
[info] mutation-analysis: #s(mutant #f motion.rkt 18) {begin-drop} => miss
[info] mutation-analysis: #s(mutant #f motion.rkt 17) {begin-drop} => miss
mutation-analysis: #s(mutant #f motion.rkt 15) {position-swap} => hit
[info] mutation-analysis: #s(mutant #f motion.rkt 15) {position-swap} => hit
mutation-analysis: #s(mutant #f motion.rkt 19) {begin-drop} => miss
mutation-analysis: #s(mutant #f motion.rkt 16) {position-swap} => hit
[info] mutation-analysis: #s(mutant #f motion.rkt 19) {begin-drop} => miss
[info] mutation-analysis: #s(mutant #f motion.rkt 16) {position-swap} => hit
mutation-analysis: #s(mutant #f motion.rkt 21) {arithmetic-op-swap} => miss
mutation-analysis: #s(mutant #f motion.rkt 20) {position-swap} => miss
[info] mutation-analysis: #s(mutant #f motion.rkt 21) {arithmetic-op-swap} => miss
[info] mutation-analysis: #s(mutant #f motion.rkt 20) {position-swap} => miss
mutation-analysis: #s(mutant #f motion.rkt 22) {position-swap} => hit
[info] mutation-analysis: #s(mutant #f motion.rkt 22) {position-swap} => hit
mutation-analysis: #s(mutant #f motion.rkt 24) {arithmetic-op-swap} => miss
mutation-analysis: #s(mutant #f motion.rkt 23) {arithmetic-op-swap} => miss
[info] mutation-analysis: #s(mutant #f motion.rkt 24) {arithmetic-op-swap} => miss
[info] mutation-analysis: #s(mutant #f motion.rkt 23) {arithmetic-op-swap} => miss
mutation-analysis: #s(mutant #f motion.rkt 27) {position-swap} => hit
mutation-analysis: #s(mutant #f motion.rkt 25) {position-swap} => hit
[info] mutation-analysis: #s(mutant #f motion.rkt 27) {position-swap} => hit
[info] mutation-analysis: #s(mutant #f motion.rkt 25) {position-swap} => hit
mutation-analysis: #s(mutant #f motion.rkt 26) {arithmetic-op-swap} => miss
[info] mutation-analysis: #s(mutant #f motion.rkt 26) {arithmetic-op-swap} => miss
mutation-analysis: #s(mutant #f motion.rkt 28) {position-swap} => miss
[info] mutation-analysis: #s(mutant #f motion.rkt 28) {position-swap} => miss
mutation-analysis: Mutation analysis complete.
#hash((fail
       .
       #hash((arithmetic-op-swap . 10)
             (begin-drop . 29)
             (boolean-op-swap . 2)
             (comparison-op-swap . 8)
             (constant-swap . 16)
             (negate-conditional . 3)
             (position-swap . 35)))
      (success
       .
       #hash((boolean-op-swap . 2)
             (comparison-op-swap . 4)
             (constant-swap . 56)
             (negate-conditional . 8)
             (position-swap . 29)))
      (total . 202))
