(("mbta" "main.rkt" 6) #f "comparison-op-swap")
(("mbta" "main.rkt" 4) #f "position-swap")
(("mbta" "main.rkt" 3) #f "boolean-op-swap")
(("mbta" "main.rkt" 1) #f "position-swap")
(("mbta" "main.rkt" 0) #f "begin-drop")
(("mbta" "main.rkt" 7) #f "constant-swap")
(("mbta" "main.rkt" 5) #f "comparison-op-swap")
(("mbta" "main.rkt" 2) #f "position-swap")
(("mbta" "main.rkt" 8) #f "constant-swap")
(("mbta" "main.rkt" 12) (runtime-error blamed) "constant-swap")
(("mbta" "main.rkt" 11) (runtime-error blamed) "position-swap")
(("mbta" "main.rkt" 10) #f "position-swap")
(("mbta" "main.rkt" 9) (runtime-error blamed) "constant-swap")
(("mbta" "main.rkt" 15) (runtime-error blamed) "constant-swap")
(("mbta" "main.rkt" 14) (runtime-error blamed) "constant-swap")
(("mbta" "main.rkt" 13) #f "constant-swap")
(("mbta" "main.rkt" 16) (runtime-error blamed) "constant-swap")
(("mbta" "main.rkt" 20) #f "begin-drop")
(("mbta" "main.rkt" 19) #f "constant-swap")
(("mbta" "main.rkt" 18) #f "position-swap")
(("mbta" "main.rkt" 17) #f "begin-drop")
(("mbta" "main.rkt" 23) #f "begin-drop")
(("mbta" "main.rkt" 22) #f "constant-swap")
(("mbta" "main.rkt" 21) #f "position-swap")
(("mbta" "main.rkt" 24) #f "position-swap")
(("mbta" "main.rkt" 28) #f "position-swap")
(("mbta" "main.rkt" 27) #f "begin-drop")
(("mbta" "main.rkt" 26) #f "begin-drop")
(("mbta" "main.rkt" 25) #f "constant-swap")
(("mbta" "main.rkt" 31) #f "position-swap")
(("mbta" "main.rkt" 30) #f "constant-swap")
(("mbta" "main.rkt" 29) #f "position-swap")
(("mbta" "main.rkt" 32) #f "comparison-op-swap")
(("mbta" "main.rkt" 36) #f "constant-swap")
(("mbta" "main.rkt" 35) #f "position-swap")
(("mbta" "main.rkt" 34) #f "position-swap")
(("mbta" "main.rkt" 33) #f "comparison-op-swap")
(("mbta" "main.rkt" 39) #f "begin-drop")
(("mbta" "main.rkt" 38) #f "begin-drop")
(("mbta" "main.rkt" 37) #f "begin-drop")
(("mbta" "main.rkt" 40) #f "begin-drop")
(("mbta" "main.rkt" 44) #f "begin-drop")
(("mbta" "main.rkt" 43) #f "begin-drop")
(("mbta" "main.rkt" 42) #f "begin-drop")
(("mbta" "main.rkt" 41) #f "begin-drop")
(("mbta" "main.rkt" 47) #f "begin-drop")
(("mbta" "main.rkt" 46) #f "begin-drop")
(("mbta" "main.rkt" 45) #f "begin-drop")
(("mbta" "main.rkt" 48) #f "position-swap")
(("mbta" "main.rkt" 55) #f "position-swap")
(("mbta" "main.rkt" 54) #f "position-swap")
(("mbta" "main.rkt" 53) #f "negate-conditional")
(("mbta" "main.rkt" 52) #f "position-swap")
(("mbta" "main.rkt" 51) #f "position-swap")
(("mbta" "main.rkt" 50) #f "position-swap")
(("mbta" "main.rkt" 49) #f "position-swap")
(("mbta" "main.rkt" 56) #f "constant-swap")
(("mbta" "main.rkt" 63) #f "constant-swap")
(("mbta" "main.rkt" 62) #f "constant-swap")
(("mbta" "main.rkt" 61) #f "constant-swap")
(("mbta" "main.rkt" 60) #f "constant-swap")
(("mbta" "main.rkt" 59) #f "constant-swap")
(("mbta" "main.rkt" 58) #f "position-swap")
(("mbta" "main.rkt" 57) #f "position-swap")
(("mbta" "main.rkt" 64) #f "constant-swap")
(("mbta" "main.rkt" 71) #f "constant-swap")
(("mbta" "main.rkt" 70) #f "constant-swap")
(("mbta" "main.rkt" 69) #f "constant-swap")
(("mbta" "main.rkt" 68) #f "constant-swap")
(("mbta" "main.rkt" 67) #f "constant-swap")
(("mbta" "main.rkt" 66) #f "position-swap")
(("mbta" "main.rkt" 65) #f "constant-swap")
(("mbta" "main.rkt" 72) #f "constant-swap")
(("mbta" "main.rkt" 76) #f "constant-swap")
(("mbta" "main.rkt" 79) #f "constant-swap")
(("mbta" "main.rkt" 78) #f "constant-swap")
(("mbta" "main.rkt" 77) #f "constant-swap")
(("mbta" "main.rkt" 75) #f "constant-swap")
(("mbta" "main.rkt" 74) #f "position-swap")
(("mbta" "main.rkt" 73) #f "position-swap")
(("mbta" "main.rkt" 80) #f "constant-swap")
(("mbta" "main.rkt" 81) #f "constant-swap")
(("mbta" "main.rkt" 85) #f "constant-swap")
(("mbta" "main.rkt" 83) #f "constant-swap")
(("mbta" "main.rkt" 87) #f "constant-swap")
(("mbta" "main.rkt" 86) #f "constant-swap")
(("mbta" "main.rkt" 84) #f "constant-swap")
(("mbta" "main.rkt" 82) #f "position-swap")
(("mbta" "main.rkt" 88) #f "constant-swap")
(("mbta" "main.rkt" 89) #f "position-swap")
(("mbta" "main.rkt" 91) #f "constant-swap")
(("mbta" "main.rkt" 90) #f "position-swap")
(("mbta" "main.rkt" 95) #f "constant-swap")
(("mbta" "main.rkt" 94) #f "constant-swap")
(("mbta" "main.rkt" 93) #f "constant-swap")
(("mbta" "main.rkt" 92) #f "constant-swap")
(("mbta" "main.rkt" 96) #f "constant-swap")
(("mbta" "main.rkt" 97) #f "constant-swap")
(("mbta" "main.rkt" 99) #f "constant-swap")
(("mbta" "main.rkt" 98) #f "position-swap")
(("mbta" "main.rkt" 103) #f "constant-swap")
(("mbta" "main.rkt" 102) #f "constant-swap")
(("mbta" "main.rkt" 101) #f "constant-swap")
(("mbta" "main.rkt" 100) #f "constant-swap")
(("mbta" "main.rkt" 104) #f "constant-swap")
(("mbta" "main.rkt" 105) #f "position-swap")
(("mbta" "main.rkt" 107) #f "constant-swap")
(("mbta" "main.rkt" 106) #f "position-swap")
(("mbta" "main.rkt" 111) #f "constant-swap")
(("mbta" "main.rkt" 110) #f "constant-swap")
(("mbta" "main.rkt" 109) #f "constant-swap")
(("mbta" "main.rkt" 108) #f "constant-swap")
(("mbta" "main.rkt" 112) #f "constant-swap")
(("mbta" "main.rkt" 113) #f "constant-swap")
(("mbta" "main.rkt" 115) #f "constant-swap")
(("mbta" "main.rkt" 114) #f "position-swap")
(("mbta" "main.rkt" 119) #f "constant-swap")
(("mbta" "main.rkt" 118) #f "constant-swap")
(("mbta" "main.rkt" 117) #f "constant-swap")
(("mbta" "main.rkt" 116) #f "constant-swap")
(("mbta" "main.rkt" 120) #f "constant-swap")
(("mbta" "main.rkt" 121) #f "position-swap")
(("mbta" "main.rkt" 123) #f "constant-swap")
(("mbta" "main.rkt" 122) #f "position-swap")
(("mbta" "main.rkt" 127) #f "constant-swap")
(("mbta" "main.rkt" 126) #f "constant-swap")
(("mbta" "main.rkt" 125) #f "constant-swap")
(("mbta" "main.rkt" 124) #f "constant-swap")
(("mbta" "main.rkt" 128) #f "constant-swap")
(("mbta" "main.rkt" 129) #f "constant-swap")
(("mbta" "run-t.rkt" 0) (blamed) "constant-swap")
(("mbta" "main.rkt" 130) #f "position-swap")
(("mbta" "run-t.rkt" 2) #f "begin-drop")
(("mbta" "run-t.rkt" 4) #f "negate-conditional")
(("mbta" "run-t.rkt" 3) #f "negate-conditional")
(("mbta" "run-t.rkt" 1) (blamed) "constant-swap")
(("mbta" "run-t.rkt" 5) #f "negate-conditional")
(("mbta" "run-t.rkt" 6) #f "position-swap")
(("mbta" "run-t.rkt" 8) #f "position-swap")
(("mbta" "run-t.rkt" 7) #f "position-swap")
(("mbta" "run-t.rkt" 12) #f "position-swap")
(("mbta" "run-t.rkt" 9) #f "boolean-op-swap")
(("mbta" "run-t.rkt" 13) #f "position-swap")
(("mbta" "run-t.rkt" 11) #f "constant-swap")
(("mbta" "run-t.rkt" 10) #f "position-swap")
(("mbta" "run-t.rkt" 14) #f "position-swap")
(("mbta" "run-t.rkt" 18) #f "position-swap")
(("mbta" "run-t.rkt" 16) #f "position-swap")
(("mbta" "run-t.rkt" 15) #f "position-swap")
(("mbta" "run-t.rkt" 17) #f "constant-swap")
(("mbta" "run-t.rkt" 19) #f "position-swap")
(("mbta" "run-t.rkt" 21) #f "position-swap")
(("mbta" "run-t.rkt" 20) #f "position-swap")
(("mbta" "run-t.rkt" 22) #f "constant-swap")
(("mbta" "run-t.rkt" 23) #f "position-swap")
(("mbta" "t-graph.rkt" 1) #f "position-swap")
(("mbta" "t-graph.rkt" 0) (runtime-error blamed) "constant-swap")
(("mbta" "run-t.rkt" 24) #f "constant-swap")
(("mbta" "t-graph.rkt" 3) #f "constant-swap")
(("mbta" "t-graph.rkt" 2) #f "constant-swap")
(("mbta" "t-graph.rkt" 4) #f "constant-swap")
(("mbta" "t-graph.rkt" 6) #f "begin-drop")
(("mbta" "t-graph.rkt" 5) #f "constant-swap")
(("mbta" "t-graph.rkt" 8) #f "position-swap")
(("mbta" "t-graph.rkt" 7) #f "begin-drop")
(("mbta" "t-graph.rkt" 9) (runtime-error blamed) "position-swap")
(("mbta" "t-graph.rkt" 12) #f "begin-drop")
(("mbta" "t-graph.rkt" 11) (runtime-error blamed) "boolean-op-swap")
(("mbta" "t-graph.rkt" 10) (runtime-error blamed) "position-swap")
(("mbta" "t-graph.rkt" 14) #f "begin-drop")
(("mbta" "t-graph.rkt" 13) #f "begin-drop")
(("mbta" "t-graph.rkt" 16) #f "begin-drop")
(("mbta" "t-graph.rkt" 15) #f "begin-drop")
(("mbta" "t-graph.rkt" 17) #f "begin-drop")
(("mbta" "t-graph.rkt" 18) (blamed) "begin-drop")
(("mbta" "t-graph.rkt" 20) #f "position-swap")
(("mbta" "t-graph.rkt" 19) (runtime-error blamed) "position-swap")
(("mbta" "t-graph.rkt" 22) (runtime-error blamed) "position-swap")
(("mbta" "t-graph.rkt" 21) (runtime-error blamed) "position-swap")
(("mbta" "t-graph.rkt" 24) #f "position-swap")
(("mbta" "t-graph.rkt" 23) #f "position-swap")
(("mbta" "t-graph.rkt" 25) #f "position-swap")
(("mbta" "t-graph.rkt" 28) (runtime-error blamed) "position-swap")
(("mbta" "t-graph.rkt" 27) (runtime-error blamed) "position-swap")
(("mbta" "t-graph.rkt" 26) (runtime-error blamed) "position-swap")
(("mbta" "t-graph.rkt" 30) (runtime-error blamed) "position-swap")
(("mbta" "t-graph.rkt" 29) (runtime-error blamed) "position-swap")
(("mbta" "t-graph.rkt" 32) (runtime-error blamed) "position-swap")
(("mbta" "t-graph.rkt" 31) (runtime-error blamed) "position-swap")
(("mbta" "t-graph.rkt" 33) (runtime-error blamed) "position-swap")
(("mbta" "t-graph.rkt" 37) #f "position-swap")
(("mbta" "t-graph.rkt" 36) #f "position-swap")
(("mbta" "t-graph.rkt" 35) (runtime-error blamed) "position-swap")
(("mbta" "t-graph.rkt" 34) #f "position-swap")
(("mbta" "t-graph.rkt" 40) #f "begin-drop")
(("mbta" "t-graph.rkt" 39) #f "begin-drop")
(("mbta" "t-graph.rkt" 38) #f "position-swap")
(("mbta" "t-graph.rkt" 41) #f "position-swap")
(("mbta" "t-graph.rkt" 46) #f "begin-drop")
(("mbta" "t-graph.rkt" 45) #f "begin-drop")
(("mbta" "t-graph.rkt" 44) #f "begin-drop")
(("mbta" "t-graph.rkt" 47) #f "begin-drop")
(("mbta" "t-graph.rkt" 43) (runtime-error blamed) "position-swap")
(("mbta" "t-graph.rkt" 42) (runtime-error blamed) "position-swap")
(("mbta" "t-graph.rkt" 48) #f "position-swap")
(("mbta" "t-graph.rkt" 49) #f "position-swap")
(("mbta" "t-graph.rkt" 54) #f "position-swap")
(("mbta" "t-graph.rkt" 52) (runtime-error blamed) "position-swap")
(("mbta" "t-graph.rkt" 51) (runtime-error blamed) "position-swap")
(("mbta" "t-graph.rkt" 50) (runtime-error blamed) "position-swap")
(("mbta" "t-graph.rkt" 53) #f "negate-conditional")
(("mbta" "t-graph.rkt" 56) #f "position-swap")
(("mbta" "t-graph.rkt" 55) (runtime-error blamed) "negate-conditional")
(("mbta" "t-graph.rkt" 57) (runtime-error blamed) "position-swap")
(("mbta" "t-graph.rkt" 58) #f "position-swap")
(("mbta" "t-graph.rkt" 62) #f "position-swap")
(("mbta" "t-graph.rkt" 61) #f "position-swap")
(("mbta" "t-graph.rkt" 60) #f "position-swap")
(("mbta" "t-graph.rkt" 59) (runtime-error blamed) "position-swap")
(("mbta" "t-graph.rkt" 64) (runtime-error blamed) "position-swap")
(("mbta" "t-graph.rkt" 63) (runtime-error blamed) "position-swap")
(("mbta" "t-graph.rkt" 65) (runtime-error blamed) "position-swap")
(("mbta" "t-graph.rkt" 66) #f "position-swap")
(("mbta" "t-graph.rkt" 70) #f "position-swap")
(("mbta" "t-graph.rkt" 69) #f "position-swap")
(("mbta" "t-graph.rkt" 68) (blamed) "class:publicity")
(("mbta" "t-graph.rkt" 67) #f "position-swap")
(("mbta" "t-graph.rkt" 72) #f "position-swap")
(("mbta" "t-graph.rkt" 71) #f "negate-conditional")
(("mbta" "t-graph.rkt" 73) #f "position-swap")
(("mbta" "t-graph.rkt" 76) #f "position-swap")
(("mbta" "t-graph.rkt" 74) #f "constant-swap")
(("mbta" "t-graph.rkt" 78) #f "negate-conditional")
(("mbta" "t-graph.rkt" 77) #f "position-swap")
(("mbta" "t-graph.rkt" 75) (blamed) "class:publicity")
(("mbta" "t-graph.rkt" 80) #f "boolean-op-swap")
(("mbta" "t-graph.rkt" 79) #f "position-swap")
(("mbta" "t-graph.rkt" 81) (blamed) "class:publicity")
(("mbta" "t-graph.rkt" 83) (blamed) "class:publicity")
(("mbta" "t-graph.rkt" 82) #f "position-swap")
(("mbta" "t-graph.rkt" 86) #f "negate-conditional")
(("mbta" "t-graph.rkt" 85) #f "position-swap")
(("mbta" "t-graph.rkt" 84) #f "position-swap")
(("mbta" "t-graph.rkt" 88) #f "position-swap")
(("mbta" "t-graph.rkt" 87) #f "position-swap")
(("mbta" "t-graph.rkt" 89) #f "position-swap")
(("mbta" "t-graph.rkt" 91) #f "position-swap")
(("mbta" "t-graph.rkt" 90) #f "position-swap")
(("mbta" "t-graph.rkt" 94) #f "position-swap")
(("mbta" "t-graph.rkt" 93) #f "position-swap")
(("mbta" "t-graph.rkt" 92) #f "position-swap")
(("mbta" "t-graph.rkt" 96) #f "position-swap")
(("mbta" "t-graph.rkt" 95) #f "class:publicity")
(("mbta" "t-graph.rkt" 101) #f "position-swap")
(("mbta" "t-graph.rkt" 97) #f "negate-conditional")
(("mbta" "t-graph.rkt" 99) #f "position-swap")
(("mbta" "t-graph.rkt" 98) #f "negate-conditional")
(("mbta" "t-graph.rkt" 102) #f "position-swap")
(("mbta" "t-graph.rkt" 100) #f "position-swap")
(("mbta" "t-graph.rkt" 104) #f "position-swap")
(("mbta" "t-graph.rkt" 103) #f "position-swap")
(("mbta" "t-view.rkt" 0) #f "begin-drop")
(("mbta" "t-graph.rkt" 106) #f "position-swap")
(("mbta" "t-graph.rkt" 105) #f "position-swap")
(("mbta" "t-graph.rkt" 107) #f "position-swap")
(("mbta" "t-view.rkt" 2) #f "position-swap")
(("mbta" "t-view.rkt" 1) #f "position-swap")
(("mbta" "t-view.rkt" 4) (blamed) "constant-swap")
(("mbta" "t-view.rkt" 3) (blamed) "constant-swap")
(("mbta" "t-view.rkt" 5) (blamed) "constant-swap")
(("mbta" "t-view.rkt" 7) (blamed) "constant-swap")
(("mbta" "t-view.rkt" 6) (blamed) "constant-swap")
(("mbta" "t-view.rkt" 9) (blamed) "constant-swap")
(("mbta" "t-view.rkt" 8) (blamed) "constant-swap")
(("mbta" "t-view.rkt" 10) (blamed) "constant-swap")
(("mbta" "t-view.rkt" 12) (blamed) "constant-swap")
(("mbta" "t-view.rkt" 11) (blamed) "constant-swap")
(("mbta" "t-view.rkt" 13) (blamed) "constant-swap")
(("mbta" "t-view.rkt" 15) #f "position-swap")
(("mbta" "t-view.rkt" 14) (blamed) "constant-swap")
(("mbta" "t-view.rkt" 18) #f "negate-conditional")
(("mbta" "t-view.rkt" 17) #f "position-swap")
(("mbta" "t-view.rkt" 16) (blamed) "class:publicity")
(("mbta" "t-view.rkt" 20) #f "position-swap")
(("mbta" "t-view.rkt" 19) #f "negate-conditional")
(("mbta" "t-view.rkt" 21) #f "position-swap")
(("mbta" "t-view.rkt" 23) #f "constant-swap")
(("mbta" "t-view.rkt" 22) #f "constant-swap")
(("mbta" "t-view.rkt" 24) #f "position-swap")
(("mbta" "t-view.rkt" 26) (blamed) "class:publicity")
(("mbta" "t-view.rkt" 25) #f "position-swap")
(("mbta" "t-view.rkt" 28) #f "negate-conditional")
(("mbta" "t-view.rkt" 27) #f "position-swap")
(("mbta" "t-view.rkt" 29) #f "negate-conditional")
(("mbta" "t-view.rkt" 31) #f "position-swap")
(("mbta" "t-view.rkt" 30) #f "position-swap")
(("mbta" "t-view.rkt" 32) #f "constant-swap")
(("mbta" "t-view.rkt" 34) #f "position-swap")
(("mbta" "t-view.rkt" 33) #f "constant-swap")
(("mbta" "t-view.rkt" 37) #f "position-swap")
(("mbta" "t-view.rkt" 36) (blamed) "class:publicity")
(("mbta" "t-view.rkt" 35) #f "position-swap")
(("mbta" "t-view.rkt" 39) #f "position-swap")
(("mbta" "t-view.rkt" 38) #f "position-swap")
(("mbta" "t-view.rkt" 40) #f "negate-conditional")
(("mbta" "t-view.rkt" 42) #f "negate-conditional")
(("mbta" "t-view.rkt" 41) #f "negate-conditional")
(("mbta" "t-view.rkt" 45) #f "position-swap")
(("mbta" "t-view.rkt" 44) #f "negate-conditional")
(("mbta" "t-view.rkt" 43) #f "negate-conditional")
(("mbta" "t-view.rkt" 47) #f "position-swap")
(("mbta" "t-view.rkt" 46) #f "boolean-op-swap")
(("mbta" "t-view.rkt" 48) #f "position-swap")
(("mbta" "t-view.rkt" 50) #f "position-swap")
(("mbta" "t-view.rkt" 49) #f "constant-swap")
(("mbta" "t-view.rkt" 55) #f "position-swap")
(("mbta" "t-view.rkt" 53) #f "position-swap")
(("mbta" "t-view.rkt" 52) #f "position-swap")
(("mbta" "t-view.rkt" 51) #f "position-swap")
(("mbta" "t-view.rkt" 54) #f "position-swap")
(("mbta" "t-view.rkt" 56) #f "position-swap")
(("mbta" "t-view.rkt" 58) #f "negate-conditional")
(("mbta" "t-view.rkt" 57) #f "negate-conditional")
(("mbta" "t-view.rkt" 62) #f "position-swap")
(("mbta" "t-view.rkt" 59) #f "position-swap")
(("mbta" "t-view.rkt" 61) #f "position-swap")
(("mbta" "t-view.rkt" 60) #f "position-swap")
(("mbta" "t-view.rkt" 63) #f "position-swap")
(("mbta" "t-view.rkt" 66) #f "position-swap")
(("mbta" "t-view.rkt" 65) #f "position-swap")
(("mbta" "t-view.rkt" 64) #f "constant-swap")
(("mbta" "t-view.rkt" 70) #f "position-swap")
(("mbta" "t-view.rkt" 67) #f "position-swap")
(("mbta" "t-view.rkt" 68) #f "constant-swap")
(("mbta" "t-view.rkt" 69) #f "class:publicity")
(("mbta" "t-view.rkt" 72) #f "position-swap")
(("mbta" "t-view.rkt" 71) #f "position-swap")
(("mbta" "t-view.rkt" 73) #f "position-swap")
(("mbta" "t-view.rkt" 74) #f "class:publicity")
(("mbta" "t-view.rkt" 76) #f "position-swap")
(("mbta" "t-view.rkt" 75) #f "class:publicity")
(("mbta" "t-view.rkt" 77) #f "position-swap")
(("mbta" "t-view.rkt" 78) #f "position-swap")
(("mbta" "t-view.rkt" 80) #f "position-swap")
(("mbta" "t-view.rkt" 79) #f "negate-conditional")
(("mbta" "t-view.rkt" 82) #f "position-swap")
(("mbta" "t-view.rkt" 83) #f "position-swap")
(("mbta" "t-view.rkt" 81) #f "position-swap")
(("mbta" "t-view.rkt" 84) #f "position-swap")
(("mbta" "t-view.rkt" 85) #f "negate-conditional")
(("mbta" "t-view.rkt" 86) #f "negate-conditional")
(("mbta" "t-view.rkt" 88) #f "position-swap")
(("mbta" "t-view.rkt" 87) #f "position-swap")
(("mbta" "t-view.rkt" 89) #f "position-swap")
(("mbta" "t-view.rkt" 91) #f "position-swap")
(("mbta" "t-view.rkt" 90) #f "position-swap")
(("mbta" "t-view.rkt" 92) #f "position-swap")
(("mbta" "t-view.rkt" 93) #f "position-swap")
