mutation-analysis: Beginning one mutation analysis.
[info] mutation-analysis: Beginning one mutation analysis.
mutation-analysis: Configured mutatable modules: ("data.rkt" "helpers.rkt" "main.rkt" "run-t.rkt" "t-graph.rkt" "t-view.rkt")
[info] mutation-analysis: Configured mutatable modules: ("data.rkt" "helpers.rkt" "main.rkt" "run-t.rkt" "t-graph.rkt" "t-view.rkt")
mutation-analysis: #s(mutant #f main.rkt 6) {comparison-op-swap} => miss
mutation-analysis: #s(mutant #f main.rkt 4) {position-swap} => miss
mutation-analysis: #s(mutant #f main.rkt 3) {boolean-op-swap} => miss
mutation-analysis: #s(mutant #f main.rkt 1) {position-swap} => miss
[info] mutation-analysis: #s(mutant #f main.rkt 6) {comparison-op-swap} => miss
[info] mutation-analysis: #s(mutant #f main.rkt 4) {position-swap} => miss
[info] mutation-analysis: #s(mutant #f main.rkt 3) {boolean-op-swap} => miss
[info] mutation-analysis: #s(mutant #f main.rkt 1) {position-swap} => miss
mutation-analysis: #s(mutant #f main.rkt 0) {begin-drop} => miss
[info] mutation-analysis: #s(mutant #f main.rkt 0) {begin-drop} => miss
mutation-analysis: #s(mutant #f main.rkt 7) {constant-swap} => miss
mutation-analysis: #s(mutant #f main.rkt 5) {comparison-op-swap} => miss
mutation-analysis: #s(mutant #f main.rkt 2) {position-swap} => miss
[info] mutation-analysis: #s(mutant #f main.rkt 7) {constant-swap} => miss
[info] mutation-analysis: #s(mutant #f main.rkt 5) {comparison-op-swap} => miss
[info] mutation-analysis: #s(mutant #f main.rkt 2) {position-swap} => miss
mutation-analysis: #s(mutant #f main.rkt 8) {constant-swap} => miss
[info] mutation-analysis: #s(mutant #f main.rkt 8) {constant-swap} => miss
mutation-analysis: #s(mutant #f main.rkt 12) {constant-swap} => hit
mutation-analysis: #s(mutant #f main.rkt 11) {position-swap} => hit
mutation-analysis: #s(mutant #f main.rkt 10) {position-swap} => miss
mutation-analysis: #s(mutant #f main.rkt 9) {constant-swap} => hit
[info] mutation-analysis: #s(mutant #f main.rkt 12) {constant-swap} => hit
[info] mutation-analysis: #s(mutant #f main.rkt 11) {position-swap} => hit
[info] mutation-analysis: #s(mutant #f main.rkt 10) {position-swap} => miss
[info] mutation-analysis: #s(mutant #f main.rkt 9) {constant-swap} => hit
mutation-analysis: #s(mutant #f main.rkt 15) {constant-swap} => hit
mutation-analysis: #s(mutant #f main.rkt 14) {constant-swap} => hit
mutation-analysis: #s(mutant #f main.rkt 13) {constant-swap} => miss
[info] mutation-analysis: #s(mutant #f main.rkt 15) {constant-swap} => hit
[info] mutation-analysis: #s(mutant #f main.rkt 14) {constant-swap} => hit
[info] mutation-analysis: #s(mutant #f main.rkt 13) {constant-swap} => miss
mutation-analysis: #s(mutant #f main.rkt 16) {constant-swap} => hit
[info] mutation-analysis: #s(mutant #f main.rkt 16) {constant-swap} => hit
mutation-analysis: #s(mutant #f main.rkt 20) {begin-drop} => miss
mutation-analysis: #s(mutant #f main.rkt 19) {constant-swap} => miss
mutation-analysis: #s(mutant #f main.rkt 18) {position-swap} => miss
mutation-analysis: #s(mutant #f main.rkt 17) {begin-drop} => miss
[info] mutation-analysis: #s(mutant #f main.rkt 20) {begin-drop} => miss
[info] mutation-analysis: #s(mutant #f main.rkt 19) {constant-swap} => miss
[info] mutation-analysis: #s(mutant #f main.rkt 18) {position-swap} => miss
[info] mutation-analysis: #s(mutant #f main.rkt 17) {begin-drop} => miss
mutation-analysis: #s(mutant #f main.rkt 23) {begin-drop} => miss
mutation-analysis: #s(mutant #f main.rkt 22) {constant-swap} => miss
mutation-analysis: #s(mutant #f main.rkt 21) {position-swap} => miss
[info] mutation-analysis: #s(mutant #f main.rkt 23) {begin-drop} => miss
[info] mutation-analysis: #s(mutant #f main.rkt 22) {constant-swap} => miss
[info] mutation-analysis: #s(mutant #f main.rkt 21) {position-swap} => miss
mutation-analysis: #s(mutant #f main.rkt 24) {position-swap} => miss
[info] mutation-analysis: #s(mutant #f main.rkt 24) {position-swap} => miss
mutation-analysis: #s(mutant #f main.rkt 28) {position-swap} => miss
mutation-analysis: #s(mutant #f main.rkt 27) {begin-drop} => miss
mutation-analysis: #s(mutant #f main.rkt 26) {begin-drop} => miss
[info] mutation-analysis: #s(mutant #f main.rkt 28) {position-swap} => miss
[info] mutation-analysis: #s(mutant #f main.rkt 27) {begin-drop} => miss
[info] mutation-analysis: #s(mutant #f main.rkt 26) {begin-drop} => miss
mutation-analysis: #s(mutant #f main.rkt 25) {constant-swap} => miss
[info] mutation-analysis: #s(mutant #f main.rkt 25) {constant-swap} => miss
mutation-analysis: #s(mutant #f main.rkt 31) {position-swap} => miss
mutation-analysis: #s(mutant #f main.rkt 30) {constant-swap} => miss
mutation-analysis: #s(mutant #f main.rkt 29) {position-swap} => miss
[info] mutation-analysis: #s(mutant #f main.rkt 31) {position-swap} => miss
[info] mutation-analysis: #s(mutant #f main.rkt 30) {constant-swap} => miss
[info] mutation-analysis: #s(mutant #f main.rkt 29) {position-swap} => miss
mutation-analysis: #s(mutant #f main.rkt 32) {comparison-op-swap} => miss
[info] mutation-analysis: #s(mutant #f main.rkt 32) {comparison-op-swap} => miss
mutation-analysis: #s(mutant #f main.rkt 36) {constant-swap} => miss
mutation-analysis: #s(mutant #f main.rkt 35) {position-swap} => miss
mutation-analysis: #s(mutant #f main.rkt 34) {position-swap} => miss
mutation-analysis: #s(mutant #f main.rkt 33) {comparison-op-swap} => miss
[info] mutation-analysis: #s(mutant #f main.rkt 36) {constant-swap} => miss
[info] mutation-analysis: #s(mutant #f main.rkt 35) {position-swap} => miss
[info] mutation-analysis: #s(mutant #f main.rkt 34) {position-swap} => miss
[info] mutation-analysis: #s(mutant #f main.rkt 33) {comparison-op-swap} => miss
mutation-analysis: #s(mutant #f main.rkt 39) {begin-drop} => miss
mutation-analysis: #s(mutant #f main.rkt 38) {begin-drop} => miss
[info] mutation-analysis: #s(mutant #f main.rkt 39) {begin-drop} => miss
[info] mutation-analysis: #s(mutant #f main.rkt 38) {begin-drop} => miss
mutation-analysis: #s(mutant #f main.rkt 37) {begin-drop} => miss
[info] mutation-analysis: #s(mutant #f main.rkt 37) {begin-drop} => miss
mutation-analysis: #s(mutant #f main.rkt 40) {begin-drop} => miss
[info] mutation-analysis: #s(mutant #f main.rkt 40) {begin-drop} => miss
mutation-analysis: #s(mutant #f main.rkt 44) {begin-drop} => miss
mutation-analysis: #s(mutant #f main.rkt 43) {begin-drop} => miss
[info] mutation-analysis: #s(mutant #f main.rkt 44) {begin-drop} => miss
[info] mutation-analysis: #s(mutant #f main.rkt 43) {begin-drop} => miss
mutation-analysis: #s(mutant #f main.rkt 42) {begin-drop} => miss
mutation-analysis: #s(mutant #f main.rkt 41) {begin-drop} => miss
[info] mutation-analysis: #s(mutant #f main.rkt 42) {begin-drop} => miss
[info] mutation-analysis: #s(mutant #f main.rkt 41) {begin-drop} => miss
mutation-analysis: #s(mutant #f main.rkt 47) {begin-drop} => miss
mutation-analysis: #s(mutant #f main.rkt 46) {begin-drop} => miss
[info] mutation-analysis: #s(mutant #f main.rkt 47) {begin-drop} => miss
[info] mutation-analysis: #s(mutant #f main.rkt 46) {begin-drop} => miss
mutation-analysis: #s(mutant #f main.rkt 45) {begin-drop} => miss
[info] mutation-analysis: #s(mutant #f main.rkt 45) {begin-drop} => miss
mutation-analysis: #s(mutant #f main.rkt 48) {position-swap} => miss
[info] mutation-analysis: #s(mutant #f main.rkt 48) {position-swap} => miss
mutation-analysis: #s(mutant #f main.rkt 55) {position-swap} => miss
mutation-analysis: #s(mutant #f main.rkt 54) {position-swap} => miss
mutation-analysis: #s(mutant #f main.rkt 53) {negate-conditional} => miss
mutation-analysis: #s(mutant #f main.rkt 52) {position-swap} => miss
[info] mutation-analysis: #s(mutant #f main.rkt 55) {position-swap} => miss
[info] mutation-analysis: #s(mutant #f main.rkt 54) {position-swap} => miss
[info] mutation-analysis: #s(mutant #f main.rkt 53) {negate-conditional} => miss
[info] mutation-analysis: #s(mutant #f main.rkt 52) {position-swap} => miss
mutation-analysis: #s(mutant #f main.rkt 51) {position-swap} => miss
mutation-analysis: #s(mutant #f main.rkt 50) {position-swap} => miss
mutation-analysis: #s(mutant #f main.rkt 49) {position-swap} => miss
[info] mutation-analysis: #s(mutant #f main.rkt 51) {position-swap} => miss
[info] mutation-analysis: #s(mutant #f main.rkt 50) {position-swap} => miss
[info] mutation-analysis: #s(mutant #f main.rkt 49) {position-swap} => miss
mutation-analysis: #s(mutant #f main.rkt 56) {constant-swap} => miss
[info] mutation-analysis: #s(mutant #f main.rkt 56) {constant-swap} => miss
mutation-analysis: #s(mutant #f main.rkt 63) {constant-swap} => miss
mutation-analysis: #s(mutant #f main.rkt 62) {constant-swap} => miss
mutation-analysis: #s(mutant #f main.rkt 61) {constant-swap} => miss
mutation-analysis: #s(mutant #f main.rkt 60) {constant-swap} => miss
mutation-analysis: #s(mutant #f main.rkt 59) {constant-swap} => miss
[info] mutation-analysis: #s(mutant #f main.rkt 63) {constant-swap} => miss
[info] mutation-analysis: #s(mutant #f main.rkt 62) {constant-swap} => miss
[info] mutation-analysis: #s(mutant #f main.rkt 61) {constant-swap} => miss
[info] mutation-analysis: #s(mutant #f main.rkt 60) {constant-swap} => miss
[info] mutation-analysis: #s(mutant #f main.rkt 59) {constant-swap} => miss
mutation-analysis: #s(mutant #f main.rkt 58) {position-swap} => miss
mutation-analysis: #s(mutant #f main.rkt 57) {position-swap} => miss
[info] mutation-analysis: #s(mutant #f main.rkt 58) {position-swap} => miss
[info] mutation-analysis: #s(mutant #f main.rkt 57) {position-swap} => miss
mutation-analysis: #s(mutant #f main.rkt 64) {constant-swap} => miss
[info] mutation-analysis: #s(mutant #f main.rkt 64) {constant-swap} => miss
mutation-analysis: #s(mutant #f main.rkt 71) {constant-swap} => miss
mutation-analysis: #s(mutant #f main.rkt 70) {constant-swap} => miss
mutation-analysis: #s(mutant #f main.rkt 69) {constant-swap} => miss
mutation-analysis: #s(mutant #f main.rkt 68) {constant-swap} => miss
mutation-analysis: #s(mutant #f main.rkt 67) {constant-swap} => miss
[info] mutation-analysis: #s(mutant #f main.rkt 71) {constant-swap} => miss
[info] mutation-analysis: #s(mutant #f main.rkt 70) {constant-swap} => miss
[info] mutation-analysis: #s(mutant #f main.rkt 69) {constant-swap} => miss
[info] mutation-analysis: #s(mutant #f main.rkt 68) {constant-swap} => miss
[info] mutation-analysis: #s(mutant #f main.rkt 67) {constant-swap} => miss
mutation-analysis: #s(mutant #f main.rkt 66) {position-swap} => miss
mutation-analysis: #s(mutant #f main.rkt 65) {constant-swap} => miss
[info] mutation-analysis: #s(mutant #f main.rkt 66) {position-swap} => miss
[info] mutation-analysis: #s(mutant #f main.rkt 65) {constant-swap} => miss
mutation-analysis: #s(mutant #f main.rkt 72) {constant-swap} => miss
[info] mutation-analysis: #s(mutant #f main.rkt 72) {constant-swap} => miss
mutation-analysis: #s(mutant #f main.rkt 76) {constant-swap} => miss
[info] mutation-analysis: #s(mutant #f main.rkt 76) {constant-swap} => miss
mutation-analysis: #s(mutant #f main.rkt 79) {constant-swap} => miss
mutation-analysis: #s(mutant #f main.rkt 78) {constant-swap} => miss
mutation-analysis: #s(mutant #f main.rkt 77) {constant-swap} => miss
mutation-analysis: #s(mutant #f main.rkt 75) {constant-swap} => miss
mutation-analysis: #s(mutant #f main.rkt 74) {position-swap} => miss
[info] mutation-analysis: #s(mutant #f main.rkt 79) {constant-swap} => miss
[info] mutation-analysis: #s(mutant #f main.rkt 78) {constant-swap} => miss
[info] mutation-analysis: #s(mutant #f main.rkt 77) {constant-swap} => miss
[info] mutation-analysis: #s(mutant #f main.rkt 75) {constant-swap} => miss
[info] mutation-analysis: #s(mutant #f main.rkt 74) {position-swap} => miss
mutation-analysis: #s(mutant #f main.rkt 73) {position-swap} => miss
[info] mutation-analysis: #s(mutant #f main.rkt 73) {position-swap} => miss
mutation-analysis: #s(mutant #f main.rkt 80) {constant-swap} => miss
[info] mutation-analysis: #s(mutant #f main.rkt 80) {constant-swap} => miss
mutation-analysis: #s(mutant #f main.rkt 81) {constant-swap} => miss
[info] mutation-analysis: #s(mutant #f main.rkt 81) {constant-swap} => miss
mutation-analysis: #s(mutant #f main.rkt 85) {constant-swap} => miss
mutation-analysis: #s(mutant #f main.rkt 83) {constant-swap} => miss
[info] mutation-analysis: #s(mutant #f main.rkt 85) {constant-swap} => miss
[info] mutation-analysis: #s(mutant #f main.rkt 83) {constant-swap} => miss
mutation-analysis: #s(mutant #f main.rkt 87) {constant-swap} => miss
mutation-analysis: #s(mutant #f main.rkt 86) {constant-swap} => miss
mutation-analysis: #s(mutant #f main.rkt 84) {constant-swap} => miss
mutation-analysis: #s(mutant #f main.rkt 82) {position-swap} => miss
[info] mutation-analysis: #s(mutant #f main.rkt 87) {constant-swap} => miss
[info] mutation-analysis: #s(mutant #f main.rkt 86) {constant-swap} => miss
[info] mutation-analysis: #s(mutant #f main.rkt 84) {constant-swap} => miss
[info] mutation-analysis: #s(mutant #f main.rkt 82) {position-swap} => miss
mutation-analysis: #s(mutant #f main.rkt 88) {constant-swap} => miss
[info] mutation-analysis: #s(mutant #f main.rkt 88) {constant-swap} => miss
mutation-analysis: #s(mutant #f main.rkt 89) {position-swap} => miss
[info] mutation-analysis: #s(mutant #f main.rkt 89) {position-swap} => miss
mutation-analysis: #s(mutant #f main.rkt 91) {constant-swap} => miss
mutation-analysis: #s(mutant #f main.rkt 90) {position-swap} => miss
[info] mutation-analysis: #s(mutant #f main.rkt 91) {constant-swap} => miss
[info] mutation-analysis: #s(mutant #f main.rkt 90) {position-swap} => miss
mutation-analysis: #s(mutant #f main.rkt 95) {constant-swap} => miss
mutation-analysis: #s(mutant #f main.rkt 94) {constant-swap} => miss
mutation-analysis: #s(mutant #f main.rkt 93) {constant-swap} => miss
mutation-analysis: #s(mutant #f main.rkt 92) {constant-swap} => miss
[info] mutation-analysis: #s(mutant #f main.rkt 95) {constant-swap} => miss
[info] mutation-analysis: #s(mutant #f main.rkt 94) {constant-swap} => miss
[info] mutation-analysis: #s(mutant #f main.rkt 93) {constant-swap} => miss
[info] mutation-analysis: #s(mutant #f main.rkt 92) {constant-swap} => miss
mutation-analysis: #s(mutant #f main.rkt 96) {constant-swap} => miss
[info] mutation-analysis: #s(mutant #f main.rkt 96) {constant-swap} => miss
mutation-analysis: #s(mutant #f main.rkt 97) {constant-swap} => miss
[info] mutation-analysis: #s(mutant #f main.rkt 97) {constant-swap} => miss
mutation-analysis: #s(mutant #f main.rkt 99) {constant-swap} => miss
mutation-analysis: #s(mutant #f main.rkt 98) {position-swap} => miss
[info] mutation-analysis: #s(mutant #f main.rkt 99) {constant-swap} => miss
[info] mutation-analysis: #s(mutant #f main.rkt 98) {position-swap} => miss
mutation-analysis: #s(mutant #f main.rkt 103) {constant-swap} => miss
mutation-analysis: #s(mutant #f main.rkt 102) {constant-swap} => miss
mutation-analysis: #s(mutant #f main.rkt 101) {constant-swap} => miss
mutation-analysis: #s(mutant #f main.rkt 100) {constant-swap} => miss
[info] mutation-analysis: #s(mutant #f main.rkt 103) {constant-swap} => miss
[info] mutation-analysis: #s(mutant #f main.rkt 102) {constant-swap} => miss
[info] mutation-analysis: #s(mutant #f main.rkt 101) {constant-swap} => miss
[info] mutation-analysis: #s(mutant #f main.rkt 100) {constant-swap} => miss
mutation-analysis: #s(mutant #f main.rkt 104) {constant-swap} => miss
[info] mutation-analysis: #s(mutant #f main.rkt 104) {constant-swap} => miss
mutation-analysis: #s(mutant #f main.rkt 105) {position-swap} => miss
[info] mutation-analysis: #s(mutant #f main.rkt 105) {position-swap} => miss
mutation-analysis: #s(mutant #f main.rkt 107) {constant-swap} => miss
mutation-analysis: #s(mutant #f main.rkt 106) {position-swap} => miss
[info] mutation-analysis: #s(mutant #f main.rkt 107) {constant-swap} => miss
[info] mutation-analysis: #s(mutant #f main.rkt 106) {position-swap} => miss
mutation-analysis: #s(mutant #f main.rkt 111) {constant-swap} => miss
mutation-analysis: #s(mutant #f main.rkt 110) {constant-swap} => miss
mutation-analysis: #s(mutant #f main.rkt 109) {constant-swap} => miss
mutation-analysis: #s(mutant #f main.rkt 108) {constant-swap} => miss
[info] mutation-analysis: #s(mutant #f main.rkt 111) {constant-swap} => miss
[info] mutation-analysis: #s(mutant #f main.rkt 110) {constant-swap} => miss
[info] mutation-analysis: #s(mutant #f main.rkt 109) {constant-swap} => miss
[info] mutation-analysis: #s(mutant #f main.rkt 108) {constant-swap} => miss
mutation-analysis: #s(mutant #f main.rkt 112) {constant-swap} => miss
[info] mutation-analysis: #s(mutant #f main.rkt 112) {constant-swap} => miss
mutation-analysis: #s(mutant #f main.rkt 113) {constant-swap} => miss
[info] mutation-analysis: #s(mutant #f main.rkt 113) {constant-swap} => miss
mutation-analysis: #s(mutant #f main.rkt 115) {constant-swap} => miss
mutation-analysis: #s(mutant #f main.rkt 114) {position-swap} => miss
[info] mutation-analysis: #s(mutant #f main.rkt 115) {constant-swap} => miss
[info] mutation-analysis: #s(mutant #f main.rkt 114) {position-swap} => miss
mutation-analysis: #s(mutant #f main.rkt 119) {constant-swap} => miss
mutation-analysis: #s(mutant #f main.rkt 118) {constant-swap} => miss
mutation-analysis: #s(mutant #f main.rkt 117) {constant-swap} => miss
mutation-analysis: #s(mutant #f main.rkt 116) {constant-swap} => miss
[info] mutation-analysis: #s(mutant #f main.rkt 119) {constant-swap} => miss
[info] mutation-analysis: #s(mutant #f main.rkt 118) {constant-swap} => miss
[info] mutation-analysis: #s(mutant #f main.rkt 117) {constant-swap} => miss
[info] mutation-analysis: #s(mutant #f main.rkt 116) {constant-swap} => miss
mutation-analysis: #s(mutant #f main.rkt 120) {constant-swap} => miss
[info] mutation-analysis: #s(mutant #f main.rkt 120) {constant-swap} => miss
mutation-analysis: #s(mutant #f main.rkt 121) {position-swap} => miss
[info] mutation-analysis: #s(mutant #f main.rkt 121) {position-swap} => miss
mutation-analysis: #s(mutant #f main.rkt 123) {constant-swap} => miss
mutation-analysis: #s(mutant #f main.rkt 122) {position-swap} => miss
[info] mutation-analysis: #s(mutant #f main.rkt 123) {constant-swap} => miss
[info] mutation-analysis: #s(mutant #f main.rkt 122) {position-swap} => miss
mutation-analysis: #s(mutant #f main.rkt 127) {constant-swap} => miss
mutation-analysis: #s(mutant #f main.rkt 126) {constant-swap} => miss
mutation-analysis: #s(mutant #f main.rkt 125) {constant-swap} => miss
mutation-analysis: #s(mutant #f main.rkt 124) {constant-swap} => miss
[info] mutation-analysis: #s(mutant #f main.rkt 127) {constant-swap} => miss
[info] mutation-analysis: #s(mutant #f main.rkt 126) {constant-swap} => miss
[info] mutation-analysis: #s(mutant #f main.rkt 125) {constant-swap} => miss
[info] mutation-analysis: #s(mutant #f main.rkt 124) {constant-swap} => miss
mutation-analysis: #s(mutant #f main.rkt 128) {constant-swap} => miss
[info] mutation-analysis: #s(mutant #f main.rkt 128) {constant-swap} => miss
mutation-analysis: #s(mutant #f main.rkt 129) {constant-swap} => miss
[info] mutation-analysis: #s(mutant #f main.rkt 129) {constant-swap} => miss
mutation-analysis: #s(mutant #f run-t.rkt 0) {constant-swap} => hit
mutation-analysis: #s(mutant #f main.rkt 130) {position-swap} => miss
[info] mutation-analysis: #s(mutant #f run-t.rkt 0) {constant-swap} => hit
[info] mutation-analysis: #s(mutant #f main.rkt 130) {position-swap} => miss
mutation-analysis: #s(mutant #f run-t.rkt 2) {begin-drop} => miss
[info] mutation-analysis: #s(mutant #f run-t.rkt 2) {begin-drop} => miss
mutation-analysis: #s(mutant #f run-t.rkt 4) {negate-conditional} => miss
mutation-analysis: #s(mutant #f run-t.rkt 3) {negate-conditional} => miss
mutation-analysis: #s(mutant #f run-t.rkt 1) {constant-swap} => hit
[info] mutation-analysis: #s(mutant #f run-t.rkt 4) {negate-conditional} => miss
[info] mutation-analysis: #s(mutant #f run-t.rkt 3) {negate-conditional} => miss
[info] mutation-analysis: #s(mutant #f run-t.rkt 1) {constant-swap} => hit
mutation-analysis: #s(mutant #f run-t.rkt 5) {negate-conditional} => miss
[info] mutation-analysis: #s(mutant #f run-t.rkt 5) {negate-conditional} => miss
mutation-analysis: #s(mutant #f run-t.rkt 6) {position-swap} => miss
[info] mutation-analysis: #s(mutant #f run-t.rkt 6) {position-swap} => miss
mutation-analysis: #s(mutant #f run-t.rkt 8) {position-swap} => miss
mutation-analysis: #s(mutant #f run-t.rkt 7) {position-swap} => miss
[info] mutation-analysis: #s(mutant #f run-t.rkt 8) {position-swap} => miss
[info] mutation-analysis: #s(mutant #f run-t.rkt 7) {position-swap} => miss
mutation-analysis: #s(mutant #f run-t.rkt 12) {position-swap} => miss
mutation-analysis: #s(mutant #f run-t.rkt 9) {boolean-op-swap} => miss
[info] mutation-analysis: #s(mutant #f run-t.rkt 12) {position-swap} => miss
[info] mutation-analysis: #s(mutant #f run-t.rkt 9) {boolean-op-swap} => miss
mutation-analysis: #s(mutant #f run-t.rkt 13) {position-swap} => miss
mutation-analysis: #s(mutant #f run-t.rkt 11) {constant-swap} => miss
mutation-analysis: #s(mutant #f run-t.rkt 10) {position-swap} => miss
[info] mutation-analysis: #s(mutant #f run-t.rkt 13) {position-swap} => miss
[info] mutation-analysis: #s(mutant #f run-t.rkt 11) {constant-swap} => miss
[info] mutation-analysis: #s(mutant #f run-t.rkt 10) {position-swap} => miss
mutation-analysis: #s(mutant #f run-t.rkt 14) {position-swap} => miss
[info] mutation-analysis: #s(mutant #f run-t.rkt 14) {position-swap} => miss
mutation-analysis: #s(mutant #f run-t.rkt 18) {position-swap} => miss
mutation-analysis: #s(mutant #f run-t.rkt 16) {position-swap} => miss
mutation-analysis: #s(mutant #f run-t.rkt 15) {position-swap} => miss
[info] mutation-analysis: #s(mutant #f run-t.rkt 18) {position-swap} => miss
[info] mutation-analysis: #s(mutant #f run-t.rkt 16) {position-swap} => miss
[info] mutation-analysis: #s(mutant #f run-t.rkt 15) {position-swap} => miss
mutation-analysis: #s(mutant #f run-t.rkt 17) {constant-swap} => miss
[info] mutation-analysis: #s(mutant #f run-t.rkt 17) {constant-swap} => miss
mutation-analysis: #s(mutant #f run-t.rkt 19) {position-swap} => miss
[info] mutation-analysis: #s(mutant #f run-t.rkt 19) {position-swap} => miss
mutation-analysis: #s(mutant #f run-t.rkt 21) {position-swap} => miss
mutation-analysis: #s(mutant #f run-t.rkt 20) {position-swap} => miss
[info] mutation-analysis: #s(mutant #f run-t.rkt 21) {position-swap} => miss
[info] mutation-analysis: #s(mutant #f run-t.rkt 20) {position-swap} => miss
mutation-analysis: #s(mutant #f run-t.rkt 22) {constant-swap} => miss
[info] mutation-analysis: #s(mutant #f run-t.rkt 22) {constant-swap} => miss
mutation-analysis: #s(mutant #f run-t.rkt 23) {position-swap} => miss
[info] mutation-analysis: #s(mutant #f run-t.rkt 23) {position-swap} => miss
mutation-analysis: #s(mutant #f t-graph.rkt 1) {position-swap} => miss
mutation-analysis: #s(mutant #f t-graph.rkt 0) {constant-swap} => hit
mutation-analysis: #s(mutant #f run-t.rkt 24) {constant-swap} => miss
[info] mutation-analysis: #s(mutant #f t-graph.rkt 1) {position-swap} => miss
[info] mutation-analysis: #s(mutant #f t-graph.rkt 0) {constant-swap} => hit
[info] mutation-analysis: #s(mutant #f run-t.rkt 24) {constant-swap} => miss
mutation-analysis: #s(mutant #f t-graph.rkt 3) {constant-swap} => miss
mutation-analysis: #s(mutant #f t-graph.rkt 2) {constant-swap} => miss
[info] mutation-analysis: #s(mutant #f t-graph.rkt 3) {constant-swap} => miss
[info] mutation-analysis: #s(mutant #f t-graph.rkt 2) {constant-swap} => miss
mutation-analysis: #s(mutant #f t-graph.rkt 4) {constant-swap} => miss
[info] mutation-analysis: #s(mutant #f t-graph.rkt 4) {constant-swap} => miss
mutation-analysis: #s(mutant #f t-graph.rkt 6) {begin-drop} => miss
mutation-analysis: #s(mutant #f t-graph.rkt 5) {constant-swap} => miss
[info] mutation-analysis: #s(mutant #f t-graph.rkt 6) {begin-drop} => miss
[info] mutation-analysis: #s(mutant #f t-graph.rkt 5) {constant-swap} => miss
mutation-analysis: #s(mutant #f t-graph.rkt 8) {position-swap} => miss
mutation-analysis: #s(mutant #f t-graph.rkt 7) {begin-drop} => miss
[info] mutation-analysis: #s(mutant #f t-graph.rkt 8) {position-swap} => miss
[info] mutation-analysis: #s(mutant #f t-graph.rkt 7) {begin-drop} => miss
mutation-analysis: #s(mutant #f t-graph.rkt 9) {position-swap} => hit
[info] mutation-analysis: #s(mutant #f t-graph.rkt 9) {position-swap} => hit
mutation-analysis: #s(mutant #f t-graph.rkt 12) {begin-drop} => miss
[info] mutation-analysis: #s(mutant #f t-graph.rkt 12) {begin-drop} => miss
mutation-analysis: #s(mutant #f t-graph.rkt 11) {boolean-op-swap} => hit
mutation-analysis: #s(mutant #f t-graph.rkt 10) {position-swap} => hit
[info] mutation-analysis: #s(mutant #f t-graph.rkt 11) {boolean-op-swap} => hit
[info] mutation-analysis: #s(mutant #f t-graph.rkt 10) {position-swap} => hit
mutation-analysis: #s(mutant #f t-graph.rkt 14) {begin-drop} => miss
mutation-analysis: #s(mutant #f t-graph.rkt 13) {begin-drop} => miss
[info] mutation-analysis: #s(mutant #f t-graph.rkt 14) {begin-drop} => miss
[info] mutation-analysis: #s(mutant #f t-graph.rkt 13) {begin-drop} => miss
mutation-analysis: #s(mutant #f t-graph.rkt 16) {begin-drop} => miss
mutation-analysis: #s(mutant #f t-graph.rkt 15) {begin-drop} => miss
[info] mutation-analysis: #s(mutant #f t-graph.rkt 16) {begin-drop} => miss
[info] mutation-analysis: #s(mutant #f t-graph.rkt 15) {begin-drop} => miss
mutation-analysis: #s(mutant #f t-graph.rkt 17) {begin-drop} => miss
[info] mutation-analysis: #s(mutant #f t-graph.rkt 17) {begin-drop} => miss
mutation-analysis: #s(mutant #f t-graph.rkt 18) {begin-drop} => hit
[info] mutation-analysis: #s(mutant #f t-graph.rkt 18) {begin-drop} => hit
mutation-analysis: #s(mutant #f t-graph.rkt 20) {position-swap} => miss
mutation-analysis: #s(mutant #f t-graph.rkt 19) {position-swap} => hit
[info] mutation-analysis: #s(mutant #f t-graph.rkt 20) {position-swap} => miss
[info] mutation-analysis: #s(mutant #f t-graph.rkt 19) {position-swap} => hit
mutation-analysis: #s(mutant #f t-graph.rkt 22) {position-swap} => hit
mutation-analysis: #s(mutant #f t-graph.rkt 21) {position-swap} => hit
[info] mutation-analysis: #s(mutant #f t-graph.rkt 22) {position-swap} => hit
[info] mutation-analysis: #s(mutant #f t-graph.rkt 21) {position-swap} => hit
mutation-analysis: #s(mutant #f t-graph.rkt 24) {position-swap} => miss
mutation-analysis: #s(mutant #f t-graph.rkt 23) {position-swap} => miss
[info] mutation-analysis: #s(mutant #f t-graph.rkt 24) {position-swap} => miss
[info] mutation-analysis: #s(mutant #f t-graph.rkt 23) {position-swap} => miss
mutation-analysis: #s(mutant #f t-graph.rkt 25) {position-swap} => miss
[info] mutation-analysis: #s(mutant #f t-graph.rkt 25) {position-swap} => miss
mutation-analysis: #s(mutant #f t-graph.rkt 28) {position-swap} => hit
mutation-analysis: #s(mutant #f t-graph.rkt 27) {position-swap} => hit
mutation-analysis: #s(mutant #f t-graph.rkt 26) {position-swap} => hit
[info] mutation-analysis: #s(mutant #f t-graph.rkt 28) {position-swap} => hit
[info] mutation-analysis: #s(mutant #f t-graph.rkt 27) {position-swap} => hit
[info] mutation-analysis: #s(mutant #f t-graph.rkt 26) {position-swap} => hit
mutation-analysis: #s(mutant #f t-graph.rkt 30) {position-swap} => hit
mutation-analysis: #s(mutant #f t-graph.rkt 29) {position-swap} => hit
[info] mutation-analysis: #s(mutant #f t-graph.rkt 30) {position-swap} => hit
[info] mutation-analysis: #s(mutant #f t-graph.rkt 29) {position-swap} => hit
mutation-analysis: #s(mutant #f t-graph.rkt 32) {position-swap} => hit
mutation-analysis: #s(mutant #f t-graph.rkt 31) {position-swap} => hit
[info] mutation-analysis: #s(mutant #f t-graph.rkt 32) {position-swap} => hit
[info] mutation-analysis: #s(mutant #f t-graph.rkt 31) {position-swap} => hit
mutation-analysis: #s(mutant #f t-graph.rkt 33) {position-swap} => hit
[info] mutation-analysis: #s(mutant #f t-graph.rkt 33) {position-swap} => hit
mutation-analysis: #s(mutant #f t-graph.rkt 37) {position-swap} => miss
mutation-analysis: #s(mutant #f t-graph.rkt 36) {position-swap} => miss
mutation-analysis: #s(mutant #f t-graph.rkt 35) {position-swap} => hit
mutation-analysis: #s(mutant #f t-graph.rkt 34) {position-swap} => miss
[info] mutation-analysis: #s(mutant #f t-graph.rkt 37) {position-swap} => miss
[info] mutation-analysis: #s(mutant #f t-graph.rkt 36) {position-swap} => miss
[info] mutation-analysis: #s(mutant #f t-graph.rkt 35) {position-swap} => hit
[info] mutation-analysis: #s(mutant #f t-graph.rkt 34) {position-swap} => miss
mutation-analysis: #s(mutant #f t-graph.rkt 40) {begin-drop} => miss
mutation-analysis: #s(mutant #f t-graph.rkt 39) {begin-drop} => miss
[info] mutation-analysis: #s(mutant #f t-graph.rkt 40) {begin-drop} => miss
[info] mutation-analysis: #s(mutant #f t-graph.rkt 39) {begin-drop} => miss
mutation-analysis: #s(mutant #f t-graph.rkt 38) {position-swap} => miss
[info] mutation-analysis: #s(mutant #f t-graph.rkt 38) {position-swap} => miss
mutation-analysis: #s(mutant #f t-graph.rkt 41) {position-swap} => miss
[info] mutation-analysis: #s(mutant #f t-graph.rkt 41) {position-swap} => miss
mutation-analysis: #s(mutant #f t-graph.rkt 46) {begin-drop} => miss
mutation-analysis: #s(mutant #f t-graph.rkt 45) {begin-drop} => miss
[info] mutation-analysis: #s(mutant #f t-graph.rkt 46) {begin-drop} => miss
[info] mutation-analysis: #s(mutant #f t-graph.rkt 45) {begin-drop} => miss
mutation-analysis: #s(mutant #f t-graph.rkt 44) {begin-drop} => miss
[info] mutation-analysis: #s(mutant #f t-graph.rkt 44) {begin-drop} => miss
mutation-analysis: #s(mutant #f t-graph.rkt 47) {begin-drop} => miss
[info] mutation-analysis: #s(mutant #f t-graph.rkt 47) {begin-drop} => miss
mutation-analysis: #s(mutant #f t-graph.rkt 43) {position-swap} => hit
mutation-analysis: #s(mutant #f t-graph.rkt 42) {position-swap} => hit
[info] mutation-analysis: #s(mutant #f t-graph.rkt 43) {position-swap} => hit
[info] mutation-analysis: #s(mutant #f t-graph.rkt 42) {position-swap} => hit
mutation-analysis: #s(mutant #f t-graph.rkt 48) {position-swap} => miss
[info] mutation-analysis: #s(mutant #f t-graph.rkt 48) {position-swap} => miss
mutation-analysis: #s(mutant #f t-graph.rkt 49) {position-swap} => miss
[info] mutation-analysis: #s(mutant #f t-graph.rkt 49) {position-swap} => miss
mutation-analysis: #s(mutant #f t-graph.rkt 54) {position-swap} => miss
mutation-analysis: #s(mutant #f t-graph.rkt 52) {position-swap} => hit
mutation-analysis: #s(mutant #f t-graph.rkt 51) {position-swap} => hit
[info] mutation-analysis: #s(mutant #f t-graph.rkt 54) {position-swap} => miss
[info] mutation-analysis: #s(mutant #f t-graph.rkt 52) {position-swap} => hit
[info] mutation-analysis: #s(mutant #f t-graph.rkt 51) {position-swap} => hit
mutation-analysis: #s(mutant #f t-graph.rkt 50) {position-swap} => hit
[info] mutation-analysis: #s(mutant #f t-graph.rkt 50) {position-swap} => hit
mutation-analysis: #s(mutant #f t-graph.rkt 53) {negate-conditional} => miss
[info] mutation-analysis: #s(mutant #f t-graph.rkt 53) {negate-conditional} => miss
mutation-analysis: #s(mutant #f t-graph.rkt 56) {position-swap} => miss
mutation-analysis: #s(mutant #f t-graph.rkt 55) {negate-conditional} => hit
[info] mutation-analysis: #s(mutant #f t-graph.rkt 56) {position-swap} => miss
[info] mutation-analysis: #s(mutant #f t-graph.rkt 55) {negate-conditional} => hit
mutation-analysis: #s(mutant #f t-graph.rkt 57) {position-swap} => hit
[info] mutation-analysis: #s(mutant #f t-graph.rkt 57) {position-swap} => hit
mutation-analysis: #s(mutant #f t-graph.rkt 58) {position-swap} => miss
[info] mutation-analysis: #s(mutant #f t-graph.rkt 58) {position-swap} => miss
mutation-analysis: #s(mutant #f t-graph.rkt 62) {position-swap} => miss
mutation-analysis: #s(mutant #f t-graph.rkt 61) {position-swap} => miss
mutation-analysis: #s(mutant #f t-graph.rkt 60) {position-swap} => miss
[info] mutation-analysis: #s(mutant #f t-graph.rkt 62) {position-swap} => miss
[info] mutation-analysis: #s(mutant #f t-graph.rkt 61) {position-swap} => miss
[info] mutation-analysis: #s(mutant #f t-graph.rkt 60) {position-swap} => miss
mutation-analysis: #s(mutant #f t-graph.rkt 59) {position-swap} => hit
[info] mutation-analysis: #s(mutant #f t-graph.rkt 59) {position-swap} => hit
mutation-analysis: #s(mutant #f t-graph.rkt 64) {position-swap} => hit
mutation-analysis: #s(mutant #f t-graph.rkt 63) {position-swap} => hit
[info] mutation-analysis: #s(mutant #f t-graph.rkt 64) {position-swap} => hit
[info] mutation-analysis: #s(mutant #f t-graph.rkt 63) {position-swap} => hit
mutation-analysis: #s(mutant #f t-graph.rkt 65) {position-swap} => hit
[info] mutation-analysis: #s(mutant #f t-graph.rkt 65) {position-swap} => hit
mutation-analysis: #s(mutant #f t-graph.rkt 66) {position-swap} => miss
[info] mutation-analysis: #s(mutant #f t-graph.rkt 66) {position-swap} => miss
mutation-analysis: #s(mutant #f t-graph.rkt 70) {position-swap} => miss
mutation-analysis: #s(mutant #f t-graph.rkt 69) {position-swap} => miss
mutation-analysis: #s(mutant #f t-graph.rkt 68) {class:publicity} => hit
mutation-analysis: #s(mutant #f t-graph.rkt 67) {position-swap} => miss
[info] mutation-analysis: #s(mutant #f t-graph.rkt 70) {position-swap} => miss
[info] mutation-analysis: #s(mutant #f t-graph.rkt 69) {position-swap} => miss
[info] mutation-analysis: #s(mutant #f t-graph.rkt 68) {class:publicity} => hit
[info] mutation-analysis: #s(mutant #f t-graph.rkt 67) {position-swap} => miss
mutation-analysis: #s(mutant #f t-graph.rkt 72) {position-swap} => miss
mutation-analysis: #s(mutant #f t-graph.rkt 71) {negate-conditional} => miss
[info] mutation-analysis: #s(mutant #f t-graph.rkt 72) {position-swap} => miss
[info] mutation-analysis: #s(mutant #f t-graph.rkt 71) {negate-conditional} => miss
mutation-analysis: #s(mutant #f t-graph.rkt 73) {position-swap} => miss
[info] mutation-analysis: #s(mutant #f t-graph.rkt 73) {position-swap} => miss
mutation-analysis: #s(mutant #f t-graph.rkt 76) {position-swap} => miss
mutation-analysis: #s(mutant #f t-graph.rkt 74) {constant-swap} => miss
[info] mutation-analysis: #s(mutant #f t-graph.rkt 76) {position-swap} => miss
[info] mutation-analysis: #s(mutant #f t-graph.rkt 74) {constant-swap} => miss
mutation-analysis: #s(mutant #f t-graph.rkt 78) {negate-conditional} => miss
mutation-analysis: #s(mutant #f t-graph.rkt 77) {position-swap} => miss
mutation-analysis: #s(mutant #f t-graph.rkt 75) {class:publicity} => hit
[info] mutation-analysis: #s(mutant #f t-graph.rkt 78) {negate-conditional} => miss
[info] mutation-analysis: #s(mutant #f t-graph.rkt 77) {position-swap} => miss
[info] mutation-analysis: #s(mutant #f t-graph.rkt 75) {class:publicity} => hit
mutation-analysis: #s(mutant #f t-graph.rkt 80) {boolean-op-swap} => miss
mutation-analysis: #s(mutant #f t-graph.rkt 79) {position-swap} => miss
[info] mutation-analysis: #s(mutant #f t-graph.rkt 80) {boolean-op-swap} => miss
[info] mutation-analysis: #s(mutant #f t-graph.rkt 79) {position-swap} => miss
mutation-analysis: #s(mutant #f t-graph.rkt 81) {class:publicity} => hit
[info] mutation-analysis: #s(mutant #f t-graph.rkt 81) {class:publicity} => hit
mutation-analysis: #s(mutant #f t-graph.rkt 83) {class:publicity} => hit
mutation-analysis: #s(mutant #f t-graph.rkt 82) {position-swap} => miss
[info] mutation-analysis: #s(mutant #f t-graph.rkt 83) {class:publicity} => hit
[info] mutation-analysis: #s(mutant #f t-graph.rkt 82) {position-swap} => miss
mutation-analysis: #s(mutant #f t-graph.rkt 86) {negate-conditional} => miss
mutation-analysis: #s(mutant #f t-graph.rkt 85) {position-swap} => miss
mutation-analysis: #s(mutant #f t-graph.rkt 84) {position-swap} => miss
[info] mutation-analysis: #s(mutant #f t-graph.rkt 86) {negate-conditional} => miss
[info] mutation-analysis: #s(mutant #f t-graph.rkt 85) {position-swap} => miss
[info] mutation-analysis: #s(mutant #f t-graph.rkt 84) {position-swap} => miss
mutation-analysis: #s(mutant #f t-graph.rkt 88) {position-swap} => miss
mutation-analysis: #s(mutant #f t-graph.rkt 87) {position-swap} => miss
[info] mutation-analysis: #s(mutant #f t-graph.rkt 88) {position-swap} => miss
[info] mutation-analysis: #s(mutant #f t-graph.rkt 87) {position-swap} => miss
mutation-analysis: #s(mutant #f t-graph.rkt 89) {position-swap} => miss
[info] mutation-analysis: #s(mutant #f t-graph.rkt 89) {position-swap} => miss
mutation-analysis: #s(mutant #f t-graph.rkt 91) {position-swap} => miss
mutation-analysis: #s(mutant #f t-graph.rkt 90) {position-swap} => miss
[info] mutation-analysis: #s(mutant #f t-graph.rkt 91) {position-swap} => miss
[info] mutation-analysis: #s(mutant #f t-graph.rkt 90) {position-swap} => miss
mutation-analysis: #s(mutant #f t-graph.rkt 94) {position-swap} => miss
mutation-analysis: #s(mutant #f t-graph.rkt 93) {position-swap} => miss
mutation-analysis: #s(mutant #f t-graph.rkt 92) {position-swap} => miss
[info] mutation-analysis: #s(mutant #f t-graph.rkt 94) {position-swap} => miss
[info] mutation-analysis: #s(mutant #f t-graph.rkt 93) {position-swap} => miss
[info] mutation-analysis: #s(mutant #f t-graph.rkt 92) {position-swap} => miss
mutation-analysis: #s(mutant #f t-graph.rkt 96) {position-swap} => miss
mutation-analysis: #s(mutant #f t-graph.rkt 95) {class:publicity} => miss
[info] mutation-analysis: #s(mutant #f t-graph.rkt 96) {position-swap} => miss
[info] mutation-analysis: #s(mutant #f t-graph.rkt 95) {class:publicity} => miss
mutation-analysis: #s(mutant #f t-graph.rkt 101) {position-swap} => miss
mutation-analysis: #s(mutant #f t-graph.rkt 97) {negate-conditional} => miss
[info] mutation-analysis: #s(mutant #f t-graph.rkt 101) {position-swap} => miss
[info] mutation-analysis: #s(mutant #f t-graph.rkt 97) {negate-conditional} => miss
mutation-analysis: #s(mutant #f t-graph.rkt 99) {position-swap} => miss
mutation-analysis: #s(mutant #f t-graph.rkt 98) {negate-conditional} => miss
[info] mutation-analysis: #s(mutant #f t-graph.rkt 99) {position-swap} => miss
[info] mutation-analysis: #s(mutant #f t-graph.rkt 98) {negate-conditional} => miss
mutation-analysis: #s(mutant #f t-graph.rkt 102) {position-swap} => miss
mutation-analysis: #s(mutant #f t-graph.rkt 100) {position-swap} => miss
[info] mutation-analysis: #s(mutant #f t-graph.rkt 102) {position-swap} => miss
[info] mutation-analysis: #s(mutant #f t-graph.rkt 100) {position-swap} => miss
mutation-analysis: #s(mutant #f t-graph.rkt 104) {position-swap} => miss
mutation-analysis: #s(mutant #f t-graph.rkt 103) {position-swap} => miss
[info] mutation-analysis: #s(mutant #f t-graph.rkt 104) {position-swap} => miss
[info] mutation-analysis: #s(mutant #f t-graph.rkt 103) {position-swap} => miss
mutation-analysis: #s(mutant #f t-view.rkt 0) {begin-drop} => miss
[info] mutation-analysis: #s(mutant #f t-view.rkt 0) {begin-drop} => miss
mutation-analysis: #s(mutant #f t-graph.rkt 106) {position-swap} => miss
mutation-analysis: #s(mutant #f t-graph.rkt 105) {position-swap} => miss
[info] mutation-analysis: #s(mutant #f t-graph.rkt 106) {position-swap} => miss
[info] mutation-analysis: #s(mutant #f t-graph.rkt 105) {position-swap} => miss
mutation-analysis: #s(mutant #f t-graph.rkt 107) {position-swap} => miss
[info] mutation-analysis: #s(mutant #f t-graph.rkt 107) {position-swap} => miss
mutation-analysis: #s(mutant #f t-view.rkt 2) {position-swap} => miss
[info] mutation-analysis: #s(mutant #f t-view.rkt 2) {position-swap} => miss
mutation-analysis: #s(mutant #f t-view.rkt 1) {position-swap} => miss
[info] mutation-analysis: #s(mutant #f t-view.rkt 1) {position-swap} => miss
mutation-analysis: #s(mutant #f t-view.rkt 4) {constant-swap} => hit
mutation-analysis: #s(mutant #f t-view.rkt 3) {constant-swap} => hit
[info] mutation-analysis: #s(mutant #f t-view.rkt 4) {constant-swap} => hit
[info] mutation-analysis: #s(mutant #f t-view.rkt 3) {constant-swap} => hit
mutation-analysis: #s(mutant #f t-view.rkt 5) {constant-swap} => hit
[info] mutation-analysis: #s(mutant #f t-view.rkt 5) {constant-swap} => hit
mutation-analysis: #s(mutant #f t-view.rkt 7) {constant-swap} => hit
mutation-analysis: #s(mutant #f t-view.rkt 6) {constant-swap} => hit
[info] mutation-analysis: #s(mutant #f t-view.rkt 7) {constant-swap} => hit
[info] mutation-analysis: #s(mutant #f t-view.rkt 6) {constant-swap} => hit
mutation-analysis: #s(mutant #f t-view.rkt 9) {constant-swap} => hit
mutation-analysis: #s(mutant #f t-view.rkt 8) {constant-swap} => hit
[info] mutation-analysis: #s(mutant #f t-view.rkt 9) {constant-swap} => hit
[info] mutation-analysis: #s(mutant #f t-view.rkt 8) {constant-swap} => hit
mutation-analysis: #s(mutant #f t-view.rkt 10) {constant-swap} => hit
[info] mutation-analysis: #s(mutant #f t-view.rkt 10) {constant-swap} => hit
mutation-analysis: #s(mutant #f t-view.rkt 12) {constant-swap} => hit
mutation-analysis: #s(mutant #f t-view.rkt 11) {constant-swap} => hit
[info] mutation-analysis: #s(mutant #f t-view.rkt 12) {constant-swap} => hit
[info] mutation-analysis: #s(mutant #f t-view.rkt 11) {constant-swap} => hit
mutation-analysis: #s(mutant #f t-view.rkt 13) {constant-swap} => hit
[info] mutation-analysis: #s(mutant #f t-view.rkt 13) {constant-swap} => hit
mutation-analysis: #s(mutant #f t-view.rkt 15) {position-swap} => miss
mutation-analysis: #s(mutant #f t-view.rkt 14) {constant-swap} => hit
[info] mutation-analysis: #s(mutant #f t-view.rkt 15) {position-swap} => miss
[info] mutation-analysis: #s(mutant #f t-view.rkt 14) {constant-swap} => hit
mutation-analysis: #s(mutant #f t-view.rkt 18) {negate-conditional} => miss
mutation-analysis: #s(mutant #f t-view.rkt 17) {position-swap} => miss
mutation-analysis: #s(mutant #f t-view.rkt 16) {class:publicity} => hit
[info] mutation-analysis: #s(mutant #f t-view.rkt 18) {negate-conditional} => miss
[info] mutation-analysis: #s(mutant #f t-view.rkt 17) {position-swap} => miss
[info] mutation-analysis: #s(mutant #f t-view.rkt 16) {class:publicity} => hit
mutation-analysis: #s(mutant #f t-view.rkt 20) {position-swap} => miss
mutation-analysis: #s(mutant #f t-view.rkt 19) {negate-conditional} => miss
[info] mutation-analysis: #s(mutant #f t-view.rkt 20) {position-swap} => miss
[info] mutation-analysis: #s(mutant #f t-view.rkt 19) {negate-conditional} => miss
mutation-analysis: #s(mutant #f t-view.rkt 21) {position-swap} => miss
[info] mutation-analysis: #s(mutant #f t-view.rkt 21) {position-swap} => miss
mutation-analysis: #s(mutant #f t-view.rkt 23) {constant-swap} => miss
mutation-analysis: #s(mutant #f t-view.rkt 22) {constant-swap} => miss
[info] mutation-analysis: #s(mutant #f t-view.rkt 23) {constant-swap} => miss
[info] mutation-analysis: #s(mutant #f t-view.rkt 22) {constant-swap} => miss
mutation-analysis: #s(mutant #f t-view.rkt 24) {position-swap} => miss
[info] mutation-analysis: #s(mutant #f t-view.rkt 24) {position-swap} => miss
mutation-analysis: #s(mutant #f t-view.rkt 26) {class:publicity} => hit
mutation-analysis: #s(mutant #f t-view.rkt 25) {position-swap} => miss
[info] mutation-analysis: #s(mutant #f t-view.rkt 26) {class:publicity} => hit
[info] mutation-analysis: #s(mutant #f t-view.rkt 25) {position-swap} => miss
mutation-analysis: #s(mutant #f t-view.rkt 28) {negate-conditional} => miss
mutation-analysis: #s(mutant #f t-view.rkt 27) {position-swap} => miss
[info] mutation-analysis: #s(mutant #f t-view.rkt 28) {negate-conditional} => miss
[info] mutation-analysis: #s(mutant #f t-view.rkt 27) {position-swap} => miss
mutation-analysis: #s(mutant #f t-view.rkt 29) {negate-conditional} => miss
[info] mutation-analysis: #s(mutant #f t-view.rkt 29) {negate-conditional} => miss
mutation-analysis: #s(mutant #f t-view.rkt 31) {position-swap} => miss
mutation-analysis: #s(mutant #f t-view.rkt 30) {position-swap} => miss
[info] mutation-analysis: #s(mutant #f t-view.rkt 31) {position-swap} => miss
[info] mutation-analysis: #s(mutant #f t-view.rkt 30) {position-swap} => miss
mutation-analysis: #s(mutant #f t-view.rkt 32) {constant-swap} => miss
[info] mutation-analysis: #s(mutant #f t-view.rkt 32) {constant-swap} => miss
mutation-analysis: #s(mutant #f t-view.rkt 34) {position-swap} => miss
mutation-analysis: #s(mutant #f t-view.rkt 33) {constant-swap} => miss
[info] mutation-analysis: #s(mutant #f t-view.rkt 34) {position-swap} => miss
[info] mutation-analysis: #s(mutant #f t-view.rkt 33) {constant-swap} => miss
mutation-analysis: #s(mutant #f t-view.rkt 37) {position-swap} => miss
mutation-analysis: #s(mutant #f t-view.rkt 36) {class:publicity} => hit
mutation-analysis: #s(mutant #f t-view.rkt 35) {position-swap} => miss
[info] mutation-analysis: #s(mutant #f t-view.rkt 37) {position-swap} => miss
[info] mutation-analysis: #s(mutant #f t-view.rkt 36) {class:publicity} => hit
[info] mutation-analysis: #s(mutant #f t-view.rkt 35) {position-swap} => miss
mutation-analysis: #s(mutant #f t-view.rkt 39) {position-swap} => miss
mutation-analysis: #s(mutant #f t-view.rkt 38) {position-swap} => miss
[info] mutation-analysis: #s(mutant #f t-view.rkt 39) {position-swap} => miss
[info] mutation-analysis: #s(mutant #f t-view.rkt 38) {position-swap} => miss
mutation-analysis: #s(mutant #f t-view.rkt 40) {negate-conditional} => miss
[info] mutation-analysis: #s(mutant #f t-view.rkt 40) {negate-conditional} => miss
mutation-analysis: #s(mutant #f t-view.rkt 42) {negate-conditional} => miss
mutation-analysis: #s(mutant #f t-view.rkt 41) {negate-conditional} => miss
[info] mutation-analysis: #s(mutant #f t-view.rkt 42) {negate-conditional} => miss
[info] mutation-analysis: #s(mutant #f t-view.rkt 41) {negate-conditional} => miss
mutation-analysis: #s(mutant #f t-view.rkt 45) {position-swap} => miss
mutation-analysis: #s(mutant #f t-view.rkt 44) {negate-conditional} => miss
mutation-analysis: #s(mutant #f t-view.rkt 43) {negate-conditional} => miss
[info] mutation-analysis: #s(mutant #f t-view.rkt 45) {position-swap} => miss
[info] mutation-analysis: #s(mutant #f t-view.rkt 44) {negate-conditional} => miss
[info] mutation-analysis: #s(mutant #f t-view.rkt 43) {negate-conditional} => miss
mutation-analysis: #s(mutant #f t-view.rkt 47) {position-swap} => miss
mutation-analysis: #s(mutant #f t-view.rkt 46) {boolean-op-swap} => miss
[info] mutation-analysis: #s(mutant #f t-view.rkt 47) {position-swap} => miss
[info] mutation-analysis: #s(mutant #f t-view.rkt 46) {boolean-op-swap} => miss
mutation-analysis: #s(mutant #f t-view.rkt 48) {position-swap} => miss
[info] mutation-analysis: #s(mutant #f t-view.rkt 48) {position-swap} => miss
mutation-analysis: #s(mutant #f t-view.rkt 50) {position-swap} => miss
mutation-analysis: #s(mutant #f t-view.rkt 49) {constant-swap} => miss
[info] mutation-analysis: #s(mutant #f t-view.rkt 50) {position-swap} => miss
[info] mutation-analysis: #s(mutant #f t-view.rkt 49) {constant-swap} => miss
mutation-analysis: #s(mutant #f t-view.rkt 55) {position-swap} => miss
[info] mutation-analysis: #s(mutant #f t-view.rkt 55) {position-swap} => miss
mutation-analysis: #s(mutant #f t-view.rkt 53) {position-swap} => miss
mutation-analysis: #s(mutant #f t-view.rkt 52) {position-swap} => miss
mutation-analysis: #s(mutant #f t-view.rkt 51) {position-swap} => miss
[info] mutation-analysis: #s(mutant #f t-view.rkt 53) {position-swap} => miss
[info] mutation-analysis: #s(mutant #f t-view.rkt 52) {position-swap} => miss
[info] mutation-analysis: #s(mutant #f t-view.rkt 51) {position-swap} => miss
mutation-analysis: #s(mutant #f t-view.rkt 54) {position-swap} => miss
[info] mutation-analysis: #s(mutant #f t-view.rkt 54) {position-swap} => miss
mutation-analysis: #s(mutant #f t-view.rkt 56) {position-swap} => miss
[info] mutation-analysis: #s(mutant #f t-view.rkt 56) {position-swap} => miss
mutation-analysis: #s(mutant #f t-view.rkt 58) {negate-conditional} => miss
mutation-analysis: #s(mutant #f t-view.rkt 57) {negate-conditional} => miss
[info] mutation-analysis: #s(mutant #f t-view.rkt 58) {negate-conditional} => miss
[info] mutation-analysis: #s(mutant #f t-view.rkt 57) {negate-conditional} => miss
mutation-analysis: #s(mutant #f t-view.rkt 62) {position-swap} => miss
[info] mutation-analysis: #s(mutant #f t-view.rkt 62) {position-swap} => miss
mutation-analysis: #s(mutant #f t-view.rkt 59) {position-swap} => miss
[info] mutation-analysis: #s(mutant #f t-view.rkt 59) {position-swap} => miss
mutation-analysis: #s(mutant #f t-view.rkt 61) {position-swap} => miss
mutation-analysis: #s(mutant #f t-view.rkt 60) {position-swap} => miss
[info] mutation-analysis: #s(mutant #f t-view.rkt 61) {position-swap} => miss
[info] mutation-analysis: #s(mutant #f t-view.rkt 60) {position-swap} => miss
mutation-analysis: #s(mutant #f t-view.rkt 63) {position-swap} => miss
[info] mutation-analysis: #s(mutant #f t-view.rkt 63) {position-swap} => miss
mutation-analysis: #s(mutant #f t-view.rkt 66) {position-swap} => miss
mutation-analysis: #s(mutant #f t-view.rkt 65) {position-swap} => miss
[info] mutation-analysis: #s(mutant #f t-view.rkt 66) {position-swap} => miss
[info] mutation-analysis: #s(mutant #f t-view.rkt 65) {position-swap} => miss
mutation-analysis: #s(mutant #f t-view.rkt 64) {constant-swap} => miss
[info] mutation-analysis: #s(mutant #f t-view.rkt 64) {constant-swap} => miss
mutation-analysis: #s(mutant #f t-view.rkt 70) {position-swap} => miss
mutation-analysis: #s(mutant #f t-view.rkt 67) {position-swap} => miss
[info] mutation-analysis: #s(mutant #f t-view.rkt 70) {position-swap} => miss
[info] mutation-analysis: #s(mutant #f t-view.rkt 67) {position-swap} => miss
mutation-analysis: #s(mutant #f t-view.rkt 68) {constant-swap} => miss
[info] mutation-analysis: #s(mutant #f t-view.rkt 68) {constant-swap} => miss
mutation-analysis: #s(mutant #f t-view.rkt 69) {class:publicity} => miss
[info] mutation-analysis: #s(mutant #f t-view.rkt 69) {class:publicity} => miss
mutation-analysis: #s(mutant #f t-view.rkt 72) {position-swap} => miss
mutation-analysis: #s(mutant #f t-view.rkt 71) {position-swap} => miss
[info] mutation-analysis: #s(mutant #f t-view.rkt 72) {position-swap} => miss
[info] mutation-analysis: #s(mutant #f t-view.rkt 71) {position-swap} => miss
mutation-analysis: #s(mutant #f t-view.rkt 73) {position-swap} => miss
[info] mutation-analysis: #s(mutant #f t-view.rkt 73) {position-swap} => miss
mutation-analysis: #s(mutant #f t-view.rkt 74) {class:publicity} => miss
[info] mutation-analysis: #s(mutant #f t-view.rkt 74) {class:publicity} => miss
mutation-analysis: #s(mutant #f t-view.rkt 76) {position-swap} => miss
[info] mutation-analysis: #s(mutant #f t-view.rkt 76) {position-swap} => miss
mutation-analysis: #s(mutant #f t-view.rkt 75) {class:publicity} => miss
[info] mutation-analysis: #s(mutant #f t-view.rkt 75) {class:publicity} => miss
mutation-analysis: #s(mutant #f t-view.rkt 77) {position-swap} => miss
[info] mutation-analysis: #s(mutant #f t-view.rkt 77) {position-swap} => miss
mutation-analysis: #s(mutant #f t-view.rkt 78) {position-swap} => miss
[info] mutation-analysis: #s(mutant #f t-view.rkt 78) {position-swap} => miss
mutation-analysis: #s(mutant #f t-view.rkt 80) {position-swap} => miss
mutation-analysis: #s(mutant #f t-view.rkt 79) {negate-conditional} => miss
[info] mutation-analysis: #s(mutant #f t-view.rkt 80) {position-swap} => miss
[info] mutation-analysis: #s(mutant #f t-view.rkt 79) {negate-conditional} => miss
mutation-analysis: #s(mutant #f t-view.rkt 82) {position-swap} => miss
[info] mutation-analysis: #s(mutant #f t-view.rkt 82) {position-swap} => miss
mutation-analysis: #s(mutant #f t-view.rkt 83) {position-swap} => miss
mutation-analysis: #s(mutant #f t-view.rkt 81) {position-swap} => miss
[info] mutation-analysis: #s(mutant #f t-view.rkt 83) {position-swap} => miss
[info] mutation-analysis: #s(mutant #f t-view.rkt 81) {position-swap} => miss
mutation-analysis: #s(mutant #f t-view.rkt 84) {position-swap} => miss
[info] mutation-analysis: #s(mutant #f t-view.rkt 84) {position-swap} => miss
mutation-analysis: #s(mutant #f t-view.rkt 85) {negate-conditional} => miss
[info] mutation-analysis: #s(mutant #f t-view.rkt 85) {negate-conditional} => miss
mutation-analysis: #s(mutant #f t-view.rkt 86) {negate-conditional} => miss
[info] mutation-analysis: #s(mutant #f t-view.rkt 86) {negate-conditional} => miss
mutation-analysis: #s(mutant #f t-view.rkt 88) {position-swap} => miss
mutation-analysis: #s(mutant #f t-view.rkt 87) {position-swap} => miss
[info] mutation-analysis: #s(mutant #f t-view.rkt 88) {position-swap} => miss
[info] mutation-analysis: #s(mutant #f t-view.rkt 87) {position-swap} => miss
mutation-analysis: #s(mutant #f t-view.rkt 89) {position-swap} => miss
[info] mutation-analysis: #s(mutant #f t-view.rkt 89) {position-swap} => miss
mutation-analysis: #s(mutant #f t-view.rkt 91) {position-swap} => miss
mutation-analysis: #s(mutant #f t-view.rkt 90) {position-swap} => miss
[info] mutation-analysis: #s(mutant #f t-view.rkt 91) {position-swap} => miss
[info] mutation-analysis: #s(mutant #f t-view.rkt 90) {position-swap} => miss
mutation-analysis: #s(mutant #f t-view.rkt 92) {position-swap} => miss
[info] mutation-analysis: #s(mutant #f t-view.rkt 92) {position-swap} => miss
mutation-analysis: #s(mutant #f t-view.rkt 93) {position-swap} => miss
[info] mutation-analysis: #s(mutant #f t-view.rkt 93) {position-swap} => miss
mutation-analysis: Mutation analysis complete.
#hash((fail
       .
       #hash((begin-drop . 33)
             (boolean-op-swap . 4)
             (class:publicity . 4)
             (comparison-op-swap . 4)
             (constant-swap . 84)
             (negate-conditional . 24)
             (position-swap . 150)))
      (success
       .
       #hash((begin-drop . 1)
             (boolean-op-swap . 1)
             (class:publicity . 7)
             (constant-swap . 20)
             (negate-conditional . 1)
             (position-swap . 25)))
      (total . 358))
mutation-analysis: Beginning one mutation analysis.
[info] mutation-analysis: Beginning one mutation analysis.
mutation-analysis: Configured mutatable modules: ("data.rkt" "helpers.rkt" "main.rkt" "run-t.rkt" "t-graph.rkt" "t-view.rkt")
[info] mutation-analysis: Configured mutatable modules: ("data.rkt" "helpers.rkt" "main.rkt" "run-t.rkt" "t-graph.rkt" "t-view.rkt")
mutation-analysis: Mutation analysis complete.
#hash((fail
       .
       #hash((begin-drop . 33)
             (boolean-op-swap . 4)
             (class:publicity . 4)
             (comparison-op-swap . 4)
             (constant-swap . 84)
             (negate-conditional . 24)
             (position-swap . 150)))
      (success
       .
       #hash((begin-drop . 1)
             (boolean-op-swap . 1)
             (class:publicity . 7)
             (constant-swap . 20)
             (negate-conditional . 1)
             (position-swap . 25)))
      (total . 358))
