mutation-analysis: Beginning one mutation analysis.
[info] mutation-analysis: Beginning one mutation analysis.
mutation-analysis: Configured mutatable modules: ("levenshtein.rkt" "main.rkt" "morse-code-strings.rkt" "morse-code-table.rkt")
[info] mutation-analysis: Configured mutatable modules: ("levenshtein.rkt" "main.rkt" "morse-code-strings.rkt" "morse-code-table.rkt")
mutation-analysis: #s(mutant #f levenshtein.rkt 4) {begin-drop} => miss
mutation-analysis: #s(mutant #f levenshtein.rkt 3) {begin-drop} => miss
mutation-analysis: #s(mutant #f levenshtein.rkt 2) {begin-drop} => miss
[info] mutation-analysis: #s(mutant #f levenshtein.rkt 4) {begin-drop} => miss
[info] mutation-analysis: #s(mutant #f levenshtein.rkt 3) {begin-drop} => miss
[info] mutation-analysis: #s(mutant #f levenshtein.rkt 2) {begin-drop} => miss
mutation-analysis: #s(mutant #f levenshtein.rkt 1) {begin-drop} => miss
mutation-analysis: #s(mutant #f levenshtein.rkt 0) {begin-drop} => miss
[info] mutation-analysis: #s(mutant #f levenshtein.rkt 1) {begin-drop} => miss
[info] mutation-analysis: #s(mutant #f levenshtein.rkt 0) {begin-drop} => miss
mutation-analysis: Beginning one mutation analysis.
[info] mutation-analysis: Beginning one mutation analysis.
mutation-analysis: Configured mutatable modules: ("levenshtein.rkt" "main.rkt" "morse-code-strings.rkt" "morse-code-table.rkt")
[info] mutation-analysis: Configured mutatable modules: ("levenshtein.rkt" "main.rkt" "morse-code-strings.rkt" "morse-code-table.rkt")
mutation-analysis: #s(mutant #f levenshtein.rkt 12) {constant-swap} => miss
mutation-analysis: #s(mutant #f levenshtein.rkt 11) {constant-swap} => miss
mutation-analysis: #s(mutant #f levenshtein.rkt 10) {constant-swap} => miss
mutation-analysis: #s(mutant #f levenshtein.rkt 9) {constant-swap} => miss
mutation-analysis: #s(mutant #f levenshtein.rkt 8) {arithmetic-op-swap} => miss
[info] mutation-analysis: #s(mutant #f levenshtein.rkt 12) {constant-swap} => miss
[info] mutation-analysis: #s(mutant #f levenshtein.rkt 11) {constant-swap} => miss
[info] mutation-analysis: #s(mutant #f levenshtein.rkt 10) {constant-swap} => miss
[info] mutation-analysis: #s(mutant #f levenshtein.rkt 9) {constant-swap} => miss
[info] mutation-analysis: #s(mutant #f levenshtein.rkt 8) {arithmetic-op-swap} => miss
mutation-analysis: #s(mutant #f levenshtein.rkt 7) {position-swap} => miss
mutation-analysis: #s(mutant #f levenshtein.rkt 6) {negate-conditional} => miss
mutation-analysis: #s(mutant #f levenshtein.rkt 5) {negate-conditional} => miss
[info] mutation-analysis: #s(mutant #f levenshtein.rkt 7) {position-swap} => miss
[info] mutation-analysis: #s(mutant #f levenshtein.rkt 6) {negate-conditional} => miss
[info] mutation-analysis: #s(mutant #f levenshtein.rkt 5) {negate-conditional} => miss
mutation-analysis: #s(mutant #f levenshtein.rkt 20) {arithmetic-op-swap} => miss
mutation-analysis: #s(mutant #f levenshtein.rkt 19) {position-swap} => miss
mutation-analysis: #s(mutant #f levenshtein.rkt 18) {boolean-op-swap} => miss
mutation-analysis: #s(mutant #f levenshtein.rkt 17) {position-swap} => miss
[info] mutation-analysis: #s(mutant #f levenshtein.rkt 20) {arithmetic-op-swap} => miss
[info] mutation-analysis: #s(mutant #f levenshtein.rkt 19) {position-swap} => miss
[info] mutation-analysis: #s(mutant #f levenshtein.rkt 18) {boolean-op-swap} => miss
[info] mutation-analysis: #s(mutant #f levenshtein.rkt 17) {position-swap} => miss
mutation-analysis: #s(mutant #f levenshtein.rkt 16) {position-swap} => miss
mutation-analysis: #s(mutant #f levenshtein.rkt 15) {constant-swap} => miss
mutation-analysis: #s(mutant #f levenshtein.rkt 14) {constant-swap} => miss
mutation-analysis: #s(mutant #f levenshtein.rkt 13) {constant-swap} => miss
[info] mutation-analysis: #s(mutant #f levenshtein.rkt 16) {position-swap} => miss
[info] mutation-analysis: #s(mutant #f levenshtein.rkt 15) {constant-swap} => miss
[info] mutation-analysis: #s(mutant #f levenshtein.rkt 14) {constant-swap} => miss
[info] mutation-analysis: #s(mutant #f levenshtein.rkt 13) {constant-swap} => miss
mutation-analysis: #s(mutant #f levenshtein.rkt 28) {constant-swap} => miss
mutation-analysis: #s(mutant #f levenshtein.rkt 27) {constant-swap} => miss
mutation-analysis: #s(mutant #f levenshtein.rkt 26) {constant-swap} => miss
mutation-analysis: #s(mutant #f levenshtein.rkt 25) {constant-swap} => miss
mutation-analysis: #s(mutant #f levenshtein.rkt 24) {constant-swap} => miss
[info] mutation-analysis: #s(mutant #f levenshtein.rkt 28) {constant-swap} => miss
[info] mutation-analysis: #s(mutant #f levenshtein.rkt 27) {constant-swap} => miss
[info] mutation-analysis: #s(mutant #f levenshtein.rkt 26) {constant-swap} => miss
[info] mutation-analysis: #s(mutant #f levenshtein.rkt 25) {constant-swap} => miss
[info] mutation-analysis: #s(mutant #f levenshtein.rkt 24) {constant-swap} => miss
mutation-analysis: #s(mutant #f levenshtein.rkt 23) {constant-swap} => miss
mutation-analysis: #s(mutant #f levenshtein.rkt 22) {constant-swap} => miss
mutation-analysis: #s(mutant #f levenshtein.rkt 21) {constant-swap} => miss
[info] mutation-analysis: #s(mutant #f levenshtein.rkt 23) {constant-swap} => miss
[info] mutation-analysis: #s(mutant #f levenshtein.rkt 22) {constant-swap} => miss
[info] mutation-analysis: #s(mutant #f levenshtein.rkt 21) {constant-swap} => miss
mutation-analysis: #s(mutant #f levenshtein.rkt 30) {position-swap} => miss
[info] mutation-analysis: #s(mutant #f levenshtein.rkt 30) {position-swap} => miss
mutation-analysis: #s(mutant #f levenshtein.rkt 36) {constant-swap} => miss
mutation-analysis: #s(mutant #f levenshtein.rkt 35) {constant-swap} => miss
mutation-analysis: #s(mutant #f levenshtein.rkt 34) {constant-swap} => miss
mutation-analysis: #s(mutant #f levenshtein.rkt 33) {position-swap} => miss
mutation-analysis: #s(mutant #f levenshtein.rkt 32) {comparison-op-swap} => miss
[info] mutation-analysis: #s(mutant #f levenshtein.rkt 36) {constant-swap} => miss
[info] mutation-analysis: #s(mutant #f levenshtein.rkt 35) {constant-swap} => miss
[info] mutation-analysis: #s(mutant #f levenshtein.rkt 34) {constant-swap} => miss
[info] mutation-analysis: #s(mutant #f levenshtein.rkt 33) {position-swap} => miss
[info] mutation-analysis: #s(mutant #f levenshtein.rkt 32) {comparison-op-swap} => miss
mutation-analysis: #s(mutant #f levenshtein.rkt 31) {comparison-op-swap} => miss
mutation-analysis: #s(mutant #f levenshtein.rkt 29) {negate-conditional} => miss
[info] mutation-analysis: #s(mutant #f levenshtein.rkt 31) {comparison-op-swap} => miss
[info] mutation-analysis: #s(mutant #f levenshtein.rkt 29) {negate-conditional} => miss
mutation-analysis: #s(mutant #f levenshtein.rkt 37) {position-swap} => miss
[info] mutation-analysis: #s(mutant #f levenshtein.rkt 37) {position-swap} => miss
mutation-analysis: #s(mutant #f levenshtein.rkt 42) {constant-swap} => miss
mutation-analysis: #s(mutant #f levenshtein.rkt 40) {constant-swap} => miss
mutation-analysis: #s(mutant #f levenshtein.rkt 39) {constant-swap} => miss
mutation-analysis: #s(mutant #f levenshtein.rkt 38) {arithmetic-op-swap} => miss
[info] mutation-analysis: #s(mutant #f levenshtein.rkt 42) {constant-swap} => miss
[info] mutation-analysis: #s(mutant #f levenshtein.rkt 40) {constant-swap} => miss
[info] mutation-analysis: #s(mutant #f levenshtein.rkt 39) {constant-swap} => miss
[info] mutation-analysis: #s(mutant #f levenshtein.rkt 38) {arithmetic-op-swap} => miss
mutation-analysis: #s(mutant #f levenshtein.rkt 44) {negate-conditional} => miss
mutation-analysis: #s(mutant #f levenshtein.rkt 43) {constant-swap} => miss
mutation-analysis: #s(mutant #f levenshtein.rkt 41) {constant-swap} => miss
[info] mutation-analysis: #s(mutant #f levenshtein.rkt 44) {negate-conditional} => miss
[info] mutation-analysis: #s(mutant #f levenshtein.rkt 43) {constant-swap} => miss
[info] mutation-analysis: #s(mutant #f levenshtein.rkt 41) {constant-swap} => miss
mutation-analysis: #s(mutant #f levenshtein.rkt 45) {position-swap} => miss
[info] mutation-analysis: #s(mutant #f levenshtein.rkt 45) {position-swap} => miss
mutation-analysis: #s(mutant #f levenshtein.rkt 49) {begin-drop} => miss
mutation-analysis: #s(mutant #f levenshtein.rkt 48) {begin-drop} => miss
mutation-analysis: #s(mutant #f levenshtein.rkt 47) {comparison-op-swap} => miss
mutation-analysis: #s(mutant #f levenshtein.rkt 46) {comparison-op-swap} => miss
[info] mutation-analysis: #s(mutant #f levenshtein.rkt 49) {begin-drop} => miss
[info] mutation-analysis: #s(mutant #f levenshtein.rkt 48) {begin-drop} => miss
[info] mutation-analysis: #s(mutant #f levenshtein.rkt 47) {comparison-op-swap} => miss
[info] mutation-analysis: #s(mutant #f levenshtein.rkt 46) {comparison-op-swap} => miss
mutation-analysis: #s(mutant #f levenshtein.rkt 52) {position-swap} => miss
mutation-analysis: #s(mutant #f levenshtein.rkt 51) {position-swap} => miss
mutation-analysis: #s(mutant #f levenshtein.rkt 50) {position-swap} => miss
[info] mutation-analysis: #s(mutant #f levenshtein.rkt 52) {position-swap} => miss
[info] mutation-analysis: #s(mutant #f levenshtein.rkt 51) {position-swap} => miss
[info] mutation-analysis: #s(mutant #f levenshtein.rkt 50) {position-swap} => miss
mutation-analysis: #s(mutant #f levenshtein.rkt 53) {arithmetic-op-swap} => miss
[info] mutation-analysis: #s(mutant #f levenshtein.rkt 53) {arithmetic-op-swap} => miss
mutation-analysis: #s(mutant #f levenshtein.rkt 58) {constant-swap} => miss
mutation-analysis: #s(mutant #f levenshtein.rkt 57) {constant-swap} => miss
mutation-analysis: #s(mutant #f levenshtein.rkt 56) {constant-swap} => miss
mutation-analysis: #s(mutant #f levenshtein.rkt 55) {constant-swap} => miss
mutation-analysis: #s(mutant #f levenshtein.rkt 54) {constant-swap} => miss
[info] mutation-analysis: #s(mutant #f levenshtein.rkt 58) {constant-swap} => miss
[info] mutation-analysis: #s(mutant #f levenshtein.rkt 57) {constant-swap} => miss
[info] mutation-analysis: #s(mutant #f levenshtein.rkt 56) {constant-swap} => miss
[info] mutation-analysis: #s(mutant #f levenshtein.rkt 55) {constant-swap} => miss
[info] mutation-analysis: #s(mutant #f levenshtein.rkt 54) {constant-swap} => miss
mutation-analysis: #s(mutant #f levenshtein.rkt 61) {begin-drop} => miss
mutation-analysis: #s(mutant #f levenshtein.rkt 60) {begin-drop} => miss
mutation-analysis: #s(mutant #f levenshtein.rkt 59) {begin-drop} => miss
[info] mutation-analysis: #s(mutant #f levenshtein.rkt 61) {begin-drop} => miss
[info] mutation-analysis: #s(mutant #f levenshtein.rkt 60) {begin-drop} => miss
[info] mutation-analysis: #s(mutant #f levenshtein.rkt 59) {begin-drop} => miss
mutation-analysis: #s(mutant #f levenshtein.rkt 66) {constant-swap} => miss
mutation-analysis: #s(mutant #f levenshtein.rkt 65) {arithmetic-op-swap} => miss
mutation-analysis: #s(mutant #f levenshtein.rkt 64) {position-swap} => miss
mutation-analysis: #s(mutant #f levenshtein.rkt 63) {position-swap} => miss
[info] mutation-analysis: #s(mutant #f levenshtein.rkt 66) {constant-swap} => miss
[info] mutation-analysis: #s(mutant #f levenshtein.rkt 65) {arithmetic-op-swap} => miss
[info] mutation-analysis: #s(mutant #f levenshtein.rkt 64) {position-swap} => miss
[info] mutation-analysis: #s(mutant #f levenshtein.rkt 63) {position-swap} => miss
mutation-analysis: #s(mutant #f levenshtein.rkt 62) {position-swap} => miss
[info] mutation-analysis: #s(mutant #f levenshtein.rkt 62) {position-swap} => miss
mutation-analysis: #s(mutant #f levenshtein.rkt 69) {constant-swap} => miss
mutation-analysis: #s(mutant #f levenshtein.rkt 68) {constant-swap} => miss
mutation-analysis: #s(mutant #f levenshtein.rkt 67) {constant-swap} => miss
[info] mutation-analysis: #s(mutant #f levenshtein.rkt 69) {constant-swap} => miss
[info] mutation-analysis: #s(mutant #f levenshtein.rkt 68) {constant-swap} => miss
[info] mutation-analysis: #s(mutant #f levenshtein.rkt 67) {constant-swap} => miss
mutation-analysis: #s(mutant #f levenshtein.rkt 74) {constant-swap} => miss
mutation-analysis: #s(mutant #f levenshtein.rkt 73) {arithmetic-op-swap} => miss
mutation-analysis: #s(mutant #f levenshtein.rkt 72) {position-swap} => miss
mutation-analysis: #s(mutant #f levenshtein.rkt 71) {position-swap} => miss
[info] mutation-analysis: #s(mutant #f levenshtein.rkt 74) {constant-swap} => miss
[info] mutation-analysis: #s(mutant #f levenshtein.rkt 73) {arithmetic-op-swap} => miss
[info] mutation-analysis: #s(mutant #f levenshtein.rkt 72) {position-swap} => miss
[info] mutation-analysis: #s(mutant #f levenshtein.rkt 71) {position-swap} => miss
mutation-analysis: #s(mutant #f levenshtein.rkt 70) {constant-swap} => miss
[info] mutation-analysis: #s(mutant #f levenshtein.rkt 70) {constant-swap} => miss
mutation-analysis: #s(mutant #f levenshtein.rkt 77) {constant-swap} => miss
mutation-analysis: #s(mutant #f levenshtein.rkt 76) {constant-swap} => miss
mutation-analysis: #s(mutant #f levenshtein.rkt 75) {constant-swap} => miss
[info] mutation-analysis: #s(mutant #f levenshtein.rkt 77) {constant-swap} => miss
[info] mutation-analysis: #s(mutant #f levenshtein.rkt 76) {constant-swap} => miss
[info] mutation-analysis: #s(mutant #f levenshtein.rkt 75) {constant-swap} => miss
mutation-analysis: #s(mutant #f levenshtein.rkt 82) {constant-swap} => miss
mutation-analysis: #s(mutant #f levenshtein.rkt 81) {constant-swap} => miss
mutation-analysis: #s(mutant #f levenshtein.rkt 80) {arithmetic-op-swap} => miss
mutation-analysis: #s(mutant #f levenshtein.rkt 79) {position-swap} => miss
mutation-analysis: #s(mutant #f levenshtein.rkt 78) {constant-swap} => miss
[info] mutation-analysis: #s(mutant #f levenshtein.rkt 82) {constant-swap} => miss
[info] mutation-analysis: #s(mutant #f levenshtein.rkt 81) {constant-swap} => miss
[info] mutation-analysis: #s(mutant #f levenshtein.rkt 80) {arithmetic-op-swap} => miss
[info] mutation-analysis: #s(mutant #f levenshtein.rkt 79) {position-swap} => miss
[info] mutation-analysis: #s(mutant #f levenshtein.rkt 78) {constant-swap} => miss
mutation-analysis: #s(mutant #f levenshtein.rkt 85) {constant-swap} => miss
mutation-analysis: #s(mutant #f levenshtein.rkt 84) {constant-swap} => miss
mutation-analysis: #s(mutant #f levenshtein.rkt 83) {constant-swap} => miss
[info] mutation-analysis: #s(mutant #f levenshtein.rkt 85) {constant-swap} => miss
[info] mutation-analysis: #s(mutant #f levenshtein.rkt 84) {constant-swap} => miss
[info] mutation-analysis: #s(mutant #f levenshtein.rkt 83) {constant-swap} => miss
mutation-analysis: #s(mutant #f levenshtein.rkt 87) {position-swap} => miss
[info] mutation-analysis: #s(mutant #f levenshtein.rkt 87) {position-swap} => miss
mutation-analysis: #s(mutant #f levenshtein.rkt 92) {constant-swap} => miss
mutation-analysis: #s(mutant #f levenshtein.rkt 91) {arithmetic-op-swap} => miss
mutation-analysis: #s(mutant #f levenshtein.rkt 90) {position-swap} => miss
mutation-analysis: #s(mutant #f levenshtein.rkt 89) {position-swap} => miss
[info] mutation-analysis: #s(mutant #f levenshtein.rkt 92) {constant-swap} => miss
[info] mutation-analysis: #s(mutant #f levenshtein.rkt 91) {arithmetic-op-swap} => miss
[info] mutation-analysis: #s(mutant #f levenshtein.rkt 90) {position-swap} => miss
[info] mutation-analysis: #s(mutant #f levenshtein.rkt 89) {position-swap} => miss
mutation-analysis: #s(mutant #f levenshtein.rkt 88) {position-swap} => miss
mutation-analysis: #s(mutant #f levenshtein.rkt 86) {negate-conditional} => miss
[info] mutation-analysis: #s(mutant #f levenshtein.rkt 88) {position-swap} => miss
[info] mutation-analysis: #s(mutant #f levenshtein.rkt 86) {negate-conditional} => miss
mutation-analysis: #s(mutant #f levenshtein.rkt 93) {constant-swap} => miss
[info] mutation-analysis: #s(mutant #f levenshtein.rkt 93) {constant-swap} => miss
mutation-analysis: #s(mutant #f levenshtein.rkt 94) {constant-swap} => miss
[info] mutation-analysis: #s(mutant #f levenshtein.rkt 94) {constant-swap} => miss
mutation-analysis: #s(mutant #f levenshtein.rkt 99) {position-swap} => miss
mutation-analysis: #s(mutant #f levenshtein.rkt 96) {constant-swap} => miss
mutation-analysis: #s(mutant #f levenshtein.rkt 95) {constant-swap} => miss
[info] mutation-analysis: #s(mutant #f levenshtein.rkt 99) {position-swap} => miss
[info] mutation-analysis: #s(mutant #f levenshtein.rkt 96) {constant-swap} => miss
[info] mutation-analysis: #s(mutant #f levenshtein.rkt 95) {constant-swap} => miss
mutation-analysis: #s(mutant #f levenshtein.rkt 101) {arithmetic-op-swap} => miss
mutation-analysis: #s(mutant #f levenshtein.rkt 100) {position-swap} => miss
mutation-analysis: #s(mutant #f levenshtein.rkt 98) {position-swap} => miss
mutation-analysis: #s(mutant #f levenshtein.rkt 97) {position-swap} => miss
[info] mutation-analysis: #s(mutant #f levenshtein.rkt 101) {arithmetic-op-swap} => miss
[info] mutation-analysis: #s(mutant #f levenshtein.rkt 100) {position-swap} => miss
[info] mutation-analysis: #s(mutant #f levenshtein.rkt 98) {position-swap} => miss
[info] mutation-analysis: #s(mutant #f levenshtein.rkt 97) {position-swap} => miss
mutation-analysis: #s(mutant #f levenshtein.rkt 107) {begin-drop} => miss
mutation-analysis: #s(mutant #f levenshtein.rkt 102) {constant-swap} => miss
[info] mutation-analysis: #s(mutant #f levenshtein.rkt 107) {begin-drop} => miss
[info] mutation-analysis: #s(mutant #f levenshtein.rkt 102) {constant-swap} => miss
mutation-analysis: #s(mutant #f levenshtein.rkt 110) {begin-drop} => miss
mutation-analysis: #s(mutant #f levenshtein.rkt 105) {constant-swap} => miss
mutation-analysis: #s(mutant #f levenshtein.rkt 104) {constant-swap} => miss
mutation-analysis: #s(mutant #f levenshtein.rkt 103) {constant-swap} => miss
[info] mutation-analysis: #s(mutant #f levenshtein.rkt 110) {begin-drop} => miss
[info] mutation-analysis: #s(mutant #f levenshtein.rkt 105) {constant-swap} => miss
[info] mutation-analysis: #s(mutant #f levenshtein.rkt 104) {constant-swap} => miss
[info] mutation-analysis: #s(mutant #f levenshtein.rkt 103) {constant-swap} => miss
mutation-analysis: #s(mutant #f levenshtein.rkt 114) {begin-drop} => miss
mutation-analysis: #s(mutant #f levenshtein.rkt 112) {begin-drop} => miss
mutation-analysis: #s(mutant #f levenshtein.rkt 109) {position-swap} => miss
mutation-analysis: #s(mutant #f levenshtein.rkt 108) {position-swap} => miss
[info] mutation-analysis: #s(mutant #f levenshtein.rkt 114) {begin-drop} => miss
[info] mutation-analysis: #s(mutant #f levenshtein.rkt 112) {begin-drop} => miss
[info] mutation-analysis: #s(mutant #f levenshtein.rkt 109) {position-swap} => miss
[info] mutation-analysis: #s(mutant #f levenshtein.rkt 108) {position-swap} => miss
mutation-analysis: #s(mutant #f levenshtein.rkt 106) {constant-swap} => miss
[info] mutation-analysis: #s(mutant #f levenshtein.rkt 106) {constant-swap} => miss
mutation-analysis: #s(mutant #f levenshtein.rkt 118) {begin-drop} => miss
mutation-analysis: #s(mutant #f levenshtein.rkt 116) {begin-drop} => miss
mutation-analysis: #s(mutant #f levenshtein.rkt 111) {position-swap} => miss
[info] mutation-analysis: #s(mutant #f levenshtein.rkt 118) {begin-drop} => miss
[info] mutation-analysis: #s(mutant #f levenshtein.rkt 116) {begin-drop} => miss
[info] mutation-analysis: #s(mutant #f levenshtein.rkt 111) {position-swap} => miss
mutation-analysis: #s(mutant #f levenshtein.rkt 122) {begin-drop} => miss
mutation-analysis: #s(mutant #f levenshtein.rkt 115) {position-swap} => miss
mutation-analysis: #s(mutant #f levenshtein.rkt 113) {position-swap} => miss
[info] mutation-analysis: #s(mutant #f levenshtein.rkt 122) {begin-drop} => miss
[info] mutation-analysis: #s(mutant #f levenshtein.rkt 115) {position-swap} => miss
[info] mutation-analysis: #s(mutant #f levenshtein.rkt 113) {position-swap} => miss
mutation-analysis: #s(mutant #f levenshtein.rkt 126) {begin-drop} => miss
mutation-analysis: #s(mutant #f levenshtein.rkt 124) {begin-drop} => miss
mutation-analysis: #s(mutant #f levenshtein.rkt 120) {negate-conditional} => miss
mutation-analysis: #s(mutant #f levenshtein.rkt 119) {negate-conditional} => miss
[info] mutation-analysis: #s(mutant #f levenshtein.rkt 126) {begin-drop} => miss
[info] mutation-analysis: #s(mutant #f levenshtein.rkt 124) {begin-drop} => miss
[info] mutation-analysis: #s(mutant #f levenshtein.rkt 120) {negate-conditional} => miss
[info] mutation-analysis: #s(mutant #f levenshtein.rkt 119) {negate-conditional} => miss
mutation-analysis: #s(mutant #f levenshtein.rkt 117) {position-swap} => miss
[info] mutation-analysis: #s(mutant #f levenshtein.rkt 117) {position-swap} => miss
mutation-analysis: #s(mutant #f levenshtein.rkt 130) {begin-drop} => miss
mutation-analysis: #s(mutant #f levenshtein.rkt 128) {begin-drop} => miss
mutation-analysis: #s(mutant #f levenshtein.rkt 123) {position-swap} => miss
mutation-analysis: #s(mutant #f levenshtein.rkt 121) {position-swap} => miss
[info] mutation-analysis: #s(mutant #f levenshtein.rkt 130) {begin-drop} => miss
[info] mutation-analysis: #s(mutant #f levenshtein.rkt 128) {begin-drop} => miss
[info] mutation-analysis: #s(mutant #f levenshtein.rkt 123) {position-swap} => miss
[info] mutation-analysis: #s(mutant #f levenshtein.rkt 121) {position-swap} => miss
mutation-analysis: #s(mutant #f levenshtein.rkt 134) {begin-drop} => miss
mutation-analysis: #s(mutant #f levenshtein.rkt 125) {position-swap} => miss
[info] mutation-analysis: #s(mutant #f levenshtein.rkt 134) {begin-drop} => miss
[info] mutation-analysis: #s(mutant #f levenshtein.rkt 125) {position-swap} => miss
mutation-analysis: #s(mutant #f levenshtein.rkt 131) {negate-conditional} => miss
mutation-analysis: #s(mutant #f levenshtein.rkt 129) {position-swap} => miss
mutation-analysis: #s(mutant #f levenshtein.rkt 127) {position-swap} => miss
[info] mutation-analysis: #s(mutant #f levenshtein.rkt 131) {negate-conditional} => miss
[info] mutation-analysis: #s(mutant #f levenshtein.rkt 129) {position-swap} => miss
[info] mutation-analysis: #s(mutant #f levenshtein.rkt 127) {position-swap} => miss
mutation-analysis: #s(mutant #f levenshtein.rkt 138) {begin-drop} => miss
mutation-analysis: #s(mutant #f levenshtein.rkt 135) {negate-conditional} => miss
mutation-analysis: #s(mutant #f levenshtein.rkt 133) {position-swap} => miss
[info] mutation-analysis: #s(mutant #f levenshtein.rkt 138) {begin-drop} => miss
[info] mutation-analysis: #s(mutant #f levenshtein.rkt 135) {negate-conditional} => miss
[info] mutation-analysis: #s(mutant #f levenshtein.rkt 133) {position-swap} => miss
mutation-analysis: #s(mutant #f levenshtein.rkt 132) {negate-conditional} => miss
[info] mutation-analysis: #s(mutant #f levenshtein.rkt 132) {negate-conditional} => miss
mutation-analysis: #s(mutant #f levenshtein.rkt 137) {position-swap} => miss
mutation-analysis: #s(mutant #f levenshtein.rkt 136) {negate-conditional} => miss
[info] mutation-analysis: #s(mutant #f levenshtein.rkt 137) {position-swap} => miss
[info] mutation-analysis: #s(mutant #f levenshtein.rkt 136) {negate-conditional} => miss
mutation-analysis: #s(mutant #f levenshtein.rkt 140) {negate-conditional} => miss
mutation-analysis: #s(mutant #f levenshtein.rkt 139) {negate-conditional} => miss
[info] mutation-analysis: #s(mutant #f levenshtein.rkt 140) {negate-conditional} => miss
[info] mutation-analysis: #s(mutant #f levenshtein.rkt 139) {negate-conditional} => miss
mutation-analysis: #s(mutant #f levenshtein.rkt 144) {position-swap} => miss
mutation-analysis: #s(mutant #f levenshtein.rkt 143) {boolean-op-swap} => miss
mutation-analysis: #s(mutant #f levenshtein.rkt 142) {position-swap} => miss
mutation-analysis: #s(mutant #f levenshtein.rkt 141) {negate-conditional} => miss
[info] mutation-analysis: #s(mutant #f levenshtein.rkt 144) {position-swap} => miss
[info] mutation-analysis: #s(mutant #f levenshtein.rkt 143) {boolean-op-swap} => miss
[info] mutation-analysis: #s(mutant #f levenshtein.rkt 142) {position-swap} => miss
[info] mutation-analysis: #s(mutant #f levenshtein.rkt 141) {negate-conditional} => miss
mutation-analysis: #s(mutant #f levenshtein.rkt 146) {boolean-op-swap} => miss
mutation-analysis: #s(mutant #f levenshtein.rkt 145) {position-swap} => miss
[info] mutation-analysis: #s(mutant #f levenshtein.rkt 146) {boolean-op-swap} => miss
[info] mutation-analysis: #s(mutant #f levenshtein.rkt 145) {position-swap} => miss
mutation-analysis: #s(mutant #f levenshtein.rkt 148) {position-swap} => miss
mutation-analysis: #s(mutant #f levenshtein.rkt 147) {position-swap} => miss
[info] mutation-analysis: #s(mutant #f levenshtein.rkt 148) {position-swap} => miss
[info] mutation-analysis: #s(mutant #f levenshtein.rkt 147) {position-swap} => miss
mutation-analysis: #s(mutant #f main.rkt 0) {constant-swap} => hit
mutation-analysis: #s(mutant #f levenshtein.rkt 151) {constant-swap} => miss
mutation-analysis: #s(mutant #f levenshtein.rkt 150) {position-swap} => miss
mutation-analysis: #s(mutant #f levenshtein.rkt 149) {boolean-op-swap} => miss
[info] mutation-analysis: #s(mutant #f main.rkt 0) {constant-swap} => hit
[info] mutation-analysis: #s(mutant #f levenshtein.rkt 151) {constant-swap} => miss
[info] mutation-analysis: #s(mutant #f levenshtein.rkt 150) {position-swap} => miss
[info] mutation-analysis: #s(mutant #f levenshtein.rkt 149) {boolean-op-swap} => miss
mutation-analysis: #s(mutant #f main.rkt 2) {begin-drop} => miss
mutation-analysis: #s(mutant #f main.rkt 1) {constant-swap} => hit
[info] mutation-analysis: #s(mutant #f main.rkt 2) {begin-drop} => miss
[info] mutation-analysis: #s(mutant #f main.rkt 1) {constant-swap} => hit
mutation-analysis: #s(mutant #f main.rkt 4) {position-swap} => miss
mutation-analysis: #s(mutant #f main.rkt 3) {begin-drop} => miss
[info] mutation-analysis: #s(mutant #f main.rkt 4) {position-swap} => miss
[info] mutation-analysis: #s(mutant #f main.rkt 3) {begin-drop} => miss
mutation-analysis: #s(mutant #f main.rkt 8) {constant-swap} => miss
mutation-analysis: #s(mutant #f main.rkt 7) {constant-swap} => hit
mutation-analysis: #s(mutant #f main.rkt 6) {constant-swap} => hit
mutation-analysis: #s(mutant #f main.rkt 5) {position-swap} => miss
[info] mutation-analysis: #s(mutant #f main.rkt 8) {constant-swap} => miss
[info] mutation-analysis: #s(mutant #f main.rkt 7) {constant-swap} => hit
[info] mutation-analysis: #s(mutant #f main.rkt 6) {constant-swap} => hit
[info] mutation-analysis: #s(mutant #f main.rkt 5) {position-swap} => miss
mutation-analysis: #s(mutant #f main.rkt 10) {constant-swap} => hit
mutation-analysis: #s(mutant #f main.rkt 9) {constant-swap} => hit
[info] mutation-analysis: #s(mutant #f main.rkt 10) {constant-swap} => hit
[info] mutation-analysis: #s(mutant #f main.rkt 9) {constant-swap} => hit
mutation-analysis: #s(mutant #f main.rkt 12) {position-swap} => miss
mutation-analysis: #s(mutant #f main.rkt 11) {position-swap} => hit
[info] mutation-analysis: #s(mutant #f main.rkt 12) {position-swap} => miss
[info] mutation-analysis: #s(mutant #f main.rkt 11) {position-swap} => hit
mutation-analysis: #s(mutant #f main.rkt 16) {constant-swap} => hit
mutation-analysis: #s(mutant #f main.rkt 15) {constant-swap} => miss
mutation-analysis: #s(mutant #f main.rkt 14) {constant-swap} => hit
mutation-analysis: #s(mutant #f main.rkt 13) {constant-swap} => hit
[info] mutation-analysis: #s(mutant #f main.rkt 16) {constant-swap} => hit
[info] mutation-analysis: #s(mutant #f main.rkt 15) {constant-swap} => miss
[info] mutation-analysis: #s(mutant #f main.rkt 14) {constant-swap} => hit
[info] mutation-analysis: #s(mutant #f main.rkt 13) {constant-swap} => hit
mutation-analysis: #s(mutant #f main.rkt 18) {constant-swap} => miss
mutation-analysis: #s(mutant #f main.rkt 17) {constant-swap} => hit
[info] mutation-analysis: #s(mutant #f main.rkt 18) {constant-swap} => miss
[info] mutation-analysis: #s(mutant #f main.rkt 17) {constant-swap} => hit
mutation-analysis: #s(mutant #f main.rkt 20) {begin-drop} => miss
mutation-analysis: #s(mutant #f main.rkt 19) {constant-swap} => miss
[info] mutation-analysis: #s(mutant #f main.rkt 20) {begin-drop} => miss
[info] mutation-analysis: #s(mutant #f main.rkt 19) {constant-swap} => miss
mutation-analysis: #s(mutant #f morse-code-strings.rkt 2) {position-swap} => miss
mutation-analysis: #s(mutant #f morse-code-strings.rkt 1) {begin-drop} => miss
mutation-analysis: #s(mutant #f morse-code-strings.rkt 0) {begin-drop} => miss
[info] mutation-analysis: #s(mutant #f morse-code-strings.rkt 2) {position-swap} => miss
[info] mutation-analysis: #s(mutant #f morse-code-strings.rkt 1) {begin-drop} => miss
[info] mutation-analysis: #s(mutant #f morse-code-strings.rkt 0) {begin-drop} => miss
mutation-analysis: #s(mutant #f main.rkt 21) {position-swap} => miss
[info] mutation-analysis: #s(mutant #f main.rkt 21) {position-swap} => miss
mutation-analysis: #s(mutant #f morse-code-strings.rkt 4) {constant-swap} => miss
mutation-analysis: #s(mutant #f morse-code-strings.rkt 3) {position-swap} => miss
[info] mutation-analysis: #s(mutant #f morse-code-strings.rkt 4) {constant-swap} => miss
[info] mutation-analysis: #s(mutant #f morse-code-strings.rkt 3) {position-swap} => miss
mutation-analysis: #s(mutant #f morse-code-strings.rkt 6) {negate-conditional} => miss
mutation-analysis: #s(mutant #f morse-code-strings.rkt 5) {constant-swap} => miss
[info] mutation-analysis: #s(mutant #f morse-code-strings.rkt 6) {negate-conditional} => miss
[info] mutation-analysis: #s(mutant #f morse-code-strings.rkt 5) {constant-swap} => miss
mutation-analysis: #s(mutant #f morse-code-strings.rkt 10) {position-swap} => miss
mutation-analysis: #s(mutant #f morse-code-strings.rkt 9) {constant-swap} => miss
mutation-analysis: #s(mutant #f morse-code-strings.rkt 8) {constant-swap} => miss
mutation-analysis: #s(mutant #f morse-code-strings.rkt 7) {position-swap} => miss
[info] mutation-analysis: #s(mutant #f morse-code-strings.rkt 10) {position-swap} => miss
[info] mutation-analysis: #s(mutant #f morse-code-strings.rkt 9) {constant-swap} => miss
[info] mutation-analysis: #s(mutant #f morse-code-strings.rkt 8) {constant-swap} => miss
[info] mutation-analysis: #s(mutant #f morse-code-strings.rkt 7) {position-swap} => miss
mutation-analysis: #s(mutant #f morse-code-strings.rkt 12) {constant-swap} => miss
mutation-analysis: #s(mutant #f morse-code-strings.rkt 11) {position-swap} => miss
[info] mutation-analysis: #s(mutant #f morse-code-strings.rkt 12) {constant-swap} => miss
[info] mutation-analysis: #s(mutant #f morse-code-strings.rkt 11) {position-swap} => miss
mutation-analysis: #s(mutant #f morse-code-strings.rkt 14) {constant-swap} => miss
mutation-analysis: #s(mutant #f morse-code-strings.rkt 13) {constant-swap} => miss
[info] mutation-analysis: #s(mutant #f morse-code-strings.rkt 14) {constant-swap} => miss
[info] mutation-analysis: #s(mutant #f morse-code-strings.rkt 13) {constant-swap} => miss
mutation-analysis: #s(mutant #f morse-code-strings.rkt 18) {position-swap} => miss
mutation-analysis: #s(mutant #f morse-code-strings.rkt 17) {begin-drop} => miss
mutation-analysis: #s(mutant #f morse-code-strings.rkt 16) {begin-drop} => miss
[info] mutation-analysis: #s(mutant #f morse-code-strings.rkt 18) {position-swap} => miss
[info] mutation-analysis: #s(mutant #f morse-code-strings.rkt 17) {begin-drop} => miss
[info] mutation-analysis: #s(mutant #f morse-code-strings.rkt 16) {begin-drop} => miss
mutation-analysis: #s(mutant #f morse-code-strings.rkt 15) {constant-swap} => miss
[info] mutation-analysis: #s(mutant #f morse-code-strings.rkt 15) {constant-swap} => miss
mutation-analysis: #s(mutant #f morse-code-table.rkt 2) {begin-drop} => miss
[info] mutation-analysis: #s(mutant #f morse-code-table.rkt 2) {begin-drop} => miss
mutation-analysis: #s(mutant #f morse-code-table.rkt 0) {constant-swap} => hit
mutation-analysis: #s(mutant #f morse-code-strings.rkt 19) {position-swap} => miss
[info] mutation-analysis: #s(mutant #f morse-code-table.rkt 0) {constant-swap} => hit
[info] mutation-analysis: #s(mutant #f morse-code-strings.rkt 19) {position-swap} => miss
mutation-analysis: #s(mutant #f morse-code-table.rkt 1) {position-swap} => hit
[info] mutation-analysis: #s(mutant #f morse-code-table.rkt 1) {position-swap} => hit
mutation-analysis: #s(mutant #f morse-code-table.rkt 6) {position-swap} => miss
mutation-analysis: #s(mutant #f morse-code-table.rkt 5) {position-swap} => hit
mutation-analysis: #s(mutant #f morse-code-table.rkt 4) {position-swap} => hit
[info] mutation-analysis: #s(mutant #f morse-code-table.rkt 6) {position-swap} => miss
[info] mutation-analysis: #s(mutant #f morse-code-table.rkt 5) {position-swap} => hit
[info] mutation-analysis: #s(mutant #f morse-code-table.rkt 4) {position-swap} => hit
mutation-analysis: #s(mutant #f morse-code-table.rkt 3) {position-swap} => hit
[info] mutation-analysis: #s(mutant #f morse-code-table.rkt 3) {position-swap} => hit
mutation-analysis: #s(mutant #f morse-code-table.rkt 9) {constant-swap} => hit
mutation-analysis: #s(mutant #f morse-code-table.rkt 8) {constant-swap} => hit
mutation-analysis: #s(mutant #f morse-code-table.rkt 7) {constant-swap} => hit
[info] mutation-analysis: #s(mutant #f morse-code-table.rkt 9) {constant-swap} => hit
[info] mutation-analysis: #s(mutant #f morse-code-table.rkt 8) {constant-swap} => hit
[info] mutation-analysis: #s(mutant #f morse-code-table.rkt 7) {constant-swap} => hit
mutation-analysis: #s(mutant #f morse-code-table.rkt 14) {position-swap} => miss
mutation-analysis: #s(mutant #f morse-code-table.rkt 10) {position-swap} => hit
[info] mutation-analysis: #s(mutant #f morse-code-table.rkt 14) {position-swap} => miss
[info] mutation-analysis: #s(mutant #f morse-code-table.rkt 10) {position-swap} => hit
mutation-analysis: #s(mutant #f morse-code-table.rkt 13) {constant-swap} => hit
mutation-analysis: #s(mutant #f morse-code-table.rkt 12) {constant-swap} => hit
mutation-analysis: #s(mutant #f morse-code-table.rkt 11) {position-swap} => hit
[info] mutation-analysis: #s(mutant #f morse-code-table.rkt 13) {constant-swap} => hit
[info] mutation-analysis: #s(mutant #f morse-code-table.rkt 12) {constant-swap} => hit
[info] mutation-analysis: #s(mutant #f morse-code-table.rkt 11) {position-swap} => hit
mutation-analysis: #s(mutant #f morse-code-table.rkt 17) {negate-conditional} => hit
mutation-analysis: #s(mutant #f morse-code-table.rkt 16) {position-swap} => miss
mutation-analysis: #s(mutant #f morse-code-table.rkt 15) {position-swap} => hit
[info] mutation-analysis: #s(mutant #f morse-code-table.rkt 17) {negate-conditional} => hit
[info] mutation-analysis: #s(mutant #f morse-code-table.rkt 16) {position-swap} => miss
[info] mutation-analysis: #s(mutant #f morse-code-table.rkt 15) {position-swap} => hit
mutation-analysis: #s(mutant #f morse-code-table.rkt 19) {boolean-op-swap} => miss
mutation-analysis: #s(mutant #f morse-code-table.rkt 18) {position-swap} => miss
[info] mutation-analysis: #s(mutant #f morse-code-table.rkt 19) {boolean-op-swap} => miss
[info] mutation-analysis: #s(mutant #f morse-code-table.rkt 18) {position-swap} => miss
mutation-analysis: #s(mutant #f morse-code-table.rkt 22) {constant-swap} => miss
mutation-analysis: #s(mutant #f morse-code-table.rkt 21) {position-swap} => miss
mutation-analysis: #s(mutant #f morse-code-table.rkt 20) {position-swap} => hit
[info] mutation-analysis: #s(mutant #f morse-code-table.rkt 22) {constant-swap} => miss
[info] mutation-analysis: #s(mutant #f morse-code-table.rkt 21) {position-swap} => miss
[info] mutation-analysis: #s(mutant #f morse-code-table.rkt 20) {position-swap} => hit
mutation-analysis: #s(mutant #f morse-code-table.rkt 25) {position-swap} => miss
mutation-analysis: #s(mutant #f morse-code-table.rkt 24) {constant-swap} => miss
mutation-analysis: #s(mutant #f morse-code-table.rkt 23) {constant-swap} => miss
[info] mutation-analysis: #s(mutant #f morse-code-table.rkt 25) {position-swap} => miss
[info] mutation-analysis: #s(mutant #f morse-code-table.rkt 24) {constant-swap} => miss
[info] mutation-analysis: #s(mutant #f morse-code-table.rkt 23) {constant-swap} => miss
mutation-analysis: #s(mutant #f morse-code-table.rkt 27) {position-swap} => hit
mutation-analysis: #s(mutant #f morse-code-table.rkt 26) {constant-swap} => miss
[info] mutation-analysis: #s(mutant #f morse-code-table.rkt 27) {position-swap} => hit
[info] mutation-analysis: #s(mutant #f morse-code-table.rkt 26) {constant-swap} => miss
mutation-analysis: #s(mutant #f morse-code-table.rkt 30) {boolean-op-swap} => miss
mutation-analysis: #s(mutant #f morse-code-table.rkt 29) {position-swap} => miss
mutation-analysis: #s(mutant #f morse-code-table.rkt 28) {negate-conditional} => hit
[info] mutation-analysis: #s(mutant #f morse-code-table.rkt 30) {boolean-op-swap} => miss
[info] mutation-analysis: #s(mutant #f morse-code-table.rkt 29) {position-swap} => miss
[info] mutation-analysis: #s(mutant #f morse-code-table.rkt 28) {negate-conditional} => hit
mutation-analysis: #s(mutant #f morse-code-table.rkt 33) {constant-swap} => miss
mutation-analysis: #s(mutant #f morse-code-table.rkt 32) {position-swap} => miss
mutation-analysis: #s(mutant #f morse-code-table.rkt 31) {position-swap} => hit
[info] mutation-analysis: #s(mutant #f morse-code-table.rkt 33) {constant-swap} => miss
[info] mutation-analysis: #s(mutant #f morse-code-table.rkt 32) {position-swap} => miss
[info] mutation-analysis: #s(mutant #f morse-code-table.rkt 31) {position-swap} => hit
mutation-analysis: Mutation analysis complete.
#hash((fail
       .
       #hash((arithmetic-op-swap . 9)
             (begin-drop . 31)
             [info] mutation-analysis: Mutation analysis complete.
(boolean-op-swap . 6)
             (comparison-op-swap . 4)
             (constant-swap . 71)
             (negate-conditional . 15)
             (position-swap . 63)))
      (success
       .
       #hash((constant-swap . 16)
             (negate-conditional . 2)
             (position-swap . 11)))
      (total . 228))
mutation-analysis: Beginning one mutation analysis.
[info] mutation-analysis: Beginning one mutation analysis.
mutation-analysis: Configured mutatable modules: ("levenshtein.rkt" "main.rkt" "morse-code-strings.rkt" "morse-code-table.rkt")
[info] mutation-analysis: Configured mutatable modules: ("levenshtein.rkt" "main.rkt" "morse-code-strings.rkt" "morse-code-table.rkt")
mutation-analysis: Mutation analysis complete.
#hash((fail
       .
       #hash((arithmetic-op-swap . 9)
             (begin-drop . 31)
             (boolean-op-swap . 6)
             (comparison-op-swap . 4)
             (constant-swap . 71)
             (negate-conditional . 15)
             (position-swap . 63)))
      (success
       .
       #hash((constant-swap . 16)
             (negate-conditional . 2)
             (position-swap . 11)))
      (total . 228))
mutation-analysis: Beginning one mutation analysis.
[info] mutation-analysis: Beginning one mutation analysis.
mutation-analysis: Configured mutatable modules: ("levenshtein.rkt" "main.rkt" "morse-code-strings.rkt" "morse-code-table.rkt")
[info] mutation-analysis: Configured mutatable modules: ("levenshtein.rkt" "main.rkt" "morse-code-strings.rkt" "morse-code-table.rkt")
mutation-analysis: Mutation analysis complete.
#hash((fail
       .
       #hash((arithmetic-op-swap . 9)
             (begin-drop . 31)
             (boolean-op-swap . 6)
             (comparison-op-swap . 4)
             (constant-swap . 71)
             (negate-conditional . 15)
             (position-swap . 63)))
      (success
       .
       #hash((constant-swap . 16)
             (negate-conditional . 2)
             (position-swap . 11)))
      (total . 228))
mutation-analysis: Beginning one mutation analysis.
[info] mutation-analysis: Beginning one mutation analysis.
mutation-analysis: Configured mutatable modules: ("levenshtein.rkt" "main.rkt" "morse-code-strings.rkt" "morse-code-table.rkt")
[info] mutation-analysis: Configured mutatable modules: ("levenshtein.rkt" "main.rkt" "morse-code-strings.rkt" "morse-code-table.rkt")
mutation-analysis: Mutation analysis complete.
#hash((fail
       .
       #hash((arithmetic-op-swap . 9)
             (begin-drop . 31)
             (boolean-op-swap . 6)
             (comparison-op-swap . 4)
             (constant-swap . 71)
             (negate-conditional . 15)
             (position-swap . 63)))
      (success
       .
       #hash((constant-swap . 16)
             (negate-conditional . 2)
             (position-swap . 11)))
      (total . 228))
mutation-analysis: Beginning one mutation analysis.
[info] mutation-analysis: Beginning one mutation analysis.
mutation-analysis: Configured mutatable modules: ("levenshtein.rkt" "main.rkt" "morse-code-strings.rkt" "morse-code-table.rkt")
[info] mutation-analysis: Configured mutatable modules: ("levenshtein.rkt" "main.rkt" "morse-code-strings.rkt" "morse-code-table.rkt")
mutation-analysis: Mutation analysis complete.
#hash((fail
       .
       #hash((arithmetic-op-swap . 9)
             (begin-drop . 31)
             (boolean-op-swap . 6)
             (comparison-op-swap . 4)
             (constant-swap . 71)
             (negate-conditional . 15)
             (position-swap . 63)))
      (success
       .
       #hash((constant-swap . 16)
             (negate-conditional . 2)
             [info] mutation-analysis: Mutation analysis complete.
(position-swap . 11)))
      (total . 228))
mutation-analysis: Beginning one mutation analysis.
[info] mutation-analysis: Beginning one mutation analysis.
mutation-analysis: Configured mutatable modules: ("levenshtein.rkt" "main.rkt" "morse-code-strings.rkt" "morse-code-table.rkt")
[info] mutation-analysis: Configured mutatable modules: ("levenshtein.rkt" "main.rkt" "morse-code-strings.rkt" "morse-code-table.rkt")
mutation-analysis: Mutation analysis complete.
#hash((fail
       .
       #hash((arithmetic-op-swap . 9)
             (begin-drop . 31)
             (boolean-op-swap . 6)
             (comparison-op-swap . 4)
             (constant-swap . 71)
             (negate-conditional . 15)
             (position-swap . 63)))
      (success
       .
       #hash((constant-swap . 16)
             (negate-conditional . 2)
             (position-swap . 11)))
      (total . 228))
mutation-analysis: Beginning one mutation analysis.
[info] mutation-analysis: Beginning one mutation analysis.
mutation-analysis: Configured mutatable modules: ("levenshtein.rkt" "main.rkt" "morse-code-strings.rkt" "morse-code-table.rkt")
[info] mutation-analysis: Configured mutatable modules: ("levenshtein.rkt" "main.rkt" "morse-code-strings.rkt" "morse-code-table.rkt")
mutation-analysis: Mutation analysis complete.
#hash((fail
       .
       #hash((arithmetic-op-swap . 9)
             (begin-drop . 31)
             (boolean-op-swap . 6)
             (comparison-op-swap . 4)
             (constant-swap . 71)
             (negate-conditional . 15)
             (position-swap . 63)))
      (success
       .
       #hash([info] mutation-analysis: Mutation analysis complete.
(constant-swap . 16)
             (negate-conditional . 2)
             (position-swap . 11)))
      (total . 228))
