(("forth" "command.rkt" 4) #f "begin-drop")
(("forth" "command.rkt" 0) #f "begin-drop")
(("forth" "command.rkt" 7) #f "position-swap")
(("forth" "command.rkt" 6) #f "boolean-op-swap")
(("forth" "command.rkt" 5) #f "position-swap")
(("forth" "command.rkt" 3) #f "position-swap")
(("forth" "command.rkt" 2) #f "position-swap")
(("forth" "command.rkt" 1) #f "begin-drop")
(("forth" "command.rkt" 8) (runtime-error blamed) "position-swap")
(("forth" "command.rkt" 13) #f "position-swap")
(("forth" "command.rkt" 9) #f "position-swap")
(("forth" "command.rkt" 15) #f "position-swap")
(("forth" "command.rkt" 14) #f "position-swap")
(("forth" "command.rkt" 12) #f "position-swap")
(("forth" "command.rkt" 11) #f "negate-conditional")
(("forth" "command.rkt" 10) #f "negate-conditional")
(("forth" "command.rkt" 16) #f "position-swap")
(("forth" "command.rkt" 17) #f "constant-swap")
(("forth" "command.rkt" 18) #f "constant-swap")
(("forth" "command.rkt" 23) #f "position-swap")
(("forth" "command.rkt" 22) #f "position-swap")
(("forth" "command.rkt" 21) #f "position-swap")
(("forth" "command.rkt" 20) #f "constant-swap")
(("forth" "command.rkt" 19) #f "constant-swap")
(("forth" "command.rkt" 25) #f "position-swap")
(("forth" "command.rkt" 24) #f "position-swap")
(("forth" "command.rkt" 27) #f "position-swap")
(("forth" "command.rkt" 26) #f "position-swap")
(("forth" "command.rkt" 31) #f "negate-conditional")
(("forth" "command.rkt" 30) #f "position-swap")
(("forth" "command.rkt" 29) #f "constant-swap")
(("forth" "command.rkt" 28) #f "position-swap")
(("forth" "command.rkt" 33) #f "boolean-op-swap")
(("forth" "command.rkt" 32) #f "position-swap")
(("forth" "command.rkt" 35) #f "boolean-op-swap")
(("forth" "command.rkt" 34) #f "position-swap")
(("forth" "command.rkt" 40) #f "position-swap")
(("forth" "command.rkt" 39) #f "constant-swap")
(("forth" "command.rkt" 38) #f "constant-swap")
(("forth" "command.rkt" 37) #f "boolean-op-swap")
(("forth" "command.rkt" 36) #f "position-swap")
(("forth" "command.rkt" 41) #f "position-swap")
(("forth" "command.rkt" 43) #f "position-swap")
(("forth" "command.rkt" 42) #f "constant-swap")
(("forth" "command.rkt" 44) #f "negate-conditional")
(("forth" "command.rkt" 48) #f "boolean-op-swap")
(("forth" "command.rkt" 47) #f "position-swap")
(("forth" "command.rkt" 46) #f "position-swap")
(("forth" "command.rkt" 45) #f "negate-conditional")
(("forth" "command.rkt" 49) #f "position-swap")
(("forth" "command.rkt" 51) #f "position-swap")
(("forth" "command.rkt" 50) #f "position-swap")
(("forth" "command.rkt" 52) #f "boolean-op-swap")
(("forth" "command.rkt" 59) #f "position-swap")
(("forth" "command.rkt" 56) #f "position-swap")
(("forth" "command.rkt" 55) #f "boolean-op-swap")
(("forth" "command.rkt" 54) #f "position-swap")
(("forth" "command.rkt" 53) #f "position-swap")
(("forth" "command.rkt" 57) #f "constant-swap")
(("forth" "command.rkt" 65) #f "position-swap")
(("forth" "command.rkt" 62) #f "position-swap")
(("forth" "command.rkt" 58) #f "constant-swap")
(("forth" "command.rkt" 60) #f "arithmetic-op-swap")
(("forth" "command.rkt" 68) #f "position-swap")
(("forth" "command.rkt" 64) #f "constant-swap")
(("forth" "command.rkt" 63) #f "arithmetic-op-swap")
(("forth" "command.rkt" 61) #f "constant-swap")
(("forth" "command.rkt" 70) #f "position-swap")
(("forth" "command.rkt" 66) #f "arithmetic-op-swap")
(("forth" "command.rkt" 74) #f "position-swap")
(("forth" "command.rkt" 73) #f "constant-swap")
(("forth" "command.rkt" 72) #f "position-swap")
(("forth" "command.rkt" 71) #f "constant-swap")
(("forth" "command.rkt" 69) #f "constant-swap")
(("forth" "command.rkt" 67) #f "constant-swap")
(("forth" "command.rkt" 76) #f "position-swap")
(("forth" "command.rkt" 75) #f "constant-swap")
(("forth" "command.rkt" 82) #f "position-swap")
(("forth" "command.rkt" 78) #f "position-swap")
(("forth" "command.rkt" 77) #f "constant-swap")
(("forth" "command.rkt" 84) #f "position-swap")
(("forth" "command.rkt" 87) #f "position-swap")
(("forth" "command.rkt" 81) #f "position-swap")
(("forth" "command.rkt" 80) #f "constant-swap")
(("forth" "command.rkt" 79) #f "position-swap")
(("forth" "command.rkt" 83) #f "position-swap")
(("forth" "command.rkt" 92) #f "position-swap")
(("forth" "command.rkt" 88) #f "position-swap")
(("forth" "command.rkt" 86) #f "position-swap")
(("forth" "command.rkt" 85) #f "position-swap")
(("forth" "command.rkt" 96) #f "position-swap")
(("forth" "command.rkt" 91) #f "constant-swap")
(("forth" "command.rkt" 90) #f "constant-swap")
(("forth" "command.rkt" 89) #f "position-swap")
(("forth" "command.rkt" 93) #f "position-swap")
(("forth" "command.rkt" 101) #f "begin-drop")
(("forth" "command.rkt" 97) #f "position-swap")
(("forth" "command.rkt" 95) #f "position-swap")
(("forth" "command.rkt" 94) #f "constant-swap")
(("forth" "command.rkt" 100) #f "constant-swap")
(("forth" "command.rkt" 99) #f "constant-swap")
(("forth" "command.rkt" 98) #f "position-swap")
(("forth" "command.rkt" 102) #f "position-swap")
(("forth" "command.rkt" 109) #f "begin-drop")
(("forth" "command.rkt" 106) #f "position-swap")
(("forth" "command.rkt" 105) #f "position-swap")
(("forth" "command.rkt" 104) #f "position-swap")
(("forth" "command.rkt" 103) #f "boolean-op-swap")
(("forth" "command.rkt" 110) #f "position-swap")
(("forth" "command.rkt" 113) #f "position-swap")
(("forth" "command.rkt" 108) #f "constant-swap")
(("forth" "command.rkt" 107) #f "constant-swap")
(("forth" "command.rkt" 116) #f "begin-drop")
(("forth" "command.rkt" 115) #f "constant-swap")
(("forth" "command.rkt" 114) #f "constant-swap")
(("forth" "command.rkt" 112) #f "position-swap")
(("forth" "command.rkt" 111) #f "negate-conditional")
(("forth" "command.rkt" 124) #f "begin-drop")
(("forth" "command.rkt" 119) #f "position-swap")
(("forth" "command.rkt" 118) #f "boolean-op-swap")
(("forth" "command.rkt" 117) #f "position-swap")
(("forth" "command.rkt" 120) #f "position-swap")
(("forth" "command.rkt" 123) #f "constant-swap")
(("forth" "command.rkt" 122) #f "constant-swap")
(("forth" "command.rkt" 121) #f "position-swap")
(("forth" "command.rkt" 132) #f "begin-drop")
(("forth" "command.rkt" 128) #f "position-swap")
(("forth" "command.rkt" 127) #f "position-swap")
(("forth" "command.rkt" 126) #f "boolean-op-swap")
(("forth" "command.rkt" 125) #f "position-swap")
(("forth" "command.rkt" 129) #f "position-swap")
(("forth" "command.rkt" 133) #f "position-swap")
(("forth" "command.rkt" 131) #f "constant-swap")
(("forth" "command.rkt" 130) #f "constant-swap")
(("forth" "command.rkt" 138) #f "position-swap")
(("forth" "command.rkt" 141) #f "position-swap")
(("forth" "command.rkt" 137) #f "position-swap")
(("forth" "command.rkt" 136) #f "constant-swap")
(("forth" "command.rkt" 135) #f "constant-swap")
(("forth" "command.rkt" 134) #f "position-swap")
(("forth" "command.rkt" 142) #f "position-swap")
(("forth" "command.rkt" 145) #f "position-swap")
(("forth" "command.rkt" 140) #f "constant-swap")
(("forth" "command.rkt" 139) #f "position-swap")
(("forth" "command.rkt" 148) #f "position-swap")
(("forth" "command.rkt" 149) #f "position-swap")
(("forth" "command.rkt" 147) #f "boolean-op-swap")
(("forth" "command.rkt" 146) #f "position-swap")
(("forth" "command.rkt" 144) #f "constant-swap")
(("forth" "command.rkt" 143) #f "constant-swap")
(("forth" "command.rkt" 153) #f "position-swap")
(("forth" "command.rkt" 152) #f "negate-conditional")
(("forth" "command.rkt" 151) #f "position-swap")
(("forth" "command.rkt" 150) #f "position-swap")
(("forth" "command.rkt" 157) #f "constant-swap")
(("forth" "command.rkt" 156) #f "position-swap")
(("forth" "command.rkt" 155) #f "constant-swap")
(("forth" "command.rkt" 154) #f "position-swap")
(("forth" "eval.rkt" 3) #f "position-swap")
(("forth" "eval.rkt" 2) #f "position-swap")
(("forth" "eval.rkt" 1) #f "begin-drop")
(("forth" "eval.rkt" 0) #f "begin-drop")
(("forth" "eval.rkt" 7) #f "position-swap")
(("forth" "eval.rkt" 6) #f "position-swap")
(("forth" "eval.rkt" 5) (blamed) "constant-swap")
(("forth" "eval.rkt" 4) #f "position-swap")
(("forth" "eval.rkt" 8) #f "position-swap")
(("forth" "eval.rkt" 11) #f "boolean-op-swap")
(("forth" "eval.rkt" 10) #f "position-swap")
(("forth" "eval.rkt" 9) #f "position-swap")
(("forth" "eval.rkt" 14) #f "position-swap")
(("forth" "eval.rkt" 12) #f "position-swap")
(("forth" "eval.rkt" 15) #f "position-swap")
(("forth" "eval.rkt" 13) #f "position-swap")
(("forth" "eval.rkt" 16) #f "position-swap")
(("forth" "eval.rkt" 19) #f "position-swap")
(("forth" "eval.rkt" 18) #f "constant-swap")
(("forth" "eval.rkt" 17) #f "position-swap")
(("forth" "eval.rkt" 21) #f "position-swap")
(("forth" "eval.rkt" 20) #f "negate-conditional")
(("forth" "eval.rkt" 24) #f "position-swap")
(("forth" "eval.rkt" 23) #f "position-swap")
(("forth" "eval.rkt" 22) #f "negate-conditional")
(("forth" "eval.rkt" 25) #f "negate-conditional")
(("forth" "eval.rkt" 27) #f "constant-swap")
(("forth" "eval.rkt" 26) #f "position-swap")
(("forth" "eval.rkt" 29) #f "position-swap")
(("forth" "eval.rkt" 28) #f "constant-swap")
(("forth" "eval.rkt" 33) #f "begin-drop")
(("forth" "eval.rkt" 32) #f "constant-swap")
(("forth" "eval.rkt" 31) #f "constant-swap")
(("forth" "eval.rkt" 30) #f "position-swap")
(("forth" "eval.rkt" 35) #f "negate-conditional")
(("forth" "eval.rkt" 34) #f "position-swap")
(("forth" "eval.rkt" 41) #f "position-swap")
(("forth" "eval.rkt" 40) #f "begin-drop")
(("forth" "eval.rkt" 37) #f "boolean-op-swap")
(("forth" "eval.rkt" 36) #f "position-swap")
(("forth" "eval.rkt" 39) #f "position-swap")
(("forth" "eval.rkt" 38) #f "position-swap")
(("forth" "eval.rkt" 43) #f "position-swap")
(("forth" "eval.rkt" 45) #f "position-swap")
(("forth" "eval.rkt" 42) #f "position-swap")
(("forth" "eval.rkt" 47) #f "constant-swap")
(("forth" "eval.rkt" 46) #f "position-swap")
(("forth" "eval.rkt" 44) #f "position-swap")
(("forth" "eval.rkt" 50) #f "constant-swap")
(("forth" "eval.rkt" 49) #f "position-swap")
(("forth" "eval.rkt" 48) #f "constant-swap")
(("forth" "eval.rkt" 55) #f "position-swap")
(("forth" "eval.rkt" 52) #f "position-swap")
(("forth" "eval.rkt" 51) #f "constant-swap")
(("forth" "eval.rkt" 57) #f "begin-drop")
(("forth" "eval.rkt" 54) #f "position-swap")
(("forth" "eval.rkt" 53) #f "constant-swap")
(("forth" "eval.rkt" 58) #f "position-swap")
(("forth" "eval.rkt" 56) #f "position-swap")
(("forth" "eval.rkt" 60) #f "begin-drop")
(("forth" "eval.rkt" 61) #f "negate-conditional")
(("forth" "eval.rkt" 59) #f "boolean-op-swap")
(("forth" "eval.rkt" 64) #f "boolean-op-swap")
(("forth" "eval.rkt" 63) #f "position-swap")
(("forth" "eval.rkt" 62) #f "position-swap")
(("forth" "stack.rkt" 0) #f "begin-drop")
(("forth" "main.rkt" 1) #f "constant-swap")
(("forth" "main.rkt" 0) #f "constant-swap")
(("forth" "stack.rkt" 3) #f "begin-drop")
(("forth" "stack.rkt" 2) #f "begin-drop")
(("forth" "main.rkt" 4) #f "constant-swap")
(("forth" "main.rkt" 3) #f "constant-swap")
(("forth" "main.rkt" 2) #f "constant-swap")
(("forth" "stack.rkt" 7) #f "begin-drop")
(("forth" "stack.rkt" 6) #f "begin-drop")
(("forth" "main.rkt" 5) #f "begin-drop")
(("forth" "stack.rkt" 11) #f "begin-drop")
(("forth" "stack.rkt" 1) #f "position-swap")
(("forth" "main.rkt" 6) (runtime-error blamed) "constant-swap")
(("forth" "stack.rkt" 8) #f "position-swap")
(("forth" "stack.rkt" 5) #f "position-swap")
(("forth" "stack.rkt" 4) #f "position-swap")
(("forth" "stack.rkt" 17) #f "begin-drop")
(("forth" "stack.rkt" 15) #f "begin-drop")
(("forth" "stack.rkt" 10) #f "position-swap")
(("forth" "stack.rkt" 9) #f "position-swap")
(("forth" "stack.rkt" 14) #f "position-swap")
(("forth" "stack.rkt" 13) #f "constant-swap")
(("forth" "stack.rkt" 12) #f "negate-conditional")
(("forth" "stack.rkt" 16) #f "position-swap")
(("forth" "stack.rkt" 19) #f "position-swap")
(("forth" "stack.rkt" 18) #f "position-swap")
