mutation-analysis: Beginning one mutation analysis.
[info] mutation-analysis: Beginning one mutation analysis.
mutation-analysis: Configured mutatable modules: ("command.rkt" "eval.rkt" "main.rkt" "stack.rkt")
[info] mutation-analysis: Configured mutatable modules: ("command.rkt" "eval.rkt" "main.rkt" "stack.rkt")
mutation-analysis: #s(mutant #f command.rkt 4) {begin-drop} => miss
[info] mutation-analysis: #s(mutant #f command.rkt 4) {begin-drop} => miss
mutation-analysis: #s(mutant #f command.rkt 0) {begin-drop} => miss
[info] mutation-analysis: #s(mutant #f command.rkt 0) {begin-drop} => miss
mutation-analysis: #s(mutant #f command.rkt 7) {position-swap} => miss
mutation-analysis: #s(mutant #f command.rkt 6) {boolean-op-swap} => miss
mutation-analysis: #s(mutant #f command.rkt 5) {position-swap} => miss
[info] mutation-analysis: #s(mutant #f command.rkt 7) {position-swap} => miss
[info] mutation-analysis: #s(mutant #f command.rkt 6) {boolean-op-swap} => miss
[info] mutation-analysis: #s(mutant #f command.rkt 5) {position-swap} => miss
mutation-analysis: #s(mutant #f command.rkt 3) {position-swap} => miss
mutation-analysis: #s(mutant #f command.rkt 2) {position-swap} => miss
mutation-analysis: #s(mutant #f command.rkt 1) {begin-drop} => miss
[info] mutation-analysis: #s(mutant #f command.rkt 3) {position-swap} => miss
[info] mutation-analysis: #s(mutant #f command.rkt 2) {position-swap} => miss
[info] mutation-analysis: #s(mutant #f command.rkt 1) {begin-drop} => miss
mutation-analysis: #s(mutant #f command.rkt 8) {position-swap} => hit
[info] mutation-analysis: #s(mutant #f command.rkt 8) {position-swap} => hit
mutation-analysis: #s(mutant #f command.rkt 13) {position-swap} => miss
[info] mutation-analysis: #s(mutant #f command.rkt 13) {position-swap} => miss
mutation-analysis: #s(mutant #f command.rkt 9) {position-swap} => miss
[info] mutation-analysis: #s(mutant #f command.rkt 9) {position-swap} => miss
mutation-analysis: #s(mutant #f command.rkt 15) {position-swap} => miss
mutation-analysis: #s(mutant #f command.rkt 14) {position-swap} => miss
mutation-analysis: #s(mutant #f command.rkt 12) {position-swap} => miss
mutation-analysis: #s(mutant #f command.rkt 11) {negate-conditional} => miss
[info] mutation-analysis: #s(mutant #f command.rkt 15) {position-swap} => miss
[info] mutation-analysis: #s(mutant #f command.rkt 14) {position-swap} => miss
[info] mutation-analysis: #s(mutant #f command.rkt 12) {position-swap} => miss
[info] mutation-analysis: #s(mutant #f command.rkt 11) {negate-conditional} => miss
mutation-analysis: #s(mutant #f command.rkt 10) {negate-conditional} => miss
[info] mutation-analysis: #s(mutant #f command.rkt 10) {negate-conditional} => miss
mutation-analysis: #s(mutant #f command.rkt 16) {position-swap} => miss
[info] mutation-analysis: #s(mutant #f command.rkt 16) {position-swap} => miss
mutation-analysis: #s(mutant #f command.rkt 17) {constant-swap} => miss
[info] mutation-analysis: #s(mutant #f command.rkt 17) {constant-swap} => miss
mutation-analysis: #s(mutant #f command.rkt 18) {constant-swap} => miss
[info] mutation-analysis: #s(mutant #f command.rkt 18) {constant-swap} => miss
mutation-analysis: #s(mutant #f command.rkt 23) {position-swap} => miss
mutation-analysis: #s(mutant #f command.rkt 22) {position-swap} => miss
[info] mutation-analysis: #s(mutant #f command.rkt 23) {position-swap} => miss
[info] mutation-analysis: #s(mutant #f command.rkt 22) {position-swap} => miss
mutation-analysis: #s(mutant #f command.rkt 21) {position-swap} => miss
mutation-analysis: #s(mutant #f command.rkt 20) {constant-swap} => miss
mutation-analysis: #s(mutant #f command.rkt 19) {constant-swap} => miss
[info] mutation-analysis: #s(mutant #f command.rkt 21) {position-swap} => miss
[info] mutation-analysis: #s(mutant #f command.rkt 20) {constant-swap} => miss
[info] mutation-analysis: #s(mutant #f command.rkt 19) {constant-swap} => miss
mutation-analysis: #s(mutant #f command.rkt 25) {position-swap} => miss
mutation-analysis: #s(mutant #f command.rkt 24) {position-swap} => miss
[info] mutation-analysis: #s(mutant #f command.rkt 25) {position-swap} => miss
[info] mutation-analysis: #s(mutant #f command.rkt 24) {position-swap} => miss
mutation-analysis: #s(mutant #f command.rkt 27) {position-swap} => miss
mutation-analysis: #s(mutant #f command.rkt 26) {position-swap} => miss
[info] mutation-analysis: #s(mutant #f command.rkt 27) {position-swap} => miss
[info] mutation-analysis: #s(mutant #f command.rkt 26) {position-swap} => miss
mutation-analysis: #s(mutant #f command.rkt 31) {negate-conditional} => miss
mutation-analysis: #s(mutant #f command.rkt 30) {position-swap} => miss
mutation-analysis: #s(mutant #f command.rkt 29) {constant-swap} => miss
mutation-analysis: #s(mutant #f command.rkt 28) {position-swap} => miss
[info] mutation-analysis: #s(mutant #f command.rkt 31) {negate-conditional} => miss
[info] mutation-analysis: #s(mutant #f command.rkt 30) {position-swap} => miss
[info] mutation-analysis: #s(mutant #f command.rkt 29) {constant-swap} => miss
[info] mutation-analysis: #s(mutant #f command.rkt 28) {position-swap} => miss
mutation-analysis: #s(mutant #f command.rkt 33) {boolean-op-swap} => miss
mutation-analysis: #s(mutant #f command.rkt 32) {position-swap} => miss
[info] mutation-analysis: #s(mutant #f command.rkt 33) {boolean-op-swap} => miss
[info] mutation-analysis: #s(mutant #f command.rkt 32) {position-swap} => miss
mutation-analysis: #s(mutant #f command.rkt 35) {boolean-op-swap} => miss
mutation-analysis: #s(mutant #f command.rkt 34) {position-swap} => miss
[info] mutation-analysis: #s(mutant #f command.rkt 35) {boolean-op-swap} => miss
[info] mutation-analysis: #s(mutant #f command.rkt 34) {position-swap} => miss
mutation-analysis: #s(mutant #f command.rkt 40) {position-swap} => miss
[info] mutation-analysis: #s(mutant #f command.rkt 40) {position-swap} => miss
mutation-analysis: #s(mutant #f command.rkt 39) {constant-swap} => miss
mutation-analysis: #s(mutant #f command.rkt 38) {constant-swap} => miss
mutation-analysis: #s(mutant #f command.rkt 37) {boolean-op-swap} => miss
mutation-analysis: #s(mutant #f command.rkt 36) {position-swap} => miss
[info] mutation-analysis: #s(mutant #f command.rkt 39) {constant-swap} => miss
[info] mutation-analysis: #s(mutant #f command.rkt 38) {constant-swap} => miss
[info] mutation-analysis: #s(mutant #f command.rkt 37) {boolean-op-swap} => miss
[info] mutation-analysis: #s(mutant #f command.rkt 36) {position-swap} => miss
mutation-analysis: #s(mutant #f command.rkt 41) {position-swap} => miss
[info] mutation-analysis: #s(mutant #f command.rkt 41) {position-swap} => miss
mutation-analysis: #s(mutant #f command.rkt 43) {position-swap} => miss
mutation-analysis: #s(mutant #f command.rkt 42) {constant-swap} => miss
[info] mutation-analysis: #s(mutant #f command.rkt 43) {position-swap} => miss
[info] mutation-analysis: #s(mutant #f command.rkt 42) {constant-swap} => miss
mutation-analysis: #s(mutant #f command.rkt 44) {negate-conditional} => miss
[info] mutation-analysis: #s(mutant #f command.rkt 44) {negate-conditional} => miss
mutation-analysis: #s(mutant #f command.rkt 48) {boolean-op-swap} => miss
mutation-analysis: #s(mutant #f command.rkt 47) {position-swap} => miss
mutation-analysis: #s(mutant #f command.rkt 46) {position-swap} => miss
mutation-analysis: #s(mutant #f command.rkt 45) {negate-conditional} => miss
[info] mutation-analysis: #s(mutant #f command.rkt 48) {boolean-op-swap} => miss
[info] mutation-analysis: #s(mutant #f command.rkt 47) {position-swap} => miss
[info] mutation-analysis: #s(mutant #f command.rkt 46) {position-swap} => miss
[info] mutation-analysis: #s(mutant #f command.rkt 45) {negate-conditional} => miss
mutation-analysis: #s(mutant #f command.rkt 49) {position-swap} => miss
[info] mutation-analysis: #s(mutant #f command.rkt 49) {position-swap} => miss
mutation-analysis: #s(mutant #f command.rkt 51) {position-swap} => miss
mutation-analysis: #s(mutant #f command.rkt 50) {position-swap} => miss
[info] mutation-analysis: #s(mutant #f command.rkt 51) {position-swap} => miss
[info] mutation-analysis: #s(mutant #f command.rkt 50) {position-swap} => miss
mutation-analysis: #s(mutant #f command.rkt 52) {boolean-op-swap} => miss
[info] mutation-analysis: #s(mutant #f command.rkt 52) {boolean-op-swap} => miss
mutation-analysis: #s(mutant #f command.rkt 59) {position-swap} => miss
mutation-analysis: #s(mutant #f command.rkt 56) {position-swap} => miss
mutation-analysis: #s(mutant #f command.rkt 55) {boolean-op-swap} => miss
mutation-analysis: #s(mutant #f command.rkt 54) {position-swap} => miss
[info] mutation-analysis: #s(mutant #f command.rkt 59) {position-swap} => miss
[info] mutation-analysis: #s(mutant #f command.rkt 56) {position-swap} => miss
[info] mutation-analysis: #s(mutant #f command.rkt 55) {boolean-op-swap} => miss
[info] mutation-analysis: #s(mutant #f command.rkt 54) {position-swap} => miss
mutation-analysis: #s(mutant #f command.rkt 53) {position-swap} => miss
[info] mutation-analysis: #s(mutant #f command.rkt 53) {position-swap} => miss
mutation-analysis: #s(mutant #f command.rkt 57) {constant-swap} => miss
[info] mutation-analysis: #s(mutant #f command.rkt 57) {constant-swap} => miss
mutation-analysis: #s(mutant #f command.rkt 65) {position-swap} => miss
mutation-analysis: #s(mutant #f command.rkt 62) {position-swap} => miss
mutation-analysis: #s(mutant #f command.rkt 58) {constant-swap} => miss
[info] mutation-analysis: #s(mutant #f command.rkt 65) {position-swap} => miss
[info] mutation-analysis: #s(mutant #f command.rkt 62) {position-swap} => miss
[info] mutation-analysis: #s(mutant #f command.rkt 58) {constant-swap} => miss
mutation-analysis: #s(mutant #f command.rkt 60) {arithmetic-op-swap} => miss
[info] mutation-analysis: #s(mutant #f command.rkt 60) {arithmetic-op-swap} => miss
mutation-analysis: #s(mutant #f command.rkt 68) {position-swap} => miss
mutation-analysis: #s(mutant #f command.rkt 64) {constant-swap} => miss
mutation-analysis: #s(mutant #f command.rkt 63) {arithmetic-op-swap} => miss
mutation-analysis: #s(mutant #f command.rkt 61) {constant-swap} => miss
[info] mutation-analysis: #s(mutant #f command.rkt 68) {position-swap} => miss
[info] mutation-analysis: #s(mutant #f command.rkt 64) {constant-swap} => miss
[info] mutation-analysis: #s(mutant #f command.rkt 63) {arithmetic-op-swap} => miss
[info] mutation-analysis: #s(mutant #f command.rkt 61) {constant-swap} => miss
mutation-analysis: #s(mutant #f command.rkt 70) {position-swap} => miss
mutation-analysis: #s(mutant #f command.rkt 66) {arithmetic-op-swap} => miss
[info] mutation-analysis: #s(mutant #f command.rkt 70) {position-swap} => miss
[info] mutation-analysis: #s(mutant #f command.rkt 66) {arithmetic-op-swap} => miss
mutation-analysis: #s(mutant #f command.rkt 74) {position-swap} => miss
mutation-analysis: #s(mutant #f command.rkt 73) {constant-swap} => miss
mutation-analysis: #s(mutant #f command.rkt 72) {position-swap} => miss
mutation-analysis: #s(mutant #f command.rkt 71) {constant-swap} => miss
[info] mutation-analysis: #s(mutant #f command.rkt 74) {position-swap} => miss
[info] mutation-analysis: #s(mutant #f command.rkt 73) {constant-swap} => miss
[info] mutation-analysis: #s(mutant #f command.rkt 72) {position-swap} => miss
[info] mutation-analysis: #s(mutant #f command.rkt 71) {constant-swap} => miss
mutation-analysis: #s(mutant #f command.rkt 69) {constant-swap} => miss
mutation-analysis: #s(mutant #f command.rkt 67) {constant-swap} => miss
[info] mutation-analysis: #s(mutant #f command.rkt 69) {constant-swap} => miss
[info] mutation-analysis: #s(mutant #f command.rkt 67) {constant-swap} => miss
mutation-analysis: #s(mutant #f command.rkt 76) {position-swap} => miss
mutation-analysis: #s(mutant #f command.rkt 75) {constant-swap} => miss
[info] mutation-analysis: #s(mutant #f command.rkt 76) {position-swap} => miss
[info] mutation-analysis: #s(mutant #f command.rkt 75) {constant-swap} => miss
mutation-analysis: #s(mutant #f command.rkt 82) {position-swap} => miss
mutation-analysis: #s(mutant #f command.rkt 78) {position-swap} => miss
mutation-analysis: #s(mutant #f command.rkt 77) {constant-swap} => miss
[info] mutation-analysis: #s(mutant #f command.rkt 82) {position-swap} => miss
[info] mutation-analysis: #s(mutant #f command.rkt 78) {position-swap} => miss
[info] mutation-analysis: #s(mutant #f command.rkt 77) {constant-swap} => miss
mutation-analysis: #s(mutant #f command.rkt 84) {position-swap} => miss
[info] mutation-analysis: #s(mutant #f command.rkt 84) {position-swap} => miss
mutation-analysis: #s(mutant #f command.rkt 87) {position-swap} => miss
mutation-analysis: #s(mutant #f command.rkt 81) {position-swap} => miss
mutation-analysis: #s(mutant #f command.rkt 80) {constant-swap} => miss
mutation-analysis: #s(mutant #f command.rkt 79) {position-swap} => miss
[info] mutation-analysis: #s(mutant #f command.rkt 87) {position-swap} => miss
[info] mutation-analysis: #s(mutant #f command.rkt 81) {position-swap} => miss
[info] mutation-analysis: #s(mutant #f command.rkt 80) {constant-swap} => miss
[info] mutation-analysis: #s(mutant #f command.rkt 79) {position-swap} => miss
mutation-analysis: #s(mutant #f command.rkt 83) {position-swap} => miss
[info] mutation-analysis: #s(mutant #f command.rkt 83) {position-swap} => miss
mutation-analysis: #s(mutant #f command.rkt 92) {position-swap} => miss
mutation-analysis: #s(mutant #f command.rkt 88) {position-swap} => miss
mutation-analysis: #s(mutant #f command.rkt 86) {position-swap} => miss
mutation-analysis: #s(mutant #f command.rkt 85) {position-swap} => miss
[info] mutation-analysis: #s(mutant #f command.rkt 92) {position-swap} => miss
[info] mutation-analysis: #s(mutant #f command.rkt 88) {position-swap} => miss
[info] mutation-analysis: #s(mutant #f command.rkt 86) {position-swap} => miss
[info] mutation-analysis: #s(mutant #f command.rkt 85) {position-swap} => miss
mutation-analysis: #s(mutant #f command.rkt 96) {position-swap} => miss
mutation-analysis: #s(mutant #f command.rkt 91) {constant-swap} => miss
mutation-analysis: #s(mutant #f command.rkt 90) {constant-swap} => miss
mutation-analysis: #s(mutant #f command.rkt 89) {position-swap} => miss
[info] mutation-analysis: #s(mutant #f command.rkt 96) {position-swap} => miss
[info] mutation-analysis: #s(mutant #f command.rkt 91) {constant-swap} => miss
[info] mutation-analysis: #s(mutant #f command.rkt 90) {constant-swap} => miss
[info] mutation-analysis: #s(mutant #f command.rkt 89) {position-swap} => miss
mutation-analysis: #s(mutant #f command.rkt 93) {position-swap} => miss
[info] mutation-analysis: #s(mutant #f command.rkt 93) {position-swap} => miss
mutation-analysis: #s(mutant #f command.rkt 101) {begin-drop} => miss
mutation-analysis: #s(mutant #f command.rkt 97) {position-swap} => miss
mutation-analysis: #s(mutant #f command.rkt 95) {position-swap} => miss
mutation-analysis: #s(mutant #f command.rkt 94) {constant-swap} => miss
[info] mutation-analysis: #s(mutant #f command.rkt 101) {begin-drop} => miss
[info] mutation-analysis: #s(mutant #f command.rkt 97) {position-swap} => miss
[info] mutation-analysis: #s(mutant #f command.rkt 95) {position-swap} => miss
[info] mutation-analysis: #s(mutant #f command.rkt 94) {constant-swap} => miss
mutation-analysis: #s(mutant #f command.rkt 100) {constant-swap} => miss
mutation-analysis: #s(mutant #f command.rkt 99) {constant-swap} => miss
mutation-analysis: #s(mutant #f command.rkt 98) {position-swap} => miss
[info] mutation-analysis: #s(mutant #f command.rkt 100) {constant-swap} => miss
[info] mutation-analysis: #s(mutant #f command.rkt 99) {constant-swap} => miss
[info] mutation-analysis: #s(mutant #f command.rkt 98) {position-swap} => miss
mutation-analysis: #s(mutant #f command.rkt 102) {position-swap} => miss
[info] mutation-analysis: #s(mutant #f command.rkt 102) {position-swap} => miss
mutation-analysis: #s(mutant #f command.rkt 109) {begin-drop} => miss
mutation-analysis: #s(mutant #f command.rkt 106) {position-swap} => miss
mutation-analysis: #s(mutant #f command.rkt 105) {position-swap} => miss
mutation-analysis: #s(mutant #f command.rkt 104) {position-swap} => miss
[info] mutation-analysis: #s(mutant #f command.rkt 109) {begin-drop} => miss
[info] mutation-analysis: #s(mutant #f command.rkt 106) {position-swap} => miss
[info] mutation-analysis: #s(mutant #f command.rkt 105) {position-swap} => miss
[info] mutation-analysis: #s(mutant #f command.rkt 104) {position-swap} => miss
mutation-analysis: #s(mutant #f command.rkt 103) {boolean-op-swap} => miss
[info] mutation-analysis: #s(mutant #f command.rkt 103) {boolean-op-swap} => miss
mutation-analysis: #s(mutant #f command.rkt 110) {position-swap} => miss
[info] mutation-analysis: #s(mutant #f command.rkt 110) {position-swap} => miss
mutation-analysis: #s(mutant #f command.rkt 113) {position-swap} => miss
mutation-analysis: #s(mutant #f command.rkt 108) {constant-swap} => miss
mutation-analysis: #s(mutant #f command.rkt 107) {constant-swap} => miss
[info] mutation-analysis: #s(mutant #f command.rkt 113) {position-swap} => miss
[info] mutation-analysis: #s(mutant #f command.rkt 108) {constant-swap} => miss
[info] mutation-analysis: #s(mutant #f command.rkt 107) {constant-swap} => miss
mutation-analysis: #s(mutant #f command.rkt 116) {begin-drop} => miss
[info] mutation-analysis: #s(mutant #f command.rkt 116) {begin-drop} => miss
mutation-analysis: #s(mutant #f command.rkt 115) {constant-swap} => miss
mutation-analysis: #s(mutant #f command.rkt 114) {constant-swap} => miss
mutation-analysis: #s(mutant #f command.rkt 112) {position-swap} => miss
mutation-analysis: #s(mutant #f command.rkt 111) {negate-conditional} => miss
[info] mutation-analysis: #s(mutant #f command.rkt 115) {constant-swap} => miss
[info] mutation-analysis: #s(mutant #f command.rkt 114) {constant-swap} => miss
[info] mutation-analysis: #s(mutant #f command.rkt 112) {position-swap} => miss
[info] mutation-analysis: #s(mutant #f command.rkt 111) {negate-conditional} => miss
mutation-analysis: #s(mutant #f command.rkt 124) {begin-drop} => miss
mutation-analysis: #s(mutant #f command.rkt 119) {position-swap} => miss
mutation-analysis: #s(mutant #f command.rkt 118) {boolean-op-swap} => miss
mutation-analysis: #s(mutant #f command.rkt 117) {position-swap} => miss
[info] mutation-analysis: #s(mutant #f command.rkt 124) {begin-drop} => miss
[info] mutation-analysis: #s(mutant #f command.rkt 119) {position-swap} => miss
[info] mutation-analysis: #s(mutant #f command.rkt 118) {boolean-op-swap} => miss
[info] mutation-analysis: #s(mutant #f command.rkt 117) {position-swap} => miss
mutation-analysis: #s(mutant #f command.rkt 120) {position-swap} => miss
[info] mutation-analysis: #s(mutant #f command.rkt 120) {position-swap} => miss
mutation-analysis: #s(mutant #f command.rkt 123) {constant-swap} => miss
mutation-analysis: #s(mutant #f command.rkt 122) {constant-swap} => miss
mutation-analysis: #s(mutant #f command.rkt 121) {position-swap} => miss
[info] mutation-analysis: #s(mutant #f command.rkt 123) {constant-swap} => miss
[info] mutation-analysis: #s(mutant #f command.rkt 122) {constant-swap} => miss
[info] mutation-analysis: #s(mutant #f command.rkt 121) {position-swap} => miss
mutation-analysis: #s(mutant #f command.rkt 132) {begin-drop} => miss
mutation-analysis: #s(mutant #f command.rkt 128) {position-swap} => miss
mutation-analysis: #s(mutant #f command.rkt 127) {position-swap} => miss
mutation-analysis: #s(mutant #f command.rkt 126) {boolean-op-swap} => miss
[info] mutation-analysis: #s(mutant #f command.rkt 132) {begin-drop} => miss
[info] mutation-analysis: #s(mutant #f command.rkt 128) {position-swap} => miss
[info] mutation-analysis: #s(mutant #f command.rkt 127) {position-swap} => miss
[info] mutation-analysis: #s(mutant #f command.rkt 126) {boolean-op-swap} => miss
mutation-analysis: #s(mutant #f command.rkt 125) {position-swap} => miss
[info] mutation-analysis: #s(mutant #f command.rkt 125) {position-swap} => miss
mutation-analysis: #s(mutant #f command.rkt 129) {position-swap} => miss
[info] mutation-analysis: #s(mutant #f command.rkt 129) {position-swap} => miss
mutation-analysis: #s(mutant #f command.rkt 133) {position-swap} => miss
mutation-analysis: #s(mutant #f command.rkt 131) {constant-swap} => miss
mutation-analysis: #s(mutant #f command.rkt 130) {constant-swap} => miss
[info] mutation-analysis: #s(mutant #f command.rkt 133) {position-swap} => miss
[info] mutation-analysis: #s(mutant #f command.rkt 131) {constant-swap} => miss
[info] mutation-analysis: #s(mutant #f command.rkt 130) {constant-swap} => miss
mutation-analysis: #s(mutant #f command.rkt 138) {position-swap} => miss
[info] mutation-analysis: #s(mutant #f command.rkt 138) {position-swap} => miss
mutation-analysis: #s(mutant #f command.rkt 141) {position-swap} => miss
mutation-analysis: #s(mutant #f command.rkt 137) {position-swap} => miss
mutation-analysis: #s(mutant #f command.rkt 136) {constant-swap} => miss
mutation-analysis: #s(mutant #f command.rkt 135) {constant-swap} => miss
[info] mutation-analysis: #s(mutant #f command.rkt 141) {position-swap} => miss
[info] mutation-analysis: #s(mutant #f command.rkt 137) {position-swap} => miss
[info] mutation-analysis: #s(mutant #f command.rkt 136) {constant-swap} => miss
[info] mutation-analysis: #s(mutant #f command.rkt 135) {constant-swap} => miss
mutation-analysis: #s(mutant #f command.rkt 134) {position-swap} => miss
[info] mutation-analysis: #s(mutant #f command.rkt 134) {position-swap} => miss
mutation-analysis: #s(mutant #f command.rkt 142) {position-swap} => miss
[info] mutation-analysis: #s(mutant #f command.rkt 142) {position-swap} => miss
mutation-analysis: #s(mutant #f command.rkt 145) {position-swap} => miss
mutation-analysis: #s(mutant #f command.rkt 140) {constant-swap} => miss
mutation-analysis: #s(mutant #f command.rkt 139) {position-swap} => miss
[info] mutation-analysis: #s(mutant #f command.rkt 145) {position-swap} => miss
[info] mutation-analysis: #s(mutant #f command.rkt 140) {constant-swap} => miss
[info] mutation-analysis: #s(mutant #f command.rkt 139) {position-swap} => miss
mutation-analysis: #s(mutant #f command.rkt 148) {position-swap} => miss
[info] mutation-analysis: #s(mutant #f command.rkt 148) {position-swap} => miss
mutation-analysis: #s(mutant #f command.rkt 149) {position-swap} => miss
mutation-analysis: #s(mutant #f command.rkt 147) {boolean-op-swap} => miss
mutation-analysis: #s(mutant #f command.rkt 146) {position-swap} => miss
mutation-analysis: #s(mutant #f command.rkt 144) {constant-swap} => miss
mutation-analysis: #s(mutant #f command.rkt 143) {constant-swap} => miss
[info] mutation-analysis: #s(mutant #f command.rkt 149) {position-swap} => miss
[info] mutation-analysis: #s(mutant #f command.rkt 147) {boolean-op-swap} => miss
[info] mutation-analysis: #s(mutant #f command.rkt 146) {position-swap} => miss
[info] mutation-analysis: #s(mutant #f command.rkt 144) {constant-swap} => miss
[info] mutation-analysis: #s(mutant #f command.rkt 143) {constant-swap} => miss
mutation-analysis: #s(mutant #f command.rkt 153) {position-swap} => miss
mutation-analysis: #s(mutant #f command.rkt 152) {negate-conditional} => miss
mutation-analysis: #s(mutant #f command.rkt 151) {position-swap} => miss
mutation-analysis: #s(mutant #f command.rkt 150) {position-swap} => miss
[info] mutation-analysis: #s(mutant #f command.rkt 153) {position-swap} => miss
[info] mutation-analysis: #s(mutant #f command.rkt 152) {negate-conditional} => miss
[info] mutation-analysis: #s(mutant #f command.rkt 151) {position-swap} => miss
[info] mutation-analysis: #s(mutant #f command.rkt 150) {position-swap} => miss
mutation-analysis: #s(mutant #f command.rkt 157) {constant-swap} => miss
mutation-analysis: #s(mutant #f command.rkt 156) {position-swap} => miss
mutation-analysis: #s(mutant #f command.rkt 155) {constant-swap} => miss
mutation-analysis: #s(mutant #f command.rkt 154) {position-swap} => miss
[info] mutation-analysis: #s(mutant #f command.rkt 157) {constant-swap} => miss
[info] mutation-analysis: #s(mutant #f command.rkt 156) {position-swap} => miss
[info] mutation-analysis: #s(mutant #f command.rkt 155) {constant-swap} => miss
[info] mutation-analysis: #s(mutant #f command.rkt 154) {position-swap} => miss
mutation-analysis: #s(mutant #f eval.rkt 3) {position-swap} => miss
[info] mutation-analysis: #s(mutant #f eval.rkt 3) {position-swap} => miss
mutation-analysis: #s(mutant #f eval.rkt 2) {position-swap} => miss
mutation-analysis: #s(mutant #f eval.rkt 1) {begin-drop} => miss
mutation-analysis: #s(mutant #f eval.rkt 0) {begin-drop} => miss
[info] mutation-analysis: #s(mutant #f eval.rkt 2) {position-swap} => miss
[info] mutation-analysis: #s(mutant #f eval.rkt 1) {begin-drop} => miss
[info] mutation-analysis: #s(mutant #f eval.rkt 0) {begin-drop} => miss
mutation-analysis: #s(mutant #f eval.rkt 7) {position-swap} => miss
[info] mutation-analysis: #s(mutant #f eval.rkt 7) {position-swap} => miss
mutation-analysis: #s(mutant #f eval.rkt 6) {position-swap} => miss
mutation-analysis: #s(mutant #f eval.rkt 5) {constant-swap} => hit
mutation-analysis: #s(mutant #f eval.rkt 4) {position-swap} => miss
[info] mutation-analysis: #s(mutant #f eval.rkt 6) {position-swap} => miss
[info] mutation-analysis: #s(mutant #f eval.rkt 5) {constant-swap} => hit
[info] mutation-analysis: #s(mutant #f eval.rkt 4) {position-swap} => miss
mutation-analysis: #s(mutant #f eval.rkt 8) {position-swap} => miss
[info] mutation-analysis: #s(mutant #f eval.rkt 8) {position-swap} => miss
mutation-analysis: #s(mutant #f eval.rkt 11) {boolean-op-swap} => miss
mutation-analysis: #s(mutant #f eval.rkt 10) {position-swap} => miss
mutation-analysis: #s(mutant #f eval.rkt 9) {position-swap} => miss
[info] mutation-analysis: #s(mutant #f eval.rkt 11) {boolean-op-swap} => miss
[info] mutation-analysis: #s(mutant #f eval.rkt 10) {position-swap} => miss
[info] mutation-analysis: #s(mutant #f eval.rkt 9) {position-swap} => miss
mutation-analysis: #s(mutant #f eval.rkt 14) {position-swap} => miss
mutation-analysis: #s(mutant #f eval.rkt 12) {position-swap} => miss
[info] mutation-analysis: #s(mutant #f eval.rkt 14) {position-swap} => miss
[info] mutation-analysis: #s(mutant #f eval.rkt 12) {position-swap} => miss
mutation-analysis: #s(mutant #f eval.rkt 15) {position-swap} => miss
mutation-analysis: #s(mutant #f eval.rkt 13) {position-swap} => miss
[info] mutation-analysis: #s(mutant #f eval.rkt 15) {position-swap} => miss
[info] mutation-analysis: #s(mutant #f eval.rkt 13) {position-swap} => miss
mutation-analysis: #s(mutant #f eval.rkt 16) {position-swap} => miss
[info] mutation-analysis: #s(mutant #f eval.rkt 16) {position-swap} => miss
mutation-analysis: #s(mutant #f eval.rkt 19) {position-swap} => miss
mutation-analysis: #s(mutant #f eval.rkt 18) {constant-swap} => miss
mutation-analysis: #s(mutant #f eval.rkt 17) {position-swap} => miss
[info] mutation-analysis: #s(mutant #f eval.rkt 19) {position-swap} => miss
[info] mutation-analysis: #s(mutant #f eval.rkt 18) {constant-swap} => miss
[info] mutation-analysis: #s(mutant #f eval.rkt 17) {position-swap} => miss
mutation-analysis: #s(mutant #f eval.rkt 21) {position-swap} => miss
mutation-analysis: #s(mutant #f eval.rkt 20) {negate-conditional} => miss
[info] mutation-analysis: #s(mutant #f eval.rkt 21) {position-swap} => miss
[info] mutation-analysis: #s(mutant #f eval.rkt 20) {negate-conditional} => miss
mutation-analysis: #s(mutant #f eval.rkt 24) {position-swap} => miss
mutation-analysis: #s(mutant #f eval.rkt 23) {position-swap} => miss
mutation-analysis: #s(mutant #f eval.rkt 22) {negate-conditional} => miss
[info] mutation-analysis: #s(mutant #f eval.rkt 24) {position-swap} => miss
[info] mutation-analysis: #s(mutant #f eval.rkt 23) {position-swap} => miss
[info] mutation-analysis: #s(mutant #f eval.rkt 22) {negate-conditional} => miss
mutation-analysis: #s(mutant #f eval.rkt 25) {negate-conditional} => miss
[info] mutation-analysis: #s(mutant #f eval.rkt 25) {negate-conditional} => miss
mutation-analysis: #s(mutant #f eval.rkt 27) {constant-swap} => miss
mutation-analysis: #s(mutant #f eval.rkt 26) {position-swap} => miss
[info] mutation-analysis: #s(mutant #f eval.rkt 27) {constant-swap} => miss
[info] mutation-analysis: #s(mutant #f eval.rkt 26) {position-swap} => miss
mutation-analysis: #s(mutant #f eval.rkt 29) {position-swap} => miss
mutation-analysis: #s(mutant #f eval.rkt 28) {constant-swap} => miss
[info] mutation-analysis: #s(mutant #f eval.rkt 29) {position-swap} => miss
[info] mutation-analysis: #s(mutant #f eval.rkt 28) {constant-swap} => miss
mutation-analysis: #s(mutant #f eval.rkt 33) {begin-drop} => miss
mutation-analysis: #s(mutant #f eval.rkt 32) {constant-swap} => miss
mutation-analysis: #s(mutant #f eval.rkt 31) {constant-swap} => miss
mutation-analysis: #s(mutant #f eval.rkt 30) {position-swap} => miss
[info] mutation-analysis: #s(mutant #f eval.rkt 33) {begin-drop} => miss
[info] mutation-analysis: #s(mutant #f eval.rkt 32) {constant-swap} => miss
[info] mutation-analysis: #s(mutant #f eval.rkt 31) {constant-swap} => miss
[info] mutation-analysis: #s(mutant #f eval.rkt 30) {position-swap} => miss
mutation-analysis: #s(mutant #f eval.rkt 35) {negate-conditional} => miss
mutation-analysis: #s(mutant #f eval.rkt 34) {position-swap} => miss
[info] mutation-analysis: #s(mutant #f eval.rkt 35) {negate-conditional} => miss
[info] mutation-analysis: #s(mutant #f eval.rkt 34) {position-swap} => miss
mutation-analysis: #s(mutant #f eval.rkt 41) {position-swap} => miss
mutation-analysis: #s(mutant #f eval.rkt 40) {begin-drop} => miss
mutation-analysis: #s(mutant #f eval.rkt 37) {boolean-op-swap} => miss
mutation-analysis: #s(mutant #f eval.rkt 36) {position-swap} => miss
[info] mutation-analysis: #s(mutant #f eval.rkt 41) {position-swap} => miss
[info] mutation-analysis: #s(mutant #f eval.rkt 40) {begin-drop} => miss
[info] mutation-analysis: #s(mutant #f eval.rkt 37) {boolean-op-swap} => miss
[info] mutation-analysis: #s(mutant #f eval.rkt 36) {position-swap} => miss
mutation-analysis: #s(mutant #f eval.rkt 39) {position-swap} => miss
mutation-analysis: #s(mutant #f eval.rkt 38) {position-swap} => miss
[info] mutation-analysis: #s(mutant #f eval.rkt 39) {position-swap} => miss
[info] mutation-analysis: #s(mutant #f eval.rkt 38) {position-swap} => miss
mutation-analysis: #s(mutant #f eval.rkt 43) {position-swap} => miss
[info] mutation-analysis: #s(mutant #f eval.rkt 43) {position-swap} => miss
mutation-analysis: #s(mutant #f eval.rkt 45) {position-swap} => miss
mutation-analysis: #s(mutant #f eval.rkt 42) {position-swap} => miss
[info] mutation-analysis: #s(mutant #f eval.rkt 45) {position-swap} => miss
[info] mutation-analysis: #s(mutant #f eval.rkt 42) {position-swap} => miss
mutation-analysis: #s(mutant #f eval.rkt 47) {constant-swap} => miss
mutation-analysis: #s(mutant #f eval.rkt 46) {position-swap} => miss
mutation-analysis: #s(mutant #f eval.rkt 44) {position-swap} => miss
[info] mutation-analysis: #s(mutant #f eval.rkt 47) {constant-swap} => miss
[info] mutation-analysis: #s(mutant #f eval.rkt 46) {position-swap} => miss
[info] mutation-analysis: #s(mutant #f eval.rkt 44) {position-swap} => miss
mutation-analysis: #s(mutant #f eval.rkt 50) {constant-swap} => miss
mutation-analysis: #s(mutant #f eval.rkt 49) {position-swap} => miss
mutation-analysis: #s(mutant #f eval.rkt 48) {constant-swap} => miss
[info] mutation-analysis: #s(mutant #f eval.rkt 50) {constant-swap} => miss
[info] mutation-analysis: #s(mutant #f eval.rkt 49) {position-swap} => miss
[info] mutation-analysis: #s(mutant #f eval.rkt 48) {constant-swap} => miss
mutation-analysis: #s(mutant #f eval.rkt 55) {position-swap} => miss
mutation-analysis: #s(mutant #f eval.rkt 52) {position-swap} => miss
mutation-analysis: #s(mutant #f eval.rkt 51) {constant-swap} => miss
[info] mutation-analysis: #s(mutant #f eval.rkt 55) {position-swap} => miss
[info] mutation-analysis: #s(mutant #f eval.rkt 52) {position-swap} => miss
[info] mutation-analysis: #s(mutant #f eval.rkt 51) {constant-swap} => miss
mutation-analysis: #s(mutant #f eval.rkt 57) {begin-drop} => miss
mutation-analysis: #s(mutant #f eval.rkt 54) {position-swap} => miss
mutation-analysis: #s(mutant #f eval.rkt 53) {constant-swap} => miss
[info] mutation-analysis: #s(mutant #f eval.rkt 57) {begin-drop} => miss
[info] mutation-analysis: #s(mutant #f eval.rkt 54) {position-swap} => miss
[info] mutation-analysis: #s(mutant #f eval.rkt 53) {constant-swap} => miss
mutation-analysis: #s(mutant #f eval.rkt 58) {position-swap} => miss
mutation-analysis: #s(mutant #f eval.rkt 56) {position-swap} => miss
[info] mutation-analysis: #s(mutant #f eval.rkt 58) {position-swap} => miss
[info] mutation-analysis: #s(mutant #f eval.rkt 56) {position-swap} => miss
mutation-analysis: #s(mutant #f eval.rkt 60) {begin-drop} => miss
[info] mutation-analysis: #s(mutant #f eval.rkt 60) {begin-drop} => miss
mutation-analysis: #s(mutant #f eval.rkt 61) {negate-conditional} => miss
mutation-analysis: #s(mutant #f eval.rkt 59) {boolean-op-swap} => miss
[info] mutation-analysis: #s(mutant #f eval.rkt 61) {negate-conditional} => miss
[info] mutation-analysis: #s(mutant #f eval.rkt 59) {boolean-op-swap} => miss
mutation-analysis: #s(mutant #f eval.rkt 64) {boolean-op-swap} => miss
mutation-analysis: #s(mutant #f eval.rkt 63) {position-swap} => miss
mutation-analysis: #s(mutant #f eval.rkt 62) {position-swap} => miss
[info] mutation-analysis: #s(mutant #f eval.rkt 64) {boolean-op-swap} => miss
[info] mutation-analysis: #s(mutant #f eval.rkt 63) {position-swap} => miss
[info] mutation-analysis: #s(mutant #f eval.rkt 62) {position-swap} => miss
mutation-analysis: #s(mutant #f stack.rkt 0) {begin-drop} => miss
mutation-analysis: #s(mutant #f main.rkt 1) {constant-swap} => miss
mutation-analysis: #s(mutant #f main.rkt 0) {constant-swap} => miss
[info] mutation-analysis: #s(mutant #f stack.rkt 0) {begin-drop} => miss
[info] mutation-analysis: #s(mutant #f main.rkt 1) {constant-swap} => miss
[info] mutation-analysis: #s(mutant #f main.rkt 0) {constant-swap} => miss
mutation-analysis: #s(mutant #f stack.rkt 3) {begin-drop} => miss
mutation-analysis: #s(mutant #f stack.rkt 2) {begin-drop} => miss
mutation-analysis: #s(mutant #f main.rkt 4) {constant-swap} => miss
mutation-analysis: #s(mutant #f main.rkt 3) {constant-swap} => miss
mutation-analysis: #s(mutant #f main.rkt 2) {constant-swap} => miss
[info] mutation-analysis: #s(mutant #f stack.rkt 3) {begin-drop} => miss
[info] mutation-analysis: #s(mutant #f stack.rkt 2) {begin-drop} => miss
[info] mutation-analysis: #s(mutant #f main.rkt 4) {constant-swap} => miss
[info] mutation-analysis: #s(mutant #f main.rkt 3) {constant-swap} => miss
[info] mutation-analysis: #s(mutant #f main.rkt 2) {constant-swap} => miss
mutation-analysis: #s(mutant #f stack.rkt 7) {begin-drop} => miss
mutation-analysis: #s(mutant #f stack.rkt 6) {begin-drop} => miss
mutation-analysis: #s(mutant #f main.rkt 5) {begin-drop} => miss
[info] mutation-analysis: #s(mutant #f stack.rkt 7) {begin-drop} => miss
[info] mutation-analysis: #s(mutant #f stack.rkt 6) {begin-drop} => miss
[info] mutation-analysis: #s(mutant #f main.rkt 5) {begin-drop} => miss
mutation-analysis: #s(mutant #f stack.rkt 11) {begin-drop} => miss
mutation-analysis: #s(mutant #f stack.rkt 1) {position-swap} => miss
mutation-analysis: #s(mutant #f main.rkt 6) {constant-swap} => hit
[info] mutation-analysis: #s(mutant #f stack.rkt 11) {begin-drop} => miss
[info] mutation-analysis: #s(mutant #f stack.rkt 1) {position-swap} => miss
[info] mutation-analysis: #s(mutant #f main.rkt 6) {constant-swap} => hit
mutation-analysis: #s(mutant #f stack.rkt 8) {position-swap} => miss
mutation-analysis: #s(mutant #f stack.rkt 5) {position-swap} => miss
mutation-analysis: #s(mutant #f stack.rkt 4) {position-swap} => miss
[info] mutation-analysis: #s(mutant #f stack.rkt 8) {position-swap} => miss
[info] mutation-analysis: #s(mutant #f stack.rkt 5) {position-swap} => miss
[info] mutation-analysis: #s(mutant #f stack.rkt 4) {position-swap} => miss
mutation-analysis: #s(mutant #f stack.rkt 17) {begin-drop} => miss
mutation-analysis: #s(mutant #f stack.rkt 15) {begin-drop} => miss
mutation-analysis: #s(mutant #f stack.rkt 10) {position-swap} => miss
mutation-analysis: #s(mutant #f stack.rkt 9) {position-swap} => miss
[info] mutation-analysis: #s(mutant #f stack.rkt 17) {begin-drop} => miss
[info] mutation-analysis: #s(mutant #f stack.rkt 15) {begin-drop} => miss
[info] mutation-analysis: #s(mutant #f stack.rkt 10) {position-swap} => miss
[info] mutation-analysis: #s(mutant #f stack.rkt 9) {position-swap} => miss
mutation-analysis: #s(mutant #f stack.rkt 14) {position-swap} => miss
mutation-analysis: #s(mutant #f stack.rkt 13) {constant-swap} => miss
mutation-analysis: #s(mutant #f stack.rkt 12) {negate-conditional} => miss
[info] mutation-analysis: #s(mutant #f stack.rkt 14) {position-swap} => miss
[info] mutation-analysis: #s(mutant #f stack.rkt 13) {constant-swap} => miss
[info] mutation-analysis: #s(mutant #f stack.rkt 12) {negate-conditional} => miss
mutation-analysis: #s(mutant #f stack.rkt 16) {position-swap} => miss
[info] mutation-analysis: #s(mutant #f stack.rkt 16) {position-swap} => miss
mutation-analysis: #s(mutant #f stack.rkt 19) {position-swap} => miss
mutation-analysis: #s(mutant #f stack.rkt 18) {position-swap} => miss
[info] mutation-analysis: #s(mutant #f stack.rkt 19) {position-swap} => miss
[info] mutation-analysis: #s(mutant #f stack.rkt 18) {position-swap} => miss
mutation-analysis: Mutation analysis complete.
#hash((fail
       .
       #hash((arithmetic-op-swap . 3)
             (begin-drop . 23)
             (boolean-op-swap . 15)
             (constant-swap . 55)
             (negate-conditional . 13)
             (position-swap . 138)))
      (success . #hash((constant-swap . 2) (position-swap . 1)))
      (total . 250))
mutation-analysis: Beginning one mutation analysis.
[info] mutation-analysis: Beginning one mutation analysis.
mutation-analysis: Configured mutatable modules: ("command.rkt" "eval.rkt" "main.rkt" "stack.rkt")
[info] mutation-analysis: Configured mutatable modules: ("command.rkt" "eval.rkt" "main.rkt" "stack.rkt")
mutation-analysis: Mutation analysis complete.
#hash((fail
       .
       #hash((arithmetic-op-swap . 3)
             (begin-drop . 23)
             (boolean-op-swap . 15)
             (constant-swap . 55)
             (negate-conditional[info] mutation-analysis: Mutation analysis complete.
 . 13)
             (position-swap . 138)))
      (success . #hash((constant-swap . 2) (position-swap . 1)))
      (total . 250))
mutation-analysis: Beginning one mutation analysis.
[info] mutation-analysis: Beginning one mutation analysis.
mutation-analysis: Configured mutatable modules: ("command.rkt" "eval.rkt" "main.rkt" "stack.rkt")
[info] mutation-analysis: Configured mutatable modules: ("command.rkt" "eval.rkt" "main.rkt" "stack.rkt")
[info] mutation-runner: Mutating module #<mod: #<path:/Users/nhejduk/Research-Local/blgt-parent/gtp-benchmarks/benchmarks/forth/untyped/command.rkt> #<syntax from #<path:/Users/nhejduk/Research-Local/blgt-parent/contracts-and-testing/bex/configurables/configurations/module-export-ctcs.rkt>>> @ 10050 using configured mutator #<procedure:mutate-benchmark>
[warning] mutation-runner: configured mutator #<procedure:mutate-benchmark> has no mutant #<mod: #<path:/Users/nhejduk/Research-Local/blgt-parent/gtp-benchmarks/benchmarks/forth/untyped/command.rkt> #<syntax from #<path:/Users/nhejduk/Research-Local/blgt-parent/contracts-and-testing/bex/configurables/configurations/module-export-ctcs.rkt>>> @ 10050
[info] mutation-runner: Mutating module #<mod: #<path:/Users/nhejduk/Research-Local/blgt-parent/gtp-benchmarks/benchmarks/forth/untyped/command.rkt> #<syntax from #<path:/Users/nhejduk/Research-Local/blgt-parent/contracts-and-testing/bex/configurables/configurations/module-export-ctcs.rkt>>> @ 5024 using configured mutator #<procedure:mutate-benchmark>
[warning] mutation-runner: configured mutator #<procedure:mutate-benchmark> has no mutant #<mod: #<path:/Users/nhejduk/Research-Local/blgt-parent/gtp-benchmarks/benchmarks/forth/untyped/command.rkt> #<syntax from #<path:/Users/nhejduk/Research-Local/blgt-parent/contracts-and-testing/bex/configurables/configurations/module-export-ctcs.rkt>>> @ 5024
[info] mutation-runner: Mutating module #<mod: #<path:/Users/nhejduk/Research-Local/blgt-parent/gtp-benchmarks/benchmarks/forth/untyped/command.rkt> #<syntax from #<path:/Users/nhejduk/Research-Local/blgt-parent/contracts-and-testing/bex/configurables/configurations/module-export-ctcs.rkt>>> @ 2511 using configured mutator #<procedure:mutate-benchmark>
[warning] mutation-runner: configured mutator #<procedure:mutate-benchmark> has no mutant #<mod: #<path:/Users/nhejduk/Research-Local/blgt-parent/gtp-benchmarks/benchmarks/forth/untyped/command.rkt> #<syntax from #<path:/Users/nhejduk/Research-Local/blgt-parent/contracts-and-testing/bex/configurables/configurations/module-export-ctcs.rkt>>> @ 2511
[info] mutation-runner: Mutating module #<mod: #<path:/Users/nhejduk/Research-Local/blgt-parent/gtp-benchmarks/benchmarks/forth/untyped/command.rkt> #<syntax from #<path:/Users/nhejduk/Research-Local/blgt-parent/contracts-and-testing/bex/configurables/configurations/module-export-ctcs.rkt>>> @ 1255 using configured mutator #<procedure:mutate-benchmark>
[warning] mutation-runner: configured mutator #<procedure:mutate-benchmark> has no mutant #<mod: #<path:/Users/nhejduk/Research-Local/blgt-parent/gtp-benchmarks/benchmarks/forth/untyped/command.rkt> #<syntax from #<path:/Users/nhejduk/Research-Local/blgt-parent/contracts-and-testing/bex/configurables/configurations/module-export-ctcs.rkt>>> @ 1255
[info] mutation-runner: Mutating module #<mod: #<path:/Users/nhejduk/Research-Local/blgt-parent/gtp-benchmarks/benchmarks/forth/untyped/command.rkt> #<syntax from #<path:/Users/nhejduk/Research-Local/blgt-parent/contracts-and-testing/bex/configurables/configurations/module-export-ctcs.rkt>>> @ 627 using configured mutator #<procedure:mutate-benchmark>
[warning] mutation-runner: configured mutator #<procedure:mutate-benchmark> has no mutant #<mod: #<path:/Users/nhejduk/Research-Local/blgt-parent/gtp-benchmarks/benchmarks/forth/untyped/command.rkt> #<syntax from #<path:/Users/nhejduk/Research-Local/blgt-parent/contracts-and-testing/bex/configurables/configurations/module-export-ctcs.rkt>>> @ 627
[info] mutation-runner: Mutating module #<mod: #<path:/Users/nhejduk/Research-Local/blgt-parent/gtp-benchmarks/benchmarks/forth/untyped/command.rkt> #<syntax from #<path:/Users/nhejduk/Research-Local/blgt-parent/contracts-and-testing/bex/configurables/configurations/module-export-ctcs.rkt>>> @ 313 using configured mutator #<procedure:mutate-benchmark>
[warning] mutation-runner: configured mutator #<procedure:mutate-benchmark> has no mutant #<mod: #<path:/Users/nhejduk/Research-Local/blgt-parent/gtp-benchmarks/benchmarks/forth/untyped/command.rkt> #<syntax from #<path:/Users/nhejduk/Research-Local/blgt-parent/contracts-and-testing/bex/configurables/configurations/module-export-ctcs.rkt>>> @ 313
[info] mutation-runner: Mutating module #<mod: #<path:/Users/nhejduk/Research-Local/blgt-parent/gtp-benchmarks/benchmarks/forth/untyped/command.rkt> #<syntax from #<path:/Users/nhejduk/Research-Local/blgt-parent/contracts-and-testing/bex/configurables/configurations/module-export-ctcs.rkt>>> @ 156 using configured mutator #<procedure:mutate-benchmark>
[info] mutation-runner: Mutating module #<mod: #<path:/Users/nhejduk/Research-Local/blgt-parent/gtp-benchmarks/benchmarks/forth/untyped/command.rkt> #<syntax from #<path:/Users/nhejduk/Research-Local/blgt-parent/contracts-and-testing/bex/configurables/configurations/module-export-ctcs.rkt>>> @ 234 using configured mutator #<procedure:mutate-benchmark>
[warning] mutation-runner: configured mutator #<procedure:mutate-benchmark> has no mutant #<mod: #<path:/Users/nhejduk/Research-Local/blgt-parent/gtp-benchmarks/benchmarks/forth/untyped/command.rkt> #<syntax from #<path:/Users/nhejduk/Research-Local/blgt-parent/contracts-and-testing/bex/configurables/configurations/module-export-ctcs.rkt>>> @ 234
[info] mutation-runner: Mutating module #<mod: #<path:/Users/nhejduk/Research-Local/blgt-parent/gtp-benchmarks/benchmarks/forth/untyped/command.rkt> #<syntax from #<path:/Users/nhejduk/Research-Local/blgt-parent/contracts-and-testing/bex/configurables/configurations/module-export-ctcs.rkt>>> @ 195 using configured mutator #<procedure:mutate-benchmark>
[warning] mutation-runner: configured mutator #<procedure:mutate-benchmark> has no mutant #<mod: #<path:/Users/nhejduk/Research-Local/blgt-parent/gtp-benchmarks/benchmarks/forth/untyped/command.rkt> #<syntax from #<path:/Users/nhejduk/Research-Local/blgt-parent/contracts-and-testing/bex/configurables/configurations/module-export-ctcs.rkt>>> @ 195
[info] mutation-runner: Mutating module #<mod: #<path:/Users/nhejduk/Research-Local/blgt-parent/gtp-benchmarks/benchmarks/forth/untyped/command.rkt> #<syntax from #<path:/Users/nhejduk/Research-Local/blgt-parent/contracts-and-testing/bex/configurables/configurations/module-export-ctcs.rkt>>> @ 175 using configured mutator #<procedure:mutate-benchmark>
[warning] mutation-runner: configured mutator #<procedure:mutate-benchmark> has no mutant #<mod: #<path:/Users/nhejduk/Research-Local/blgt-parent/gtp-benchmarks/benchmarks/forth/untyped/command.rkt> #<syntax from #<path:/Users/nhejduk/Research-Local/blgt-parent/contracts-and-testing/bex/configurables/configurations/module-export-ctcs.rkt>>> @ 175
[info] mutation-runner: Mutating module #<mod: #<path:/Users/nhejduk/Research-Local/blgt-parent/gtp-benchmarks/benchmarks/forth/untyped/command.rkt> #<syntax from #<path:/Users/nhejduk/Research-Local/blgt-parent/contracts-and-testing/bex/configurables/configurations/module-export-ctcs.rkt>>> @ 165 using configured mutator #<procedure:mutate-benchmark>
[warning] mutation-runner: configured mutator #<procedure:mutate-benchmark> has no mutant #<mod: #<path:/Users/nhejduk/Research-Local/blgt-parent/gtp-benchmarks/benchmarks/forth/untyped/command.rkt> #<syntax from #<path:/Users/nhejduk/Research-Local/blgt-parent/contracts-and-testing/bex/configurables/configurations/module-export-ctcs.rkt>>> @ 165
[info] mutation-runner: Mutating module #<mod: #<path:/Users/nhejduk/Research-Local/blgt-parent/gtp-benchmarks/benchmarks/forth/untyped/command.rkt> #<syntax from #<path:/Users/nhejduk/Research-Local/blgt-parent/contracts-and-testing/bex/configurables/configurations/module-export-ctcs.rkt>>> @ 160 using configured mutator #<procedure:mutate-benchmark>
[warning] mutation-runner: configured mutator #<procedure:mutate-benchmark> has no mutant #<mod: #<path:/Users/nhejduk/Research-Local/blgt-parent/gtp-benchmarks/benchmarks/forth/untyped/command.rkt> #<syntax from #<path:/Users/nhejduk/Research-Local/blgt-parent/contracts-and-testing/bex/configurables/configurations/module-export-ctcs.rkt>>> @ 160
[info] mutation-runner: Mutating module #<mod: #<path:/Users/nhejduk/Research-Local/blgt-parent/gtp-benchmarks/benchmarks/forth/untyped/command.rkt> #<syntax from #<path:/Users/nhejduk/Research-Local/blgt-parent/contracts-and-testing/bex/configurables/configurations/module-export-ctcs.rkt>>> @ 158 using configured mutator #<procedure:mutate-benchmark>
[warning] mutation-runner: configured mutator #<procedure:mutate-benchmark> has no mutant #<mod: #<path:/Users/nhejduk/Research-Local/blgt-parent/gtp-benchmarks/benchmarks/forth/untyped/command.rkt> #<syntax from #<path:/Users/nhejduk/Research-Local/blgt-parent/contracts-and-testing/bex/configurables/configurations/module-export-ctcs.rkt>>> @ 158
[info] mutation-runner: Mutating module #<mod: #<path:/Users/nhejduk/Research-Local/blgt-parent/gtp-benchmarks/benchmarks/forth/untyped/command.rkt> #<syntax from #<path:/Users/nhejduk/Research-Local/blgt-parent/contracts-and-testing/bex/configurables/configurations/module-export-ctcs.rkt>>> @ 157 using configured mutator #<procedure:mutate-benchmark>
[info] mutation-runner: Mutating module #<mod: #<path:/Users/nhejduk/Research-Local/blgt-parent/gtp-benchmarks/benchmarks/forth/untyped/eval.rkt> #<syntax from #<path:/Users/nhejduk/Research-Local/blgt-parent/contracts-and-testing/bex/configurables/configurations/module-export-ctcs.rkt>>> @ 10050 using configured mutator #<procedure:mutate-benchmark>
[warning] mutation-runner: configured mutator #<procedure:mutate-benchmark> has no mutant #<mod: #<path:/Users/nhejduk/Research-Local/blgt-parent/gtp-benchmarks/benchmarks/forth/untyped/eval.rkt> #<syntax from #<path:/Users/nhejduk/Research-Local/blgt-parent/contracts-and-testing/bex/configurables/configurations/module-export-ctcs.rkt>>> @ 10050
[info] mutation-runner: Mutating module #<mod: #<path:/Users/nhejduk/Research-Local/blgt-parent/gtp-benchmarks/benchmarks/forth/untyped/eval.rkt> #<syntax from #<path:/Users/nhejduk/Research-Local/blgt-parent/contracts-and-testing/bex/configurables/configurations/module-export-ctcs.rkt>>> @ 5024 using configured mutator #<procedure:mutate-benchmark>
[warning] mutation-runner: configured mutator #<procedure:mutate-benchmark> has no mutant #<mod: #<path:/Users/nhejduk/Research-Local/blgt-parent/gtp-benchmarks/benchmarks/forth/untyped/eval.rkt> #<syntax from #<path:/Users/nhejduk/Research-Local/blgt-parent/contracts-and-testing/bex/configurables/configurations/module-export-ctcs.rkt>>> @ 5024
[info] mutation-runner: Mutating module #<mod: #<path:/Users/nhejduk/Research-Local/blgt-parent/gtp-benchmarks/benchmarks/forth/untyped/eval.rkt> #<syntax from #<path:/Users/nhejduk/Research-Local/blgt-parent/contracts-and-testing/bex/configurables/configurations/module-export-ctcs.rkt>>> @ 2511 using configured mutator #<procedure:mutate-benchmark>
[warning] mutation-runner: configured mutator #<procedure:mutate-benchmark> has no mutant #<mod: #<path:/Users/nhejduk/Research-Local/blgt-parent/gtp-benchmarks/benchmarks/forth/untyped/eval.rkt> #<syntax from #<path:/Users/nhejduk/Research-Local/blgt-parent/contracts-and-testing/bex/configurables/configurations/module-export-ctcs.rkt>>> @ 2511
[info] mutation-runner: Mutating module #<mod: #<path:/Users/nhejduk/Research-Local/blgt-parent/gtp-benchmarks/benchmarks/forth/untyped/eval.rkt> #<syntax from #<path:/Users/nhejduk/Research-Local/blgt-parent/contracts-and-testing/bex/configurables/configurations/module-export-ctcs.rkt>>> @ 1255 using configured mutator #<procedure:mutate-benchmark>
[warning] mutation-runner: configured mutator #<procedure:mutate-benchmark> has no mutant #<mod: #<path:/Users/nhejduk/Research-Local/blgt-parent/gtp-benchmarks/benchmarks/forth/untyped/eval.rkt> #<syntax from #<path:/Users/nhejduk/Research-Local/blgt-parent/contracts-and-testing/bex/configurables/configurations/module-export-ctcs.rkt>>> @ 1255
[info] mutation-runner: Mutating module #<mod: #<path:/Users/nhejduk/Research-Local/blgt-parent/gtp-benchmarks/benchmarks/forth/untyped/eval.rkt> #<syntax from #<path:/Users/nhejduk/Research-Local/blgt-parent/contracts-and-testing/bex/configurables/configurations/module-export-ctcs.rkt>>> @ 627 using configured mutator #<procedure:mutate-benchmark>
[warning] mutation-runner: configured mutator #<procedure:mutate-benchmark> has no mutant #<mod: #<path:/Users/nhejduk/Research-Local/blgt-parent/gtp-benchmarks/benchmarks/forth/untyped/eval.rkt> #<syntax from #<path:/Users/nhejduk/Research-Local/blgt-parent/contracts-and-testing/bex/configurables/configurations/module-export-ctcs.rkt>>> @ 627
[info] mutation-runner: Mutating module #<mod: #<path:/Users/nhejduk/Research-Local/blgt-parent/gtp-benchmarks/benchmarks/forth/untyped/eval.rkt> #<syntax from #<path:/Users/nhejduk/Research-Local/blgt-parent/contracts-and-testing/bex/configurables/configurations/module-export-ctcs.rkt>>> @ 313 using configured mutator #<procedure:mutate-benchmark>
[warning] mutation-runner: configured mutator #<procedure:mutate-benchmark> has no mutant #<mod: #<path:/Users/nhejduk/Research-Local/blgt-parent/gtp-benchmarks/benchmarks/forth/untyped/eval.rkt> #<syntax from #<path:/Users/nhejduk/Research-Local/blgt-parent/contracts-and-testing/bex/configurables/configurations/module-export-ctcs.rkt>>> @ 313
[info] mutation-runner: Mutating module #<mod: #<path:/Users/nhejduk/Research-Local/blgt-parent/gtp-benchmarks/benchmarks/forth/untyped/eval.rkt> #<syntax from #<path:/Users/nhejduk/Research-Local/blgt-parent/contracts-and-testing/bex/configurables/configurations/module-export-ctcs.rkt>>> @ 156 using configured mutator #<procedure:mutate-benchmark>
[warning] mutation-runner: configured mutator #<procedure:mutate-benchmark> has no mutant #<mod: #<path:/Users/nhejduk/Research-Local/blgt-parent/gtp-benchmarks/benchmarks/forth/untyped/eval.rkt> #<syntax from #<path:/Users/nhejduk/Research-Local/blgt-parent/contracts-and-testing/bex/configurables/configurations/module-export-ctcs.rkt>>> @ 156
[info] mutation-runner: Mutating module #<mod: #<path:/Users/nhejduk/Research-Local/blgt-parent/gtp-benchmarks/benchmarks/forth/untyped/eval.rkt> #<syntax from #<path:/Users/nhejduk/Research-Local/blgt-parent/contracts-and-testing/bex/configurables/configurations/module-export-ctcs.rkt>>> @ 77 using configured mutator #<procedure:mutate-benchmark>
[warning] mutation-runner: configured mutator #<procedure:mutate-benchmark> has no mutant #<mod: #<path:/Users/nhejduk/Research-Local/blgt-parent/gtp-benchmarks/benchmarks/forth/untyped/eval.rkt> #<syntax from #<path:/Users/nhejduk/Research-Local/blgt-parent/contracts-and-testing/bex/configurables/configurations/module-export-ctcs.rkt>>> @ 77
[info] mutation-runner: Mutating module #<mod: #<path:/Users/nhejduk/Research-Local/blgt-parent/gtp-benchmarks/benchmarks/forth/untyped/eval.rkt> #<syntax from #<path:/Users/nhejduk/Research-Local/blgt-parent/contracts-and-testing/bex/configurables/configurations/module-export-ctcs.rkt>>> @ 38 using configured mutator #<procedure:mutate-benchmark>
[info] mutation-runner: Mutating module #<mod: #<path:/Users/nhejduk/Research-Local/blgt-parent/gtp-benchmarks/benchmarks/forth/untyped/eval.rkt> #<syntax from #<path:/Users/nhejduk/Research-Local/blgt-parent/contracts-and-testing/bex/configurables/configurations/module-export-ctcs.rkt>>> @ 57 using configured mutator #<procedure:mutate-benchmark>
[info] mutation-runner: Mutating module #<mod: #<path:/Users/nhejduk/Research-Local/blgt-parent/gtp-benchmarks/benchmarks/forth/untyped/eval.rkt> #<syntax from #<path:/Users/nhejduk/Research-Local/blgt-parent/contracts-and-testing/bex/configurables/configurations/module-export-ctcs.rkt>>> @ 67 using configured mutator #<procedure:mutate-benchmark>
[warning] mutation-runner: configured mutator #<procedure:mutate-benchmark> has no mutant #<mod: #<path:/Users/nhejduk/Research-Local/blgt-parent/gtp-benchmarks/benchmarks/forth/untyped/eval.rkt> #<syntax from #<path:/Users/nhejduk/Research-Local/blgt-parent/contracts-and-testing/bex/configurables/configurations/module-export-ctcs.rkt>>> @ 67
[info] mutation-runner: Mutating module #<mod: #<path:/Users/nhejduk/Research-Local/blgt-parent/gtp-benchmarks/benchmarks/forth/untyped/eval.rkt> #<syntax from #<path:/Users/nhejduk/Research-Local/blgt-parent/contracts-and-testing/bex/configurables/configurations/module-export-ctcs.rkt>>> @ 62 using configured mutator #<procedure:mutate-benchmark>
[info] mutation-runner: Mutating module #<mod: #<path:/Users/nhejduk/Research-Local/blgt-parent/gtp-benchmarks/benchmarks/forth/untyped/eval.rkt> #<syntax from #<path:/Users/nhejduk/Research-Local/blgt-parent/contracts-and-testing/bex/configurables/configurations/module-export-ctcs.rkt>>> @ 64 using configured mutator #<procedure:mutate-benchmark>
[info] mutation-runner: Mutating module #<mod: #<path:/Users/nhejduk/Research-Local/blgt-parent/gtp-benchmarks/benchmarks/forth/untyped/eval.rkt> #<syntax from #<path:/Users/nhejduk/Research-Local/blgt-parent/contracts-and-testing/bex/configurables/configurations/module-export-ctcs.rkt>>> @ 65 using configured mutator #<procedure:mutate-benchmark>
[warning] mutation-runner: configured mutator #<procedure:mutate-benchmark> has no mutant #<mod: #<path:/Users/nhejduk/Research-Local/blgt-parent/gtp-benchmarks/benchmarks/forth/untyped/eval.rkt> #<syntax from #<path:/Users/nhejduk/Research-Local/blgt-parent/contracts-and-testing/bex/configurables/configurations/module-export-ctcs.rkt>>> @ 65
[info] mutation-runner: Mutating module #<mod: #<path:/Users/nhejduk/Research-Local/blgt-parent/gtp-benchmarks/benchmarks/forth/untyped/main.rkt> #<syntax from #<path:/Users/nhejduk/Research-Local/blgt-parent/contracts-and-testing/bex/configurables/configurations/module-export-ctcs.rkt>>> @ 10050 using configured mutator #<procedure:mutate-benchmark>
[warning] mutation-runner: configured mutator #<procedure:mutate-benchmark> has no mutant #<mod: #<path:/Users/nhejduk/Research-Local/blgt-parent/gtp-benchmarks/benchmarks/forth/untyped/main.rkt> #<syntax from #<path:/Users/nhejduk/Research-Local/blgt-parent/contracts-and-testing/bex/configurables/configurations/module-export-ctcs.rkt>>> @ 10050
[info] mutation-runner: Mutating module #<mod: #<path:/Users/nhejduk/Research-Local/blgt-parent/gtp-benchmarks/benchmarks/forth/untyped/main.rkt> #<syntax from #<path:/Users/nhejduk/Research-Local/blgt-parent/contracts-and-testing/bex/configurables/configurations/module-export-ctcs.rkt>>> @ 5024 using configured mutator #<procedure:mutate-benchmark>
[warning] mutation-runner: configured mutator #<procedure:mutate-benchmark> has no mutant #<mod: #<path:/Users/nhejduk/Research-Local/blgt-parent/gtp-benchmarks/benchmarks/forth/untyped/main.rkt> #<syntax from #<path:/Users/nhejduk/Research-Local/blgt-parent/contracts-and-testing/bex/configurables/configurations/module-export-ctcs.rkt>>> @ 5024
[info] mutation-runner: Mutating module #<mod: #<path:/Users/nhejduk/Research-Local/blgt-parent/gtp-benchmarks/benchmarks/forth/untyped/main.rkt> #<syntax from #<path:/Users/nhejduk/Research-Local/blgt-parent/contracts-and-testing/bex/configurables/configurations/module-export-ctcs.rkt>>> @ 2511 using configured mutator #<procedure:mutate-benchmark>
[warning] mutation-runner: configured mutator #<procedure:mutate-benchmark> has no mutant #<mod: #<path:/Users/nhejduk/Research-Local/blgt-parent/gtp-benchmarks/benchmarks/forth/untyped/main.rkt> #<syntax from #<path:/Users/nhejduk/Research-Local/blgt-parent/contracts-and-testing/bex/configurables/configurations/module-export-ctcs.rkt>>> @ 2511
[info] mutation-runner: Mutating module #<mod: #<path:/Users/nhejduk/Research-Local/blgt-parent/gtp-benchmarks/benchmarks/forth/untyped/main.rkt> #<syntax from #<path:/Users/nhejduk/Research-Local/blgt-parent/contracts-and-testing/bex/configurables/configurations/module-export-ctcs.rkt>>> @ 1255 using configured mutator #<procedure:mutate-benchmark>
[warning] mutation-runner: configured mutator #<procedure:mutate-benchmark> has no mutant #<mod: #<path:/Users/nhejduk/Research-Local/blgt-parent/gtp-benchmarks/benchmarks/forth/untyped/main.rkt> #<syntax from #<path:/Users/nhejduk/Research-Local/blgt-parent/contracts-and-testing/bex/configurables/configurations/module-export-ctcs.rkt>>> @ 1255
[info] mutation-runner: Mutating module #<mod: #<path:/Users/nhejduk/Research-Local/blgt-parent/gtp-benchmarks/benchmarks/forth/untyped/main.rkt> #<syntax from #<path:/Users/nhejduk/Research-Local/blgt-parent/contracts-and-testing/bex/configurables/configurations/module-export-ctcs.rkt>>> @ 627 using configured mutator #<procedure:mutate-benchmark>
[warning] mutation-runner: configured mutator #<procedure:mutate-benchmark> has no mutant #<mod: #<path:/Users/nhejduk/Research-Local/blgt-parent/gtp-benchmarks/benchmarks/forth/untyped/main.rkt> #<syntax from #<path:/Users/nhejduk/Research-Local/blgt-parent/contracts-and-testing/bex/configurables/configurations/module-export-ctcs.rkt>>> @ 627
[info] mutation-runner: Mutating module #<mod: #<path:/Users/nhejduk/Research-Local/blgt-parent/gtp-benchmarks/benchmarks/forth/untyped/main.rkt> #<syntax from #<path:/Users/nhejduk/Research-Local/blgt-parent/contracts-and-testing/bex/configurables/configurations/module-export-ctcs.rkt>>> @ 313 using configured mutator #<procedure:mutate-benchmark>
[warning] mutation-runner: configured mutator #<procedure:mutate-benchmark> has no mutant #<mod: #<path:/Users/nhejduk/Research-Local/blgt-parent/gtp-benchmarks/benchmarks/forth/untyped/main.rkt> #<syntax from #<path:/Users/nhejduk/Research-Local/blgt-parent/contracts-and-testing/bex/configurables/configurations/module-export-ctcs.rkt>>> @ 313
[info] mutation-runner: Mutating module #<mod: #<path:/Users/nhejduk/Research-Local/blgt-parent/gtp-benchmarks/benchmarks/forth/untyped/main.rkt> #<syntax from #<path:/Users/nhejduk/Research-Local/blgt-parent/contracts-and-testing/bex/configurables/configurations/module-export-ctcs.rkt>>> @ 156 using configured mutator #<procedure:mutate-benchmark>
[warning] mutation-runner: configured mutator #<procedure:mutate-benchmark> has no mutant #<mod: #<path:/Users/nhejduk/Research-Local/blgt-parent/gtp-benchmarks/benchmarks/forth/untyped/main.rkt> #<syntax from #<path:/Users/nhejduk/Research-Local/blgt-parent/contracts-and-testing/bex/configurables/configurations/module-export-ctcs.rkt>>> @ 156
[info] mutation-runner: Mutating module #<mod: #<path:/Users/nhejduk/Research-Local/blgt-parent/gtp-benchmarks/benchmarks/forth/untyped/main.rkt> #<syntax from #<path:/Users/nhejduk/Research-Local/blgt-parent/contracts-and-testing/bex/configurables/configurations/module-export-ctcs.rkt>>> @ 77 using configured mutator #<procedure:mutate-benchmark>
[warning] mutation-runner: configured mutator #<procedure:mutate-benchmark> has no mutant #<mod: #<path:/Users/nhejduk/Research-Local/blgt-parent/gtp-benchmarks/benchmarks/forth/untyped/main.rkt> #<syntax from #<path:/Users/nhejduk/Research-Local/blgt-parent/contracts-and-testing/bex/configurables/configurations/module-export-ctcs.rkt>>> @ 77
[info] mutation-runner: Mutating module #<mod: #<path:/Users/nhejduk/Research-Local/blgt-parent/gtp-benchmarks/benchmarks/forth/untyped/main.rkt> #<syntax from #<path:/Users/nhejduk/Research-Local/blgt-parent/contracts-and-testing/bex/configurables/configurations/module-export-ctcs.rkt>>> @ 38 using configured mutator #<procedure:mutate-benchmark>
[warning] mutation-runner: configured mutator #<procedure:mutate-benchmark> has no mutant #<mod: #<path:/Users/nhejduk/Research-Local/blgt-parent/gtp-benchmarks/benchmarks/forth/untyped/main.rkt> #<syntax from #<path:/Users/nhejduk/Research-Local/blgt-parent/contracts-and-testing/bex/configurables/configurations/module-export-ctcs.rkt>>> @ 38
[info] mutation-runner: Mutating module #<mod: #<path:/Users/nhejduk/Research-Local/blgt-parent/gtp-benchmarks/benchmarks/forth/untyped/main.rkt> #<syntax from #<path:/Users/nhejduk/Research-Local/blgt-parent/contracts-and-testing/bex/configurables/configurations/module-export-ctcs.rkt>>> @ 18 using configured mutator #<procedure:mutate-benchmark>
[warning] mutation-runner: configured mutator #<procedure:mutate-benchmark> has no mutant #<mod: #<path:/Users/nhejduk/Research-Local/blgt-parent/gtp-benchmarks/benchmarks/forth/untyped/main.rkt> #<syntax from #<path:/Users/nhejduk/Research-Local/blgt-parent/contracts-and-testing/bex/configurables/configurations/module-export-ctcs.rkt>>> @ 18
[info] mutation-runner: Mutating module #<mod: #<path:/Users/nhejduk/Research-Local/blgt-parent/gtp-benchmarks/benchmarks/forth/untyped/main.rkt> #<syntax from #<path:/Users/nhejduk/Research-Local/blgt-parent/contracts-and-testing/bex/configurables/configurations/module-export-ctcs.rkt>>> @ 8 using configured mutator #<procedure:mutate-benchmark>
[warning] mutation-runner: configured mutator #<procedure:mutate-benchmark> has no mutant #<mod: #<path:/Users/nhejduk/Research-Local/blgt-parent/gtp-benchmarks/benchmarks/forth/untyped/main.rkt> #<syntax from #<path:/Users/nhejduk/Research-Local/blgt-parent/contracts-and-testing/bex/configurables/configurations/module-export-ctcs.rkt>>> @ 8
[info] mutation-runner: Mutating module #<mod: #<path:/Users/nhejduk/Research-Local/blgt-parent/gtp-benchmarks/benchmarks/forth/untyped/main.rkt> #<syntax from #<path:/Users/nhejduk/Research-Local/blgt-parent/contracts-and-testing/bex/configurables/configurations/module-export-ctcs.rkt>>> @ 3 using configured mutator #<procedure:mutate-benchmark>
[info] mutation-runner: Mutating module #<mod: #<path:/Users/nhejduk/Research-Local/blgt-parent/gtp-benchmarks/benchmarks/forth/untyped/main.rkt> #<syntax from #<path:/Users/nhejduk/Research-Local/blgt-parent/contracts-and-testing/bex/configurables/configurations/module-export-ctcs.rkt>>> @ 5 using configured mutator #<procedure:mutate-benchmark>
[info] mutation-runner: Mutating module #<mod: #<path:/Users/nhejduk/Research-Local/blgt-parent/gtp-benchmarks/benchmarks/forth/untyped/main.rkt> #<syntax from #<path:/Users/nhejduk/Research-Local/blgt-parent/contracts-and-testing/bex/configurables/configurations/module-export-ctcs.rkt>>> @ 6 using configured mutator #<procedure:mutate-benchmark>
[info] mutation-runner: Mutating module #<mod: #<path:/Users/nhejduk/Research-Local/blgt-parent/gtp-benchmarks/benchmarks/forth/untyped/main.rkt> #<syntax from #<path:/Users/nhejduk/Research-Local/blgt-parent/contracts-and-testing/bex/configurables/configurations/module-export-ctcs.rkt>>> @ 7 using configured mutator #<procedure:mutate-benchmark>
[warning] mutation-runner: configured mutator #<procedure:mutate-benchmark> has no mutant #<mod: #<path:/Users/nhejduk/Research-Local/blgt-parent/gtp-benchmarks/benchmarks/forth/untyped/main.rkt> #<syntax from #<path:/Users/nhejduk/Research-Local/blgt-parent/contracts-and-testing/bex/configurables/configurations/module-export-ctcs.rkt>>> @ 7
[info] mutation-runner: Mutating module #<mod: #<path:/Users/nhejduk/Research-Local/blgt-parent/gtp-benchmarks/benchmarks/forth/untyped/stack.rkt> #<syntax from #<path:/Users/nhejduk/Research-Local/blgt-parent/contracts-and-testing/bex/configurables/configurations/module-export-ctcs.rkt>>> @ 10050 using configured mutator #<procedure:mutate-benchmark>
[warning] mutation-runner: configured mutator #<procedure:mutate-benchmark> has no mutant #<mod: #<path:/Users/nhejduk/Research-Local/blgt-parent/gtp-benchmarks/benchmarks/forth/untyped/stack.rkt> #<syntax from #<path:/Users/nhejduk/Research-Local/blgt-parent/contracts-and-testing/bex/configurables/configurations/module-export-ctcs.rkt>>> @ 10050
[info] mutation-runner: Mutating module #<mod: #<path:/Users/nhejduk/Research-Local/blgt-parent/gtp-benchmarks/benchmarks/forth/untyped/stack.rkt> #<syntax from #<path:/Users/nhejduk/Research-Local/blgt-parent/contracts-and-testing/bex/configurables/configurations/module-export-ctcs.rkt>>> @ 5024 using configured mutator #<procedure:mutate-benchmark>
[warning] mutation-runner: configured mutator #<procedure:mutate-benchmark> has no mutant #<mod: #<path:/Users/nhejduk/Research-Local/blgt-parent/gtp-benchmarks/benchmarks/forth/untyped/stack.rkt> #<syntax from #<path:/Users/nhejduk/Research-Local/blgt-parent/contracts-and-testing/bex/configurables/configurations/module-export-ctcs.rkt>>> @ 5024
[info] mutation-runner: Mutating module #<mod: #<path:/Users/nhejduk/Research-Local/blgt-parent/gtp-benchmarks/benchmarks/forth/untyped/stack.rkt> #<syntax from #<path:/Users/nhejduk/Research-Local/blgt-parent/contracts-and-testing/bex/configurables/configurations/module-export-ctcs.rkt>>> @ 2511 using configured mutator #<procedure:mutate-benchmark>
[warning] mutation-runner: configured mutator #<procedure:mutate-benchmark> has no mutant #<mod: #<path:/Users/nhejduk/Research-Local/blgt-parent/gtp-benchmarks/benchmarks/forth/untyped/stack.rkt> #<syntax from #<path:/Users/nhejduk/Research-Local/blgt-parent/contracts-and-testing/bex/configurables/configurations/module-export-ctcs.rkt>>> @ 2511
[info] mutation-runner: Mutating module #<mod: #<path:/Users/nhejduk/Research-Local/blgt-parent/gtp-benchmarks/benchmarks/forth/untyped/stack.rkt> #<syntax from #<path:/Users/nhejduk/Research-Local/blgt-parent/contracts-and-testing/bex/configurables/configurations/module-export-ctcs.rkt>>> @ 1255 using configured mutator #<procedure:mutate-benchmark>
[warning] mutation-runner: configured mutator #<procedure:mutate-benchmark> has no mutant #<mod: #<path:/Users/nhejduk/Research-Local/blgt-parent/gtp-benchmarks/benchmarks/forth/untyped/stack.rkt> #<syntax from #<path:/Users/nhejduk/Research-Local/blgt-parent/contracts-and-testing/bex/configurables/configurations/module-export-ctcs.rkt>>> @ 1255
[info] mutation-runner: Mutating module #<mod: #<path:/Users/nhejduk/Research-Local/blgt-parent/gtp-benchmarks/benchmarks/forth/untyped/stack.rkt> #<syntax from #<path:/Users/nhejduk/Research-Local/blgt-parent/contracts-and-testing/bex/configurables/configurations/module-export-ctcs.rkt>>> @ 627 using configured mutator #<procedure:mutate-benchmark>
[warning] mutation-runner: configured mutator #<procedure:mutate-benchmark> has no mutant #<mod: #<path:/Users/nhejduk/Research-Local/blgt-parent/gtp-benchmarks/benchmarks/forth/untyped/stack.rkt> #<syntax from #<path:/Users/nhejduk/Research-Local/blgt-parent/contracts-and-testing/bex/configurables/configurations/module-export-ctcs.rkt>>> @ 627
[info] mutation-runner: Mutating module #<mod: #<path:/Users/nhejduk/Research-Local/blgt-parent/gtp-benchmarks/benchmarks/forth/untyped/stack.rkt> #<syntax from #<path:/Users/nhejduk/Research-Local/blgt-parent/contracts-and-testing/bex/configurables/configurations/module-export-ctcs.rkt>>> @ 313 using configured mutator #<procedure:mutate-benchmark>
[warning] mutation-runner: configured mutator #<procedure:mutate-benchmark> has no mutant #<mod: #<path:/Users/nhejduk/Research-Local/blgt-parent/gtp-benchmarks/benchmarks/forth/untyped/stack.rkt> #<syntax from #<path:/Users/nhejduk/Research-Local/blgt-parent/contracts-and-testing/bex/configurables/configurations/module-export-ctcs.rkt>>> @ 313
[info] mutation-runner: Mutating module #<mod: #<path:/Users/nhejduk/Research-Local/blgt-parent/gtp-benchmarks/benchmarks/forth/untyped/stack.rkt> #<syntax from #<path:/Users/nhejduk/Research-Local/blgt-parent/contracts-and-testing/bex/configurables/configurations/module-export-ctcs.rkt>>> @ 156 using configured mutator #<procedure:mutate-benchmark>
[warning] mutation-runner: configured mutator #<procedure:mutate-benchmark> has no mutant #<mod: #<path:/Users/nhejduk/Research-Local/blgt-parent/gtp-benchmarks/benchmarks/forth/untyped/stack.rkt> #<syntax from #<path:/Users/nhejduk/Research-Local/blgt-parent/contracts-and-testing/bex/configurables/configurations/module-export-ctcs.rkt>>> @ 156
[info] mutation-runner: Mutating module #<mod: #<path:/Users/nhejduk/Research-Local/blgt-parent/gtp-benchmarks/benchmarks/forth/untyped/stack.rkt> #<syntax from #<path:/Users/nhejduk/Research-Local/blgt-parent/contracts-and-testing/bex/configurables/configurations/module-export-ctcs.rkt>>> @ 77 using configured mutator #<procedure:mutate-benchmark>
[warning] mutation-runner: configured mutator #<procedure:mutate-benchmark> has no mutant #<mod: #<path:/Users/nhejduk/Research-Local/blgt-parent/gtp-benchmarks/benchmarks/forth/untyped/stack.rkt> #<syntax from #<path:/Users/nhejduk/Research-Local/blgt-parent/contracts-and-testing/bex/configurables/configurations/module-export-ctcs.rkt>>> @ 77
[info] mutation-runner: Mutating module #<mod: #<path:/Users/nhejduk/Research-Local/blgt-parent/gtp-benchmarks/benchmarks/forth/untyped/stack.rkt> #<syntax from #<path:/Users/nhejduk/Research-Local/blgt-parent/contracts-and-testing/bex/configurables/configurations/module-export-ctcs.rkt>>> @ 38 using configured mutator #<procedure:mutate-benchmark>
[warning] mutation-runner: configured mutator #<procedure:mutate-benchmark> has no mutant #<mod: #<path:/Users/nhejduk/Research-Local/blgt-parent/gtp-benchmarks/benchmarks/forth/untyped/stack.rkt> #<syntax from #<path:/Users/nhejduk/Research-Local/blgt-parent/contracts-and-testing/bex/configurables/configurations/module-export-ctcs.rkt>>> @ 38
[info] mutation-runner: Mutating module #<mod: #<path:/Users/nhejduk/Research-Local/blgt-parent/gtp-benchmarks/benchmarks/forth/untyped/stack.rkt> #<syntax from #<path:/Users/nhejduk/Research-Local/blgt-parent/contracts-and-testing/bex/configurables/configurations/module-export-ctcs.rkt>>> @ 18 using configured mutator #<procedure:mutate-benchmark>
[info] mutation-runner: Mutating module #<mod: #<path:/Users/nhejduk/Research-Local/blgt-parent/gtp-benchmarks/benchmarks/forth/untyped/stack.rkt> #<syntax from #<path:/Users/nhejduk/Research-Local/blgt-parent/contracts-and-testing/bex/configurables/configurations/module-export-ctcs.rkt>>> @ 28 using configured mutator #<procedure:mutate-benchmark>
[warning] mutation-runner: configured mutator #<procedure:mutate-benchmark> has no mutant #<mod: #<path:/Users/nhejduk/Research-Local/blgt-parent/gtp-benchmarks/benchmarks/forth/untyped/stack.rkt> #<syntax from #<path:/Users/nhejduk/Research-Local/blgt-parent/contracts-and-testing/bex/configurables/configurations/module-export-ctcs.rkt>>> @ 28
[info] mutation-runner: Mutating module #<mod: #<path:/Users/nhejduk/Research-Local/blgt-parent/gtp-benchmarks/benchmarks/forth/untyped/stack.rkt> #<syntax from #<path:/Users/nhejduk/Research-Local/blgt-parent/contracts-and-testing/bex/configurables/configurations/module-export-ctcs.rkt>>> @ 23 using configured mutator #<procedure:mutate-benchmark>
[warning] mutation-runner: configured mutator #<procedure:mutate-benchmark> has no mutant #<mod: #<path:/Users/nhejduk/Research-Local/blgt-parent/gtp-benchmarks/benchmarks/forth/untyped/stack.rkt> #<syntax from #<path:/Users/nhejduk/Research-Local/blgt-parent/contracts-and-testing/bex/configurables/configurations/module-export-ctcs.rkt>>> @ 23
[info] mutation-runner: Mutating module #<mod: #<path:/Users/nhejduk/Research-Local/blgt-parent/gtp-benchmarks/benchmarks/forth/untyped/stack.rkt> #<syntax from #<path:/Users/nhejduk/Research-Local/blgt-parent/contracts-and-testing/bex/configurables/configurations/module-export-ctcs.rkt>>> @ 20 using configured mutator #<procedure:mutate-benchmark>
[warning] mutation-runner: configured mutator #<procedure:mutate-benchmark> has no mutant #<mod: #<path:/Users/nhejduk/Research-Local/blgt-parent/gtp-benchmarks/benchmarks/forth/untyped/stack.rkt> #<syntax from #<path:/Users/nhejduk/Research-Local/blgt-parent/contracts-and-testing/bex/configurables/configurations/module-export-ctcs.rkt>>> @ 20
[info] mutation-runner: Mutating module #<mod: #<path:/Users/nhejduk/Research-Local/blgt-parent/gtp-benchmarks/benchmarks/forth/untyped/stack.rkt> #<syntax from #<path:/Users/nhejduk/Research-Local/blgt-parent/contracts-and-testing/bex/configurables/configurations/module-export-ctcs.rkt>>> @ 19 using configured mutator #<procedure:mutate-benchmark>
mutation-analysis: Mutation analysis complete.
#hash([info] mutation-analysis: Mutation analysis complete.
(fail
       .
       #hash((arithmetic-op-swap . 3)
             (begin-drop . 23)
             (boolean-op-swap . 15)
             (constant-swap . 55)
             (negate-conditional . 13)
             (position-swap . 138)))
      (success . #hash((constant-swap . 2) (position-swap . 1)))
      (total . 250))
mutation-analysis: Beginning one mutation analysis.
[info] mutation-analysis: Beginning one mutation analysis.
mutation-analysis: Configured mutatable modules: ("command.rkt" "eval.rkt" "main.rkt" "stack.rkt")
[info] mutation-analysis: Configured mutatable modules: ("command.rkt" "eval.rkt" "main.rkt" "stack.rkt")
mutation-analysis: Mutation analysis complete.
[info] mutation-analysis: Mutation analysis complete.
#hash((fail
       .
       #hash((arithmetic-op-swap . 3)
             (begin-drop . 23)
             (boolean-op-swap . 15)
             (constant-swap . 55)
             (negate-conditional . 13)
             (position-swap . 138)))
      (success . #hash((constant-swap . 2) (position-swap . 1)))
      (total . 250))
