(("kcfa" "ai.rkt" 7) #f "begin-drop")
(("kcfa" "ai.rkt" 0) #f "begin-drop")
(("kcfa" "ai.rkt" 4) #f "position-swap")
(("kcfa" "ai.rkt" 6) #f "constant-swap")
(("kcfa" "ai.rkt" 5) #f "position-swap")
(("kcfa" "ai.rkt" 3) #f "position-swap")
(("kcfa" "ai.rkt" 2) #f "negate-conditional")
(("kcfa" "ai.rkt" 1) #f "negate-conditional")
(("kcfa" "ai.rkt" 9) #f "position-swap")
(("kcfa" "ai.rkt" 8) #f "begin-drop")
(("kcfa" "ai.rkt" 15) #f "position-swap")
(("kcfa" "ai.rkt" 10) #f "position-swap")
(("kcfa" "ai.rkt" 14) #f "position-swap")
(("kcfa" "ai.rkt" 13) #f "position-swap")
(("kcfa" "ai.rkt" 12) #f "negate-conditional")
(("kcfa" "ai.rkt" 11) #f "position-swap")
(("kcfa" "ai.rkt" 17) #f "position-swap")
(("kcfa" "ai.rkt" 16) #f "position-swap")
(("kcfa" "ai.rkt" 18) #f "position-swap")
(("kcfa" "ai.rkt" 19) #f "position-swap")
(("kcfa" "ai.rkt" 23) #f "position-swap")
(("kcfa" "ai.rkt" 22) #f "position-swap")
(("kcfa" "ai.rkt" 21) #f "position-swap")
(("kcfa" "ai.rkt" 20) #f "position-swap")
(("kcfa" "ai.rkt" 25) #f "position-swap")
(("kcfa" "ai.rkt" 24) #f "position-swap")
(("kcfa" "ai.rkt" 28) #f "begin-drop")
(("kcfa" "ai.rkt" 27) #f "position-swap")
(("kcfa" "ai.rkt" 26) #f "position-swap")
(("kcfa" "ai.rkt" 31) #f "position-swap")
(("kcfa" "ai.rkt" 30) #f "negate-conditional")
(("kcfa" "ai.rkt" 29) #f "negate-conditional")
(("kcfa" "ai.rkt" 33) #f "position-swap")
(("kcfa" "ai.rkt" 32) #f "position-swap")
(("kcfa" "benv.rkt" 0) #f "begin-drop")
(("kcfa" "ai.rkt" 36) #f "position-swap")
(("kcfa" "ai.rkt" 35) #f "position-swap")
(("kcfa" "ai.rkt" 34) #f "position-swap")
(("kcfa" "denotable.rkt" 0) #f "begin-drop")
(("kcfa" "benv.rkt" 1) #f "position-swap")
(("kcfa" "ai.rkt" 37) #f "position-swap")
(("kcfa" "denotable.rkt" 2) #f "begin-drop")
(("kcfa" "denotable.rkt" 4) #f "position-swap")
(("kcfa" "denotable.rkt" 3) #f "begin-drop")
(("kcfa" "denotable.rkt" 1) #f "position-swap")
(("kcfa" "denotable.rkt" 8) #f "begin-drop")
(("kcfa" "denotable.rkt" 5) #f "position-swap")
(("kcfa" "time.rkt" 0) #f "begin-drop")
(("kcfa" "denotable.rkt" 6) #f "position-swap")
(("kcfa" "denotable.rkt" 10) #f "begin-drop")
(("kcfa" "denotable.rkt" 7) #f "position-swap")
(("kcfa" "time.rkt" 1) #f "begin-drop")
(("kcfa" "denotable.rkt" 9) #f "position-swap")
(("kcfa" "time.rkt" 2) #f "begin-drop")
(("kcfa" "time.rkt" 3) #f "position-swap")
(("kcfa" "denotable.rkt" 11) #f "position-swap")
(("kcfa" "time.rkt" 11) #f "begin-drop")
(("kcfa" "time.rkt" 4) #f "position-swap")
(("kcfa" "time.rkt" 8) #f "constant-swap")
(("kcfa" "time.rkt" 7) #f "constant-swap")
(("kcfa" "time.rkt" 6) #f "constant-swap")
(("kcfa" "time.rkt" 5) #f "position-swap")
(("kcfa" "time.rkt" 9) #f "constant-swap")
(("kcfa" "time.rkt" 10) #f "constant-swap")
(("kcfa" "ui.rkt" 0) #f "begin-drop")
(("kcfa" "time.rkt" 12) #f "position-swap")
(("kcfa" "ui.rkt" 5) #f "begin-drop")
(("kcfa" "ui.rkt" 4) #f "begin-drop")
(("kcfa" "ui.rkt" 3) #f "begin-drop")
(("kcfa" "ui.rkt" 2) #f "begin-drop")
(("kcfa" "ui.rkt" 1) #f "position-swap")
(("kcfa" "ui.rkt" 6) #f "position-swap")
(("kcfa" "ui.rkt" 7) #f "position-swap")
(("kcfa" "ui.rkt" 8) #f "position-swap")
(("kcfa" "ui.rkt" 13) #f "begin-drop")
(("kcfa" "ui.rkt" 12) #f "begin-drop")
(("kcfa" "ui.rkt" 11) #f "begin-drop")
(("kcfa" "ui.rkt" 10) #f "position-swap")
(("kcfa" "ui.rkt" 9) #f "position-swap")
(("kcfa" "ui.rkt" 14) #f "begin-drop")
(("kcfa" "ui.rkt" 15) #f "begin-drop")
(("kcfa" "ui.rkt" 16) #f "position-swap")
(("kcfa" "ui.rkt" 21) #f "begin-drop")
(("kcfa" "ui.rkt" 22) #f "begin-drop")
(("kcfa" "ui.rkt" 20) #f "position-swap")
(("kcfa" "ui.rkt" 19) #f "position-swap")
(("kcfa" "ui.rkt" 18) #f "position-swap")
(("kcfa" "ui.rkt" 17) #f "position-swap")
(("kcfa" "ui.rkt" 23) #f "position-swap")
(("kcfa" "ui.rkt" 24) #f "position-swap")
(("kcfa" "ui.rkt" 25) #f "constant-swap")
(("kcfa" "ui.rkt" 28) #f "constant-swap")
(("kcfa" "ui.rkt" 27) #f "position-swap")
(("kcfa" "ui.rkt" 26) #f "position-swap")
(("kcfa" "ui.rkt" 30) #f "position-swap")
(("kcfa" "ui.rkt" 29) #f "constant-swap")
(("kcfa" "ui.rkt" 31) #f "constant-swap")
