(("dungeon" "cell.rkt" 7) #f "constant-swap")
(("dungeon" "cell.rkt" 6) #f "constant-swap")
(("dungeon" "cell.rkt" 5) (runtime-error blamed) "class:publicity")
(("dungeon" "cell.rkt" 4) #f "constant-swap")
(("dungeon" "cell.rkt" 3) #f "constant-swap")
(("dungeon" "cell.rkt" 2) #f "position-swap")
(("dungeon" "cell.rkt" 1) (runtime-error blamed) "constant-swap")
(("dungeon" "cell.rkt" 0) (runtime-error blamed) "constant-swap")
(("dungeon" "cell.rkt" 15) #f "begin-drop")
(("dungeon" "cell.rkt" 13) #f "begin-drop")
(("dungeon" "cell.rkt" 14) (runtime-error blamed) "position-swap")
(("dungeon" "cell.rkt" 12) #f "constant-swap")
(("dungeon" "cell.rkt" 11) (runtime-error blamed) "class:publicity")
(("dungeon" "cell.rkt" 10) #f "constant-swap")
(("dungeon" "cell.rkt" 9) (runtime-error blamed) "class:publicity")
(("dungeon" "cell.rkt" 8) (runtime-error blamed) "class:publicity")
(("dungeon" "cell.rkt" 20) #f "position-swap")
(("dungeon" "cell.rkt" 17) (runtime-error blamed) "constant-swap")
(("dungeon" "cell.rkt" 16) #f "position-swap")
(("dungeon" "cell.rkt" 23) (runtime-error blamed) "constant-swap")
(("dungeon" "cell.rkt" 22) #f "boolean-op-swap")
(("dungeon" "cell.rkt" 21) #f "position-swap")
(("dungeon" "cell.rkt" 19) #f "negate-conditional")
(("dungeon" "cell.rkt" 18) (runtime-error blamed) "constant-swap")
(("dungeon" "cell.rkt" 26) (runtime-error blamed) "constant-swap")
(("dungeon" "cell.rkt" 25) (runtime-error blamed) "constant-swap")
(("dungeon" "cell.rkt" 24) (runtime-error blamed) "constant-swap")
(("dungeon" "cell.rkt" 28) (blamed) "constant-swap")
(("dungeon" "cell.rkt" 31) #f "boolean-op-swap")
(("dungeon" "cell.rkt" 30) (runtime-error blamed) "constant-swap")
(("dungeon" "cell.rkt" 29) (runtime-error blamed) "constant-swap")
(("dungeon" "cell.rkt" 27) #f "constant-swap")
(("dungeon" "cell.rkt" 34) #f "negate-conditional")
(("dungeon" "cell.rkt" 33) #f "constant-swap")
(("dungeon" "cell.rkt" 32) #f "negate-conditional")
(("dungeon" "cell.rkt" 40) #f "position-swap")
(("dungeon" "cell.rkt" 35) #f "constant-swap")
(("dungeon" "cell.rkt" 39) #f "negate-conditional")
(("dungeon" "cell.rkt" 38) #f "negate-conditional")
(("dungeon" "cell.rkt" 37) (runtime-error blamed) "constant-swap")
(("dungeon" "cell.rkt" 36) (runtime-error blamed) "constant-swap")
(("dungeon" "cell.rkt" 42) #f "boolean-op-swap")
(("dungeon" "cell.rkt" 41) #f "position-swap")
(("dungeon" "cell.rkt" 49) #f "position-swap")
(("dungeon" "cell.rkt" 43) (runtime-error blamed) "constant-swap")
(("dungeon" "cell.rkt" 44) (runtime-error blamed) "constant-swap")
(("dungeon" "cell.rkt" 48) #f "negate-conditional")
(("dungeon" "cell.rkt" 47) #f "negate-conditional")
(("dungeon" "cell.rkt" 46) (runtime-error blamed) "constant-swap")
(("dungeon" "cell.rkt" 45) (runtime-error blamed) "constant-swap")
(("dungeon" "cell.rkt" 50) #f "position-swap")
(("dungeon" "cell.rkt" 52) (runtime-error blamed) "constant-swap")
(("dungeon" "cell.rkt" 51) #f "boolean-op-swap")
(("dungeon" "grid.rkt" 0) #f "begin-drop")
(("dungeon" "cell.rkt" 53) (runtime-error blamed) "constant-swap")
(("dungeon" "grid.rkt" 3) #f "position-swap")
(("dungeon" "grid.rkt" 2) #f "position-swap")
(("dungeon" "grid.rkt" 1) #f "position-swap")
(("dungeon" "grid.rkt" 4) #f "constant-swap")
(("dungeon" "grid.rkt" 6) #f "constant-swap")
(("dungeon" "grid.rkt" 5) #f "constant-swap")
(("dungeon" "grid.rkt" 8) #f "constant-swap")
(("dungeon" "grid.rkt" 7) #f "position-swap")
(("dungeon" "grid.rkt" 11) #f "constant-swap")
(("dungeon" "grid.rkt" 10) #f "constant-swap")
(("dungeon" "grid.rkt" 9) #f "constant-swap")
(("dungeon" "grid.rkt" 12) #f "constant-swap")
(("dungeon" "grid.rkt" 13) #f "begin-drop")
(("dungeon" "grid.rkt" 14) #f "position-swap")
(("dungeon" "grid.rkt" 17) #f "constant-swap")
(("dungeon" "grid.rkt" 16) #f "constant-swap")
(("dungeon" "grid.rkt" 15) #f "constant-swap")
(("dungeon" "grid.rkt" 19) #f "constant-swap")
(("dungeon" "grid.rkt" 18) #f "position-swap")
(("dungeon" "grid.rkt" 20) #f "constant-swap")
(("dungeon" "grid.rkt" 21) #f "constant-swap")
(("dungeon" "grid.rkt" 22) #f "constant-swap")
(("dungeon" "grid.rkt" 27) #f "begin-drop")
(("dungeon" "grid.rkt" 25) #f "position-swap")
(("dungeon" "grid.rkt" 24) #f "position-swap")
(("dungeon" "grid.rkt" 23) #f "constant-swap")
(("dungeon" "grid.rkt" 28) #f "begin-drop")
(("dungeon" "grid.rkt" 26) #f "position-swap")
(("dungeon" "grid.rkt" 29) #f "position-swap")
(("dungeon" "grid.rkt" 30) #f "begin-drop")
(("dungeon" "grid.rkt" 31) #f "begin-drop")
(("dungeon" "grid.rkt" 36) #f "begin-drop")
(("dungeon" "grid.rkt" 34) #f "constant-swap")
(("dungeon" "grid.rkt" 33) #f "constant-swap")
(("dungeon" "grid.rkt" 32) #f "position-swap")
(("dungeon" "grid.rkt" 35) #f "constant-swap")
(("dungeon" "grid.rkt" 37) #f "position-swap")
(("dungeon" "grid.rkt" 38) #f "boolean-op-swap")
(("dungeon" "grid.rkt" 39) #f "position-swap")
(("dungeon" "grid.rkt" 43) #f "constant-swap")
(("dungeon" "grid.rkt" 42) #f "constant-swap")
(("dungeon" "grid.rkt" 41) #f "comparison-op-swap")
(("dungeon" "grid.rkt" 40) #f "comparison-op-swap")
(("dungeon" "grid.rkt" 44) #f "constant-swap")
(("dungeon" "grid.rkt" 45) #f "position-swap")
(("dungeon" "grid.rkt" 46) #f "constant-swap")
(("dungeon" "grid.rkt" 47) #f "constant-swap")
(("dungeon" "grid.rkt" 52) #f "comparison-op-swap")
(("dungeon" "grid.rkt" 51) #f "comparison-op-swap")
(("dungeon" "grid.rkt" 50) #f "position-swap")
(("dungeon" "grid.rkt" 49) #f "arithmetic-op-swap")
(("dungeon" "grid.rkt" 48) #f "constant-swap")
(("dungeon" "grid.rkt" 53) #f "constant-swap")
(("dungeon" "grid.rkt" 54) #f "constant-swap")
(("dungeon" "grid.rkt" 55) #f "constant-swap")
(("dungeon" "grid.rkt" 60) #f "constant-swap")
(("dungeon" "grid.rkt" 59) #f "constant-swap")
(("dungeon" "grid.rkt" 58) #f "constant-swap")
(("dungeon" "grid.rkt" 57) #f "constant-swap")
(("dungeon" "grid.rkt" 56) #f "position-swap")
(("dungeon" "grid.rkt" 61) #f "constant-swap")
(("dungeon" "grid.rkt" 62) #f "arithmetic-op-swap")
(("dungeon" "grid.rkt" 63) #f "begin-drop")
(("dungeon" "grid.rkt" 68) #f "position-swap")
(("dungeon" "grid.rkt" 67) #f "position-swap")
(("dungeon" "grid.rkt" 66) #f "position-swap")
(("dungeon" "grid.rkt" 65) #f "boolean-op-swap")
(("dungeon" "grid.rkt" 64) #f "position-swap")
(("dungeon" "grid.rkt" 69) #f "position-swap")
(("dungeon" "grid.rkt" 70) #f "constant-swap")
(("dungeon" "grid.rkt" 71) #f "constant-swap")
(("dungeon" "grid.rkt" 76) #f "constant-swap")
(("dungeon" "grid.rkt" 75) #f "constant-swap")
(("dungeon" "grid.rkt" 74) #f "constant-swap")
(("dungeon" "grid.rkt" 73) #f "position-swap")
(("dungeon" "grid.rkt" 72) #f "constant-swap")
(("dungeon" "grid.rkt" 77) #f "constant-swap")
(("dungeon" "grid.rkt" 79) #f "begin-drop")
(("dungeon" "grid.rkt" 78) #f "constant-swap")
(("dungeon" "grid.rkt" 81) #f "position-swap")
(("dungeon" "grid.rkt" 80) #f "position-swap")
(("dungeon" "grid.rkt" 85) #f "position-swap")
(("dungeon" "grid.rkt" 84) #f "constant-swap")
(("dungeon" "grid.rkt" 83) #f "constant-swap")
(("dungeon" "grid.rkt" 82) #f "constant-swap")
(("dungeon" "grid.rkt" 86) #f "position-swap")
(("dungeon" "grid.rkt" 87) #f "arithmetic-op-swap")
(("dungeon" "grid.rkt" 89) #f "constant-swap")
(("dungeon" "grid.rkt" 88) #f "position-swap")
(("dungeon" "grid.rkt" 93) #f "constant-swap")
(("dungeon" "grid.rkt" 92) #f "constant-swap")
(("dungeon" "grid.rkt" 91) #f "constant-swap")
(("dungeon" "grid.rkt" 90) #f "constant-swap")
(("dungeon" "grid.rkt" 94) #f "constant-swap")
(("dungeon" "grid.rkt" 95) #f "constant-swap")
(("dungeon" "grid.rkt" 97) #f "begin-drop")
(("dungeon" "grid.rkt" 96) #f "constant-swap")
(("dungeon" "grid.rkt" 102) #f "constant-swap")
(("dungeon" "grid.rkt" 101) #f "constant-swap")
(("dungeon" "grid.rkt" 100) #f "constant-swap")
(("dungeon" "grid.rkt" 99) #f "position-swap")
(("dungeon" "grid.rkt" 98) #f "position-swap")
(("dungeon" "grid.rkt" 103) #f "position-swap")
(("dungeon" "grid.rkt" 104) #f "position-swap")
(("dungeon" "grid.rkt" 105) #f "arithmetic-op-swap")
(("dungeon" "grid.rkt" 111) #f "constant-swap")
(("dungeon" "grid.rkt" 110) #f "constant-swap")
(("dungeon" "grid.rkt" 109) #f "constant-swap")
(("dungeon" "grid.rkt" 108) #f "constant-swap")
(("dungeon" "grid.rkt" 107) #f "constant-swap")
(("dungeon" "grid.rkt" 106) #f "position-swap")
(("dungeon" "grid.rkt" 112) #f "constant-swap")
(("dungeon" "grid.rkt" 113) #f "constant-swap")
(("dungeon" "grid.rkt" 115) #f "begin-drop")
(("dungeon" "grid.rkt" 119) #f "arithmetic-op-swap")
(("dungeon" "grid.rkt" 118) #f "position-swap")
(("dungeon" "grid.rkt" 117) #f "position-swap")
(("dungeon" "grid.rkt" 116) #f "position-swap")
(("dungeon" "grid.rkt" 114) #f "constant-swap")
(("dungeon" "grid.rkt" 120) #f "position-swap")
(("dungeon" "grid.rkt" 121) #f "constant-swap")
(("dungeon" "grid.rkt" 122) #f "constant-swap")
(("dungeon" "grid.rkt" 123) #f "constant-swap")
(("dungeon" "grid.rkt" 127) #f "position-swap")
(("dungeon" "grid.rkt" 126) #f "constant-swap")
(("dungeon" "grid.rkt" 125) #f "constant-swap")
(("dungeon" "grid.rkt" 124) #f "constant-swap")
(("dungeon" "grid.rkt" 128) #f "constant-swap")
(("dungeon" "grid.rkt" 130) #f "constant-swap")
(("dungeon" "grid.rkt" 129) #f "constant-swap")
(("dungeon" "grid.rkt" 133) #f "begin-drop")
(("dungeon" "grid.rkt" 131) #f "constant-swap")
(("dungeon" "grid.rkt" 135) #f "position-swap")
(("dungeon" "grid.rkt" 134) #f "position-swap")
(("dungeon" "grid.rkt" 132) #f "constant-swap")
(("dungeon" "grid.rkt" 136) #f "position-swap")
(("dungeon" "grid.rkt" 140) #f "constant-swap")
(("dungeon" "grid.rkt" 138) #f "position-swap")
(("dungeon" "grid.rkt" 137) #f "arithmetic-op-swap")
(("dungeon" "grid.rkt" 139) #f "constant-swap")
(("dungeon" "grid.rkt" 143) #f "constant-swap")
(("dungeon" "grid.rkt" 142) #f "constant-swap")
(("dungeon" "grid.rkt" 141) #f "constant-swap")
(("dungeon" "grid.rkt" 144) #f "constant-swap")
(("dungeon" "grid.rkt" 145) #f "position-swap")
(("dungeon" "grid.rkt" 148) #f "constant-swap")
(("dungeon" "grid.rkt" 147) #f "constant-swap")
(("dungeon" "grid.rkt" 146) #f "constant-swap")
(("dungeon" "main.rkt" 0) #f "constant-swap")
(("dungeon" "grid.rkt" 150) #f "constant-swap")
(("dungeon" "grid.rkt" 149) #f "constant-swap")
(("dungeon" "main.rkt" 1) #f "constant-swap")
(("dungeon" "main.rkt" 2) #f "constant-swap")
(("dungeon" "main.rkt" 5) #f "constant-swap")
(("dungeon" "main.rkt" 4) #f "constant-swap")
(("dungeon" "main.rkt" 3) #f "constant-swap")
(("dungeon" "main.rkt" 6) #f "constant-swap")
(("dungeon" "main.rkt" 8) #f "constant-swap")
(("dungeon" "main.rkt" 7) #f "constant-swap")
(("dungeon" "main.rkt" 9) #f "constant-swap")
(("dungeon" "main.rkt" 10) #f "constant-swap")
(("dungeon" "main.rkt" 11) #f "constant-swap")
(("dungeon" "main.rkt" 14) #f "constant-swap")
(("dungeon" "main.rkt" 13) #f "constant-swap")
(("dungeon" "main.rkt" 12) #f "constant-swap")
(("dungeon" "main.rkt" 16) #f "constant-swap")
(("dungeon" "main.rkt" 15) #f "constant-swap")
(("dungeon" "main.rkt" 17) #f "constant-swap")
(("dungeon" "main.rkt" 18) #f "constant-swap")
(("dungeon" "main.rkt" 19) #f "constant-swap")
(("dungeon" "main.rkt" 24) #f "begin-drop")
(("dungeon" "main.rkt" 23) #f "begin-drop")
(("dungeon" "main.rkt" 22) #f "begin-drop")
(("dungeon" "main.rkt" 21) #f "constant-swap")
(("dungeon" "main.rkt" 20) #f "constant-swap")
(("dungeon" "main.rkt" 25) #f "begin-drop")
(("dungeon" "main.rkt" 26) #f "begin-drop")
(("dungeon" "main.rkt" 27) #f "begin-drop")
(("dungeon" "main.rkt" 28) #f "begin-drop")
(("dungeon" "main.rkt" 32) #f "position-swap")
(("dungeon" "main.rkt" 31) #f "position-swap")
(("dungeon" "main.rkt" 30) #f "position-swap")
(("dungeon" "main.rkt" 29) #f "position-swap")
(("dungeon" "main.rkt" 33) #f "position-swap")
(("dungeon" "main.rkt" 34) #f "position-swap")
(("dungeon" "main.rkt" 35) #f "position-swap")
(("dungeon" "main.rkt" 36) #f "arithmetic-op-swap")
(("dungeon" "main.rkt" 40) #f "constant-swap")
(("dungeon" "main.rkt" 39) #f "constant-swap")
(("dungeon" "main.rkt" 38) #f "arithmetic-op-swap")
(("dungeon" "main.rkt" 37) #f "position-swap")
(("dungeon" "main.rkt" 41) #f "constant-swap")
(("dungeon" "main.rkt" 42) #f "constant-swap")
(("dungeon" "main.rkt" 43) #f "constant-swap")
(("dungeon" "main.rkt" 44) #f "arithmetic-op-swap")
(("dungeon" "main.rkt" 48) #f "arithmetic-op-swap")
(("dungeon" "main.rkt" 47) #f "position-swap")
(("dungeon" "main.rkt" 46) #f "arithmetic-op-swap")
(("dungeon" "main.rkt" 45) #f "position-swap")
(("dungeon" "main.rkt" 49) #f "constant-swap")
(("dungeon" "main.rkt" 50) #f "constant-swap")
(("dungeon" "main.rkt" 51) #f "constant-swap")
(("dungeon" "main.rkt" 52) #f "constant-swap")
(("dungeon" "main.rkt" 54) #f "position-swap")
(("dungeon" "main.rkt" 56) #f "position-swap")
(("dungeon" "main.rkt" 55) #f "position-swap")
(("dungeon" "main.rkt" 53) #f "constant-swap")
(("dungeon" "main.rkt" 57) #f "arithmetic-op-swap")
(("dungeon" "main.rkt" 58) #f "position-swap")
(("dungeon" "main.rkt" 59) #f "arithmetic-op-swap")
(("dungeon" "main.rkt" 60) #f "constant-swap")
(("dungeon" "main.rkt" 61) #f "constant-swap")
(("dungeon" "main.rkt" 64) #f "constant-swap")
(("dungeon" "main.rkt" 63) #f "constant-swap")
(("dungeon" "main.rkt" 62) #f "constant-swap")
(("dungeon" "main.rkt" 65) #f "arithmetic-op-swap")
(("dungeon" "main.rkt" 66) #f "position-swap")
(("dungeon" "main.rkt" 67) #f "arithmetic-op-swap")
(("dungeon" "main.rkt" 68) #f "position-swap")
(("dungeon" "main.rkt" 69) #f "arithmetic-op-swap")
(("dungeon" "main.rkt" 72) #f "constant-swap")
(("dungeon" "main.rkt" 71) #f "constant-swap")
(("dungeon" "main.rkt" 70) #f "constant-swap")
(("dungeon" "main.rkt" 73) #f "constant-swap")
(("dungeon" "main.rkt" 74) #f "constant-swap")
(("dungeon" "main.rkt" 75) #f "position-swap")
(("dungeon" "main.rkt" 76) #f "arithmetic-op-swap")
(("dungeon" "main.rkt" 77) #f "position-swap")
(("dungeon" "main.rkt" 80) #f "position-swap")
(("dungeon" "main.rkt" 79) #f "position-swap")
(("dungeon" "main.rkt" 78) #f "arithmetic-op-swap")
(("dungeon" "main.rkt" 81) #f "constant-swap")
(("dungeon" "main.rkt" 82) #f "constant-swap")
(("dungeon" "main.rkt" 83) #f "position-swap")
(("dungeon" "main.rkt" 84) #f "position-swap")
(("dungeon" "main.rkt" 85) #f "negate-conditional")
(("dungeon" "main.rkt" 89) #f "position-swap")
(("dungeon" "main.rkt" 88) #f "position-swap")
(("dungeon" "main.rkt" 87) #f "position-swap")
(("dungeon" "main.rkt" 86) #f "negate-conditional")
(("dungeon" "main.rkt" 90) #f "position-swap")
(("dungeon" "main.rkt" 91) #f "boolean-op-swap")
(("dungeon" "main.rkt" 92) #f "position-swap")
(("dungeon" "main.rkt" 93) #f "position-swap")
(("dungeon" "main.rkt" 97) #f "position-swap")
(("dungeon" "main.rkt" 96) #f "position-swap")
(("dungeon" "main.rkt" 95) #f "position-swap")
(("dungeon" "main.rkt" 94) #f "negate-conditional")
(("dungeon" "main.rkt" 98) #f "boolean-op-swap")
(("dungeon" "main.rkt" 99) #f "position-swap")
(("dungeon" "main.rkt" 100) #f "boolean-op-swap")
(("dungeon" "main.rkt" 101) #f "position-swap")
(("dungeon" "main.rkt" 105) #f "position-swap")
(("dungeon" "main.rkt" 104) #f "position-swap")
(("dungeon" "main.rkt" 103) #f "position-swap")
(("dungeon" "main.rkt" 102) #f "position-swap")
(("dungeon" "main.rkt" 106) #f "position-swap")
(("dungeon" "main.rkt" 107) #f "boolean-op-swap")
(("dungeon" "main.rkt" 108) #f "position-swap")
(("dungeon" "main.rkt" 109) #f "comparison-op-swap")
(("dungeon" "main.rkt" 110) #f "comparison-op-swap")
(("dungeon" "main.rkt" 113) #f "comparison-op-swap")
(("dungeon" "main.rkt" 112) #f "comparison-op-swap")
(("dungeon" "main.rkt" 111) #f "position-swap")
(("dungeon" "main.rkt" 114) #f "arithmetic-op-swap")
(("dungeon" "main.rkt" 115) #f "position-swap")
(("dungeon" "main.rkt" 116) #f "boolean-op-swap")
(("dungeon" "main.rkt" 117) #f "position-swap")
(("dungeon" "main.rkt" 118) #f "comparison-op-swap")
(("dungeon" "main.rkt" 121) #f "comparison-op-swap")
(("dungeon" "main.rkt" 120) #f "position-swap")
(("dungeon" "main.rkt" 119) #f "comparison-op-swap")
(("dungeon" "main.rkt" 122) #f "comparison-op-swap")
(("dungeon" "main.rkt" 123) #f "arithmetic-op-swap")
(("dungeon" "main.rkt" 124) #f "negate-conditional")
(("dungeon" "main.rkt" 125) #f "position-swap")
(("dungeon" "main.rkt" 126) #f "boolean-op-swap")
(("dungeon" "main.rkt" 129) #f "constant-swap")
(("dungeon" "main.rkt" 128) #f "position-swap")
(("dungeon" "main.rkt" 127) #f "position-swap")
(("dungeon" "main.rkt" 130) #f "constant-swap")
(("dungeon" "main.rkt" 131) #f "position-swap")
(("dungeon" "main.rkt" 132) #f "negate-conditional")
(("dungeon" "main.rkt" 133) #f "position-swap")
(("dungeon" "main.rkt" 134) #f "boolean-op-swap")
(("dungeon" "main.rkt" 138) #f "constant-swap")
(("dungeon" "main.rkt" 137) #f "position-swap")
(("dungeon" "main.rkt" 136) #f "position-swap")
(("dungeon" "main.rkt" 135) #f "position-swap")
(("dungeon" "main.rkt" 139) #f "constant-swap")
(("dungeon" "main.rkt" 140) #f "position-swap")
(("dungeon" "main.rkt" 141) #f "position-swap")
(("dungeon" "main.rkt" 142) #f "position-swap")
(("dungeon" "main.rkt" 146) #f "boolean-op-swap")
(("dungeon" "main.rkt" 145) #f "position-swap")
(("dungeon" "main.rkt" 144) #f "constant-swap")
(("dungeon" "main.rkt" 143) #f "constant-swap")
(("dungeon" "main.rkt" 147) #f "position-swap")
(("dungeon" "main.rkt" 148) #f "position-swap")
(("dungeon" "main.rkt" 149) #f "begin-drop")
(("dungeon" "main.rkt" 150) #f "position-swap")
(("dungeon" "main.rkt" 154) #f "position-swap")
(("dungeon" "main.rkt" 153) #f "position-swap")
(("dungeon" "main.rkt" 152) #f "begin-drop")
(("dungeon" "main.rkt" 151) #f "position-swap")
(("dungeon" "main.rkt" 155) #f "begin-drop")
(("dungeon" "main.rkt" 156) #f "position-swap")
(("dungeon" "main.rkt" 157) #f "boolean-op-swap")
(("dungeon" "main.rkt" 158) #f "position-swap")
(("dungeon" "main.rkt" 161) #f "position-swap")
(("dungeon" "main.rkt" 160) #f "begin-drop")
(("dungeon" "main.rkt" 159) #f "position-swap")
(("dungeon" "main.rkt" 162) #f "boolean-op-swap")
(("dungeon" "main.rkt" 163) #f "position-swap")
(("dungeon" "main.rkt" 164) #f "position-swap")
(("dungeon" "main.rkt" 165) #f "begin-drop")
(("dungeon" "main.rkt" 166) #f "begin-drop")
(("dungeon" "main.rkt" 167) #f "begin-drop")
(("dungeon" "main.rkt" 169) #f "position-swap")
(("dungeon" "main.rkt" 168) #f "position-swap")
(("dungeon" "main.rkt" 170) #f "position-swap")
(("dungeon" "main.rkt" 171) #f "constant-swap")
(("dungeon" "main.rkt" 172) #f "constant-swap")
(("dungeon" "main.rkt" 173) #f "constant-swap")
(("dungeon" "main.rkt" 174) #f "constant-swap")
(("dungeon" "main.rkt" 175) #f "constant-swap")
(("dungeon" "main.rkt" 177) #f "constant-swap")
(("dungeon" "main.rkt" 176) #f "constant-swap")
(("dungeon" "main.rkt" 178) #f "constant-swap")
(("dungeon" "main.rkt" 179) #f "constant-swap")
(("dungeon" "main.rkt" 180) #f "constant-swap")
(("dungeon" "main.rkt" 181) #f "position-swap")
(("dungeon" "main.rkt" 182) #f "position-swap")
(("dungeon" "main.rkt" 183) #f "constant-swap")
(("dungeon" "main.rkt" 185) #f "constant-swap")
(("dungeon" "main.rkt" 184) #f "constant-swap")
(("dungeon" "main.rkt" 187) #f "constant-swap")
(("dungeon" "main.rkt" 186) #f "constant-swap")
(("dungeon" "main.rkt" 188) #f "constant-swap")
(("dungeon" "main.rkt" 189) #f "constant-swap")
(("dungeon" "main.rkt" 190) #f "constant-swap")
(("dungeon" "main.rkt" 191) #f "constant-swap")
(("dungeon" "main.rkt" 195) #f "begin-drop")
(("dungeon" "main.rkt" 193) #f "position-swap")
(("dungeon" "main.rkt" 192) #f "constant-swap")
(("dungeon" "main.rkt" 196) #f "begin-drop")
(("dungeon" "main.rkt" 194) #f "position-swap")
(("dungeon" "main.rkt" 197) #f "begin-drop")
(("dungeon" "main.rkt" 198) #f "begin-drop")
(("dungeon" "main.rkt" 199) #f "begin-drop")
(("dungeon" "main.rkt" 202) #f "position-swap")
(("dungeon" "main.rkt" 201) #f "position-swap")
(("dungeon" "main.rkt" 200) #f "position-swap")
(("dungeon" "main.rkt" 205) #f "constant-swap")
(("dungeon" "main.rkt" 204) #f "position-swap")
(("dungeon" "main.rkt" 203) #f "negate-conditional")
(("dungeon" "main.rkt" 206) #f "constant-swap")
(("dungeon" "main.rkt" 207) #f "constant-swap")
(("dungeon" "main.rkt" 210) #f "constant-swap")
(("dungeon" "main.rkt" 209) #f "constant-swap")
(("dungeon" "main.rkt" 208) #f "constant-swap")
(("dungeon" "main.rkt" 213) #f "constant-swap")
(("dungeon" "main.rkt" 212) #f "constant-swap")
(("dungeon" "main.rkt" 211) #f "constant-swap")
(("dungeon" "main.rkt" 214) #f "constant-swap")
(("dungeon" "main.rkt" 215) #f "position-swap")
(("dungeon" "main.rkt" 218) #f "constant-swap")
(("dungeon" "main.rkt" 217) #f "constant-swap")
(("dungeon" "main.rkt" 216) #f "constant-swap")
(("dungeon" "main.rkt" 221) #f "constant-swap")
(("dungeon" "main.rkt" 220) #f "constant-swap")
(("dungeon" "main.rkt" 219) #f "constant-swap")
(("dungeon" "main.rkt" 222) #f "constant-swap")
(("dungeon" "main.rkt" 223) #f "constant-swap")
(("dungeon" "main.rkt" 226) #f "negate-conditional")
(("dungeon" "main.rkt" 225) #f "constant-swap")
(("dungeon" "main.rkt" 224) #f "constant-swap")
(("dungeon" "main.rkt" 229) #f "constant-swap")
(("dungeon" "main.rkt" 228) #f "constant-swap")
(("dungeon" "main.rkt" 227) #f "constant-swap")
(("dungeon" "main.rkt" 230) #f "constant-swap")
(("dungeon" "main.rkt" 231) #f "constant-swap")
(("dungeon" "main.rkt" 234) #f "constant-swap")
(("dungeon" "main.rkt" 233) #f "constant-swap")
(("dungeon" "main.rkt" 232) #f "negate-conditional")
(("dungeon" "main.rkt" 237) #f "constant-swap")
(("dungeon" "main.rkt" 236) #f "constant-swap")
(("dungeon" "main.rkt" 235) #f "constant-swap")
(("dungeon" "main.rkt" 238) #f "position-swap")
(("dungeon" "main.rkt" 239) #f "position-swap")
(("dungeon" "main.rkt" 242) #f "begin-drop")
(("dungeon" "main.rkt" 241) #f "begin-drop")
(("dungeon" "main.rkt" 240) #f "begin-drop")
(("dungeon" "main.rkt" 245) #f "begin-drop")
(("dungeon" "main.rkt" 244) #f "begin-drop")
(("dungeon" "main.rkt" 243) #f "begin-drop")
(("dungeon" "main.rkt" 246) #f "begin-drop")
(("dungeon" "main.rkt" 247) #f "begin-drop")
(("dungeon" "main.rkt" 250) #f "position-swap")
(("dungeon" "main.rkt" 249) #f "position-swap")
(("dungeon" "main.rkt" 248) #f "position-swap")
(("dungeon" "main.rkt" 251) #f "position-swap")
(("dungeon" "main.rkt" 253) #f "position-swap")
(("dungeon" "main.rkt" 252) #f "position-swap")
(("dungeon" "main.rkt" 254) #f "constant-swap")
(("dungeon" "main.rkt" 255) #f "constant-swap")
(("dungeon" "main.rkt" 258) #f "constant-swap")
(("dungeon" "main.rkt" 257) #f "constant-swap")
(("dungeon" "main.rkt" 256) #f "constant-swap")
(("dungeon" "main.rkt" 259) #f "constant-swap")
(("dungeon" "main.rkt" 261) #f "constant-swap")
(("dungeon" "main.rkt" 260) #f "constant-swap")
(("dungeon" "main.rkt" 263) #f "constant-swap")
(("dungeon" "main.rkt" 262) #f "constant-swap")
(("dungeon" "main.rkt" 267) #f "position-swap")
(("dungeon" "main.rkt" 266) #f "position-swap")
(("dungeon" "main.rkt" 265) #f "position-swap")
(("dungeon" "main.rkt" 264) #f "position-swap")
(("dungeon" "main.rkt" 269) #f "position-swap")
(("dungeon" "main.rkt" 268) #f "position-swap")
(("dungeon" "main.rkt" 271) #f "boolean-op-swap")
(("dungeon" "main.rkt" 270) #f "position-swap")
(("dungeon" "main.rkt" 275) #f "position-swap")
(("dungeon" "main.rkt" 274) #f "position-swap")
(("dungeon" "main.rkt" 273) #f "position-swap")
(("dungeon" "main.rkt" 272) #f "position-swap")
(("dungeon" "main.rkt" 277) #f "negate-conditional")
(("dungeon" "main.rkt" 276) #f "arithmetic-op-swap")
(("dungeon" "main.rkt" 279) #f "comparison-op-swap")
(("dungeon" "main.rkt" 278) #f "position-swap")
(("dungeon" "main.rkt" 283) #f "constant-swap")
(("dungeon" "main.rkt" 282) #f "constant-swap")
(("dungeon" "main.rkt" 281) #f "constant-swap")
(("dungeon" "main.rkt" 280) #f "comparison-op-swap")
(("dungeon" "main.rkt" 285) #f "position-swap")
(("dungeon" "main.rkt" 284) #f "position-swap")
(("dungeon" "main.rkt" 286) #f "position-swap")
(("dungeon" "main.rkt" 287) #f "position-swap")
(("dungeon" "main.rkt" 291) #f "constant-swap")
(("dungeon" "main.rkt" 290) #f "constant-swap")
(("dungeon" "main.rkt" 289) #f "constant-swap")
(("dungeon" "main.rkt" 288) #f "position-swap")
(("dungeon" "main.rkt" 293) #f "position-swap")
(("dungeon" "main.rkt" 292) #f "constant-swap")
(("dungeon" "main.rkt" 294) #f "position-swap")
(("dungeon" "main.rkt" 295) #f "negate-conditional")
(("dungeon" "main.rkt" 299) #f "position-swap")
(("dungeon" "main.rkt" 298) #f "position-swap")
(("dungeon" "main.rkt" 297) #f "position-swap")
(("dungeon" "main.rkt" 296) #f "position-swap")
(("dungeon" "main.rkt" 300) #f "position-swap")
(("dungeon" "main.rkt" 302) #f "position-swap")
(("dungeon" "main.rkt" 301) #f "arithmetic-op-swap")
(("dungeon" "main.rkt" 303) #f "position-swap")
(("dungeon" "main.rkt" 305) #f "position-swap")
(("dungeon" "main.rkt" 307) #f "negate-conditional")
(("dungeon" "main.rkt" 306) #f "negate-conditional")
(("dungeon" "main.rkt" 304) #f "negate-conditional")
(("dungeon" "main.rkt" 308) #f "position-swap")
(("dungeon" "main.rkt" 310) #f "boolean-op-swap")
(("dungeon" "main.rkt" 309) #f "position-swap")
(("dungeon" "main.rkt" 311) #f "constant-swap")
(("dungeon" "main.rkt" 312) #f "constant-swap")
(("dungeon" "main.rkt" 314) #f "constant-swap")
(("dungeon" "main.rkt" 316) #f "position-swap")
(("dungeon" "main.rkt" 315) #f "constant-swap")
(("dungeon" "main.rkt" 313) #f "constant-swap")
(("dungeon" "main.rkt" 318) #f "position-swap")
(("dungeon" "main.rkt" 317) #f "position-swap")
(("dungeon" "main.rkt" 319) #f "position-swap")
(("dungeon" "main.rkt" 320) #f "position-swap")
(("dungeon" "main.rkt" 324) #f "position-swap")
(("dungeon" "main.rkt" 321) #f "negate-conditional")
(("dungeon" "main.rkt" 323) #f "arithmetic-op-swap")
(("dungeon" "main.rkt" 322) #f "position-swap")
(("dungeon" "main.rkt" 326) #f "negate-conditional")
(("dungeon" "main.rkt" 325) #f "arithmetic-op-swap")
(("dungeon" "main.rkt" 327) #f "position-swap")
(("dungeon" "main.rkt" 328) #f "position-swap")
(("dungeon" "main.rkt" 330) #f "position-swap")
(("dungeon" "main.rkt" 329) #f "position-swap")
(("dungeon" "main.rkt" 332) #f "position-swap")
(("dungeon" "main.rkt" 331) #f "position-swap")
(("dungeon" "main.rkt" 334) #f "position-swap")
(("dungeon" "main.rkt" 333) #f "negate-conditional")
(("dungeon" "main.rkt" 335) #f "position-swap")
(("dungeon" "main.rkt" 336) #f "comparison-op-swap")
(("dungeon" "main.rkt" 338) #f "constant-swap")
(("dungeon" "main.rkt" 337) #f "comparison-op-swap")
(("dungeon" "main.rkt" 340) #f "constant-swap")
(("dungeon" "main.rkt" 339) #f "constant-swap")
(("dungeon" "main.rkt" 342) #f "arithmetic-op-swap")
(("dungeon" "main.rkt" 341) #f "position-swap")
(("dungeon" "main.rkt" 343) #f "position-swap")
(("dungeon" "main.rkt" 344) #f "position-swap")
(("dungeon" "main.rkt" 348) #f "position-swap")
(("dungeon" "main.rkt" 347) #f "boolean-op-swap")
(("dungeon" "main.rkt" 346) #f "position-swap")
(("dungeon" "main.rkt" 345) #f "position-swap")
(("dungeon" "main.rkt" 350) #f "position-swap")
(("dungeon" "main.rkt" 349) #f "position-swap")
(("dungeon" "main.rkt" 351) #f "position-swap")
(("dungeon" "main.rkt" 352) #f "position-swap")
(("dungeon" "main.rkt" 356) #f "position-swap")
(("dungeon" "main.rkt" 355) #f "position-swap")
(("dungeon" "main.rkt" 354) #f "position-swap")
(("dungeon" "main.rkt" 353) #f "position-swap")
(("dungeon" "main.rkt" 359) #f "position-swap")
(("dungeon" "main.rkt" 358) #f "position-swap")
(("dungeon" "main.rkt" 357) #f "position-swap")
(("dungeon" "main.rkt" 360) #f "negate-conditional")
(("dungeon" "main.rkt" 364) #f "position-swap")
(("dungeon" "main.rkt" 363) #f "boolean-op-swap")
(("dungeon" "main.rkt" 362) #f "position-swap")
(("dungeon" "main.rkt" 361) #f "negate-conditional")
(("dungeon" "main.rkt" 367) #f "position-swap")
(("dungeon" "main.rkt" 366) #f "position-swap")
(("dungeon" "main.rkt" 365) #f "position-swap")
(("dungeon" "main.rkt" 368) #f "boolean-op-swap")
(("dungeon" "main.rkt" 372) #f "constant-swap")
(("dungeon" "main.rkt" 371) #f "position-swap")
(("dungeon" "main.rkt" 370) #f "position-swap")
(("dungeon" "main.rkt" 369) #f "position-swap")
(("dungeon" "main.rkt" 375) #f "position-swap")
(("dungeon" "main.rkt" 374) #f "position-swap")
(("dungeon" "main.rkt" 373) #f "constant-swap")
(("dungeon" "main.rkt" 376) #f "begin-drop")
(("dungeon" "main.rkt" 378) #f "position-swap")
(("dungeon" "main.rkt" 377) #f "negate-conditional")
(("dungeon" "main.rkt" 380) #f "constant-swap")
(("dungeon" "main.rkt" 379) #f "position-swap")
(("dungeon" "main.rkt" 383) #f "position-swap")
(("dungeon" "main.rkt" 382) #f "position-swap")
(("dungeon" "main.rkt" 381) #f "constant-swap")
(("dungeon" "main.rkt" 384) #f "position-swap")
(("dungeon" "main.rkt" 386) #f "boolean-op-swap")
(("dungeon" "main.rkt" 385) #f "position-swap")
(("dungeon" "main.rkt" 390) #f "begin-drop")
(("dungeon" "main.rkt" 389) #f "position-swap")
(("dungeon" "main.rkt" 388) #f "position-swap")
(("dungeon" "main.rkt" 387) #f "position-swap")
(("dungeon" "main.rkt" 391) #f "begin-drop")
(("dungeon" "main.rkt" 392) #f "begin-drop")
(("dungeon" "main.rkt" 394) #f "begin-drop")
(("dungeon" "main.rkt" 393) #f "begin-drop")
(("dungeon" "main.rkt" 399) #f "position-swap")
(("dungeon" "main.rkt" 398) #f "position-swap")
(("dungeon" "main.rkt" 397) #f "position-swap")
(("dungeon" "main.rkt" 396) #f "position-swap")
(("dungeon" "main.rkt" 395) #f "position-swap")
(("dungeon" "main.rkt" 400) #f "position-swap")
(("dungeon" "main.rkt" 402) #f "begin-drop")
(("dungeon" "main.rkt" 401) #f "begin-drop")
(("dungeon" "main.rkt" 403) #f "position-swap")
(("dungeon" "main.rkt" 407) #f "constant-swap")
(("dungeon" "main.rkt" 406) #f "position-swap")
(("dungeon" "main.rkt" 405) #f "position-swap")
(("dungeon" "main.rkt" 404) #f "negate-conditional")
(("dungeon" "main.rkt" 408) #f "constant-swap")
(("dungeon" "main.rkt" 410) #f "position-swap")
(("dungeon" "main.rkt" 409) #f "position-swap")
(("dungeon" "main.rkt" 411) #f "position-swap")
(("dungeon" "main.rkt" 416) #f "position-swap")
(("dungeon" "main.rkt" 415) #f "position-swap")
(("dungeon" "main.rkt" 414) #f "position-swap")
(("dungeon" "main.rkt" 413) #f "boolean-op-swap")
(("dungeon" "main.rkt" 412) #f "position-swap")
(("dungeon" "main.rkt" 418) #f "position-swap")
(("dungeon" "main.rkt" 417) #f "position-swap")
(("dungeon" "main.rkt" 419) #f "position-swap")
(("dungeon" "main.rkt" 424) #f "position-swap")
(("dungeon" "main.rkt" 423) #f "position-swap")
(("dungeon" "main.rkt" 422) #f "position-swap")
(("dungeon" "main.rkt" 421) #f "position-swap")
(("dungeon" "main.rkt" 420) #f "position-swap")
(("dungeon" "main.rkt" 426) #f "position-swap")
(("dungeon" "main.rkt" 425) #f "position-swap")
(("dungeon" "main.rkt" 427) #f "position-swap")
(("dungeon" "main.rkt" 432) #f "constant-swap")
(("dungeon" "main.rkt" 431) #f "boolean-op-swap")
(("dungeon" "main.rkt" 430) #f "position-swap")
(("dungeon" "main.rkt" 429) #f "boolean-op-swap")
(("dungeon" "main.rkt" 428) #f "position-swap")
(("dungeon" "main.rkt" 434) #f "position-swap")
(("dungeon" "main.rkt" 433) #f "constant-swap")
(("dungeon" "main.rkt" 435) #f "boolean-op-swap")
(("dungeon" "main.rkt" 440) #f "constant-swap")
(("dungeon" "main.rkt" 439) #f "boolean-op-swap")
(("dungeon" "main.rkt" 438) #f "position-swap")
(("dungeon" "main.rkt" 437) #f "constant-swap")
(("dungeon" "main.rkt" 436) #f "constant-swap")
(("dungeon" "main.rkt" 442) #f "position-swap")
(("dungeon" "main.rkt" 441) #f "constant-swap")
(("dungeon" "main.rkt" 443) #f "position-swap")
(("dungeon" "main.rkt" 448) #f "position-swap")
(("dungeon" "main.rkt" 447) #f "position-swap")
(("dungeon" "main.rkt" 446) #f "position-swap")
(("dungeon" "main.rkt" 445) #f "position-swap")
(("dungeon" "main.rkt" 444) #f "position-swap")
(("dungeon" "main.rkt" 450) #f "position-swap")
(("dungeon" "main.rkt" 449) #f "position-swap")
(("dungeon" "main.rkt" 451) #f "position-swap")
(("dungeon" "main.rkt" 456) #f "constant-swap")
(("dungeon" "main.rkt" 455) #f "constant-swap")
(("dungeon" "main.rkt" 454) #f "constant-swap")
(("dungeon" "main.rkt" 453) #f "constant-swap")
(("dungeon" "main.rkt" 452) #f "position-swap")
(("dungeon" "main.rkt" 458) #f "constant-swap")
(("dungeon" "main.rkt" 457) #f "constant-swap")
(("dungeon" "main.rkt" 459) #f "constant-swap")
(("dungeon" "main.rkt" 464) #f "constant-swap")
(("dungeon" "main.rkt" 463) #f "constant-swap")
(("dungeon" "main.rkt" 462) #f "constant-swap")
(("dungeon" "main.rkt" 461) #f "constant-swap")
(("dungeon" "main.rkt" 460) #f "constant-swap")
(("dungeon" "main.rkt" 466) #f "constant-swap")
(("dungeon" "main.rkt" 465) #f "constant-swap")
(("dungeon" "main.rkt" 467) #f "constant-swap")
(("dungeon" "main.rkt" 472) #f "constant-swap")
(("dungeon" "main.rkt" 471) #f "constant-swap")
(("dungeon" "main.rkt" 470) #f "constant-swap")
(("dungeon" "main.rkt" 469) #f "position-swap")
(("dungeon" "main.rkt" 468) #f "constant-swap")
(("dungeon" "main.rkt" 474) #f "constant-swap")
(("dungeon" "main.rkt" 473) #f "constant-swap")
(("dungeon" "main.rkt" 475) #f "constant-swap")
(("dungeon" "main.rkt" 480) #f "constant-swap")
(("dungeon" "main.rkt" 479) #f "constant-swap")
(("dungeon" "main.rkt" 478) #f "position-swap")
(("dungeon" "main.rkt" 477) #f "constant-swap")
(("dungeon" "main.rkt" 476) #f "constant-swap")
(("dungeon" "main.rkt" 483) #f "constant-swap")
(("dungeon" "main.rkt" 482) #f "constant-swap")
(("dungeon" "main.rkt" 481) #f "constant-swap")
(("dungeon" "main.rkt" 488) #f "constant-swap")
(("dungeon" "main.rkt" 487) #f "position-swap")
(("dungeon" "main.rkt" 486) #f "constant-swap")
(("dungeon" "main.rkt" 485) #f "constant-swap")
(("dungeon" "main.rkt" 484) #f "constant-swap")
(("dungeon" "main.rkt" 491) #f "constant-swap")
(("dungeon" "main.rkt" 490) #f "constant-swap")
(("dungeon" "main.rkt" 489) #f "constant-swap")
(("dungeon" "main.rkt" 496) #f "position-swap")
(("dungeon" "main.rkt" 495) #f "constant-swap")
(("dungeon" "main.rkt" 494) #f "constant-swap")
(("dungeon" "main.rkt" 493) #f "constant-swap")
(("dungeon" "main.rkt" 492) #f "constant-swap")
(("dungeon" "main.rkt" 499) #f "constant-swap")
(("dungeon" "main.rkt" 498) #f "constant-swap")
(("dungeon" "main.rkt" 497) #f "constant-swap")
(("dungeon" "main.rkt" 504) #f "constant-swap")
(("dungeon" "main.rkt" 503) #f "constant-swap")
(("dungeon" "main.rkt" 502) #f "constant-swap")
(("dungeon" "main.rkt" 501) #f "constant-swap")
(("dungeon" "main.rkt" 500) #f "constant-swap")
(("dungeon" "main.rkt" 507) #f "constant-swap")
(("dungeon" "main.rkt" 506) #f "constant-swap")
(("dungeon" "main.rkt" 505) #f "constant-swap")
(("dungeon" "main.rkt" 512) #f "constant-swap")
(("dungeon" "main.rkt" 511) #f "constant-swap")
(("dungeon" "main.rkt" 510) #f "constant-swap")
(("dungeon" "main.rkt" 509) #f "constant-swap")
(("dungeon" "main.rkt" 508) #f "constant-swap")
(("dungeon" "main.rkt" 515) #f "constant-swap")
(("dungeon" "main.rkt" 514) #f "constant-swap")
(("dungeon" "main.rkt" 513) #f "constant-swap")
(("dungeon" "main.rkt" 520) #f "constant-swap")
(("dungeon" "main.rkt" 519) #f "constant-swap")
(("dungeon" "main.rkt" 518) #f "constant-swap")
(("dungeon" "main.rkt" 517) #f "constant-swap")
(("dungeon" "main.rkt" 516) #f "constant-swap")
(("dungeon" "main.rkt" 523) #f "negate-conditional")
(("dungeon" "main.rkt" 522) #f "negate-conditional")
(("dungeon" "main.rkt" 521) #f "negate-conditional")
(("dungeon" "main.rkt" 528) #f "constant-swap")
(("dungeon" "main.rkt" 527) #f "constant-swap")
(("dungeon" "main.rkt" 526) #f "constant-swap")
(("dungeon" "main.rkt" 525) #f "position-swap")
(("dungeon" "main.rkt" 524) #f "negate-conditional")
(("dungeon" "main.rkt" 531) #f "constant-swap")
(("dungeon" "main.rkt" 530) #f "constant-swap")
(("dungeon" "main.rkt" 529) #f "constant-swap")
(("dungeon" "main.rkt" 532) #f "constant-swap")
(("dungeon" "main.rkt" 536) #f "constant-swap")
(("dungeon" "main.rkt" 535) #f "constant-swap")
(("dungeon" "main.rkt" 534) #f "constant-swap")
(("dungeon" "main.rkt" 533) #f "constant-swap")
(("dungeon" "main.rkt" 539) #f "constant-swap")
(("dungeon" "main.rkt" 538) #f "constant-swap")
(("dungeon" "main.rkt" 537) #f "constant-swap")
(("dungeon" "main.rkt" 540) #f "constant-swap")
(("dungeon" "main.rkt" 541) #f "constant-swap")
(("dungeon" "main.rkt" 544) #f "constant-swap")
(("dungeon" "main.rkt" 543) #f "constant-swap")
(("dungeon" "main.rkt" 542) #f "position-swap")
(("dungeon" "main.rkt" 547) #f "constant-swap")
(("dungeon" "main.rkt" 546) #f "constant-swap")
(("dungeon" "main.rkt" 545) #f "constant-swap")
(("dungeon" "main.rkt" 548) #f "constant-swap")
(("dungeon" "main.rkt" 549) #f "constant-swap")
(("dungeon" "main.rkt" 552) #f "constant-swap")
(("dungeon" "main.rkt" 551) #f "position-swap")
(("dungeon" "main.rkt" 550) #f "constant-swap")
(("dungeon" "main.rkt" 553) #f "constant-swap")
(("dungeon" "main.rkt" 555) #f "constant-swap")
(("dungeon" "main.rkt" 554) #f "constant-swap")
(("dungeon" "main.rkt" 556) #f "constant-swap")
(("dungeon" "main.rkt" 557) #f "constant-swap")
(("dungeon" "main.rkt" 560) #f "negate-conditional")
(("dungeon" "main.rkt" 559) #f "constant-swap")
(("dungeon" "main.rkt" 558) #f "constant-swap")
(("dungeon" "main.rkt" 561) #f "negate-conditional")
(("dungeon" "main.rkt" 563) #f "negate-conditional")
(("dungeon" "main.rkt" 562) #f "negate-conditional")
(("dungeon" "main.rkt" 564) #f "position-swap")
(("dungeon" "main.rkt" 565) #f "position-swap")
(("dungeon" "main.rkt" 568) #f "constant-swap")
(("dungeon" "main.rkt" 567) #f "constant-swap")
(("dungeon" "main.rkt" 566) #f "constant-swap")
(("dungeon" "main.rkt" 569) #f "constant-swap")
(("dungeon" "main.rkt" 571) #f "constant-swap")
(("dungeon" "main.rkt" 570) #f "constant-swap")
(("dungeon" "main.rkt" 572) #f "constant-swap")
(("dungeon" "main.rkt" 573) #f "constant-swap")
(("dungeon" "main.rkt" 576) #f "constant-swap")
(("dungeon" "main.rkt" 575) #f "constant-swap")
(("dungeon" "main.rkt" 574) #f "position-swap")
(("dungeon" "main.rkt" 577) #f "constant-swap")
(("dungeon" "main.rkt" 579) #f "constant-swap")
(("dungeon" "main.rkt" 578) #f "constant-swap")
(("dungeon" "main.rkt" 580) #f "constant-swap")
(("dungeon" "main.rkt" 581) #f "constant-swap")
(("dungeon" "main.rkt" 582) #f "constant-swap")
(("dungeon" "main.rkt" 584) #f "negate-conditional")
(("dungeon" "main.rkt" 583) #f "negate-conditional")
(("dungeon" "main.rkt" 585) #f "negate-conditional")
(("dungeon" "main.rkt" 587) #f "position-swap")
(("dungeon" "main.rkt" 586) #f "negate-conditional")
(("dungeon" "main.rkt" 588) #f "constant-swap")
(("dungeon" "main.rkt" 589) #f "constant-swap")
(("dungeon" "main.rkt" 590) #f "constant-swap")
(("dungeon" "main.rkt" 592) #f "constant-swap")
(("dungeon" "main.rkt" 591) #f "constant-swap")
(("dungeon" "main.rkt" 595) #f "constant-swap")
(("dungeon" "main.rkt" 594) #f "constant-swap")
(("dungeon" "main.rkt" 593) #f "constant-swap")
(("dungeon" "main.rkt" 596) #f "negate-conditional")
(("dungeon" "main.rkt" 597) #f "negate-conditional")
(("dungeon" "main.rkt" 598) #f "negate-conditional")
(("dungeon" "main.rkt" 600) #f "position-swap")
(("dungeon" "main.rkt" 599) #f "negate-conditional")
(("dungeon" "main.rkt" 603) #f "constant-swap")
(("dungeon" "main.rkt" 602) #f "constant-swap")
(("dungeon" "main.rkt" 601) #f "constant-swap")
(("dungeon" "main.rkt" 604) #f "constant-swap")
(("dungeon" "main.rkt" 605) #f "constant-swap")
(("dungeon" "main.rkt" 606) #f "constant-swap")
(("dungeon" "main.rkt" 608) #f "constant-swap")
(("dungeon" "main.rkt" 607) #f "constant-swap")
(("dungeon" "main.rkt" 611) #f "negate-conditional")
(("dungeon" "main.rkt" 610) #f "negate-conditional")
(("dungeon" "main.rkt" 609) #f "negate-conditional")
(("dungeon" "main.rkt" 612) #f "negate-conditional")
(("dungeon" "main.rkt" 613) #f "negate-conditional")
(("dungeon" "main.rkt" 614) #f "negate-conditional")
(("dungeon" "main.rkt" 616) #f "negate-conditional")
(("dungeon" "main.rkt" 615) #f "negate-conditional")
(("dungeon" "main.rkt" 619) #f "boolean-op-swap")
(("dungeon" "main.rkt" 618) #f "position-swap")
(("dungeon" "main.rkt" 617) #f "negate-conditional")
(("dungeon" "main.rkt" 620) #f "position-swap")
(("dungeon" "main.rkt" 621) #f "boolean-op-swap")
(("dungeon" "main.rkt" 622) #f "position-swap")
(("dungeon" "main.rkt" 624) #f "position-swap")
(("dungeon" "main.rkt" 623) #f "boolean-op-swap")
(("dungeon" "main.rkt" 626) #f "position-swap")
(("dungeon" "main.rkt" 625) #f "boolean-op-swap")
(("dungeon" "main.rkt" 627) #f "boolean-op-swap")
(("dungeon" "main.rkt" 628) #f "position-swap")
(("dungeon" "main.rkt" 629) #f "boolean-op-swap")
(("dungeon" "main.rkt" 630) #f "position-swap")
(("dungeon" "message-queue.rkt" 0) #f "begin-drop")
(("dungeon" "main.rkt" 632) #f "constant-swap")
(("dungeon" "main.rkt" 631) #f "boolean-op-swap")
(("dungeon" "utils.rkt" 0) #f "begin-drop")
(("dungeon" "message-queue.rkt" 2) #f "begin-drop")
(("dungeon" "main.rkt" 634) #f "constant-swap")
(("dungeon" "main.rkt" 633) #f "constant-swap")
(("dungeon" "utils.rkt" 2) #f "begin-drop")
(("dungeon" "main.rkt" 635) #f "constant-swap")
(("dungeon" "main.rkt" 636) #f "constant-swap")
(("dungeon" "utils.rkt" 7) #f "begin-drop")
(("dungeon" "main.rkt" 637) #f "begin-drop")
(("dungeon" "message-queue.rkt" 1) #f "position-swap")
(("dungeon" "utils.rkt" 1) #f "position-swap")
(("dungeon" "utils.rkt" 4) #f "begin-drop")
(("dungeon" "utils.rkt" 3) #f "begin-drop")
(("dungeon" "utils.rkt" 6) #f "position-swap")
(("dungeon" "utils.rkt" 5) #f "position-swap")
(("dungeon" "utils.rkt" 9) #f "negate-conditional")
(("dungeon" "utils.rkt" 8) #f "negate-conditional")
(("dungeon" "utils.rkt" 10) #f "constant-swap")
(("dungeon" "utils.rkt" 11) #f "constant-swap")
(("dungeon" "utils.rkt" 13) #f "negate-conditional")
(("dungeon" "utils.rkt" 12) #f "negate-conditional")
(("dungeon" "utils.rkt" 19) #f "begin-drop")
(("dungeon" "utils.rkt" 15) #f "constant-swap")
(("dungeon" "utils.rkt" 14) #f "constant-swap")
(("dungeon" "utils.rkt" 24) #f "begin-drop")
(("dungeon" "utils.rkt" 17) #f "constant-swap")
(("dungeon" "utils.rkt" 16) #f "negate-conditional")
(("dungeon" "utils.rkt" 18) #f "constant-swap")
(("dungeon" "utils.rkt" 21) #f "arithmetic-op-swap")
(("dungeon" "utils.rkt" 20) #f "position-swap")
(("dungeon" "utils.rkt" 23) #f "arithmetic-op-swap")
(("dungeon" "utils.rkt" 22) #f "position-swap")
(("dungeon" "utils.rkt" 27) #f "constant-swap")
(("dungeon" "utils.rkt" 26) #f "constant-swap")
(("dungeon" "utils.rkt" 25) #f "position-swap")
(("dungeon" "utils.rkt" 28) #f "constant-swap")
(("dungeon" "utils.rkt" 36) #f "begin-drop")
(("dungeon" "utils.rkt" 30) #f "constant-swap")
(("dungeon" "utils.rkt" 29) #f "constant-swap")
(("dungeon" "utils.rkt" 32) #f "constant-swap")
(("dungeon" "utils.rkt" 31) #f "constant-swap")
(("dungeon" "utils.rkt" 35) #f "constant-swap")
(("dungeon" "utils.rkt" 34) #f "constant-swap")
(("dungeon" "utils.rkt" 33) #f "constant-swap")
(("dungeon" "utils.rkt" 37) #f "position-swap")
(("dungeon" "utils.rkt" 39) #f "constant-swap")
(("dungeon" "utils.rkt" 38) #f "constant-swap")
(("dungeon" "utils.rkt" 41) #f "constant-swap")
(("dungeon" "utils.rkt" 40) #f "constant-swap")
(("dungeon" "utils.rkt" 49) #f "begin-drop")
(("dungeon" "utils.rkt" 48) #f "begin-drop")
(("dungeon" "utils.rkt" 44) #f "constant-swap")
(("dungeon" "utils.rkt" 43) #f "constant-swap")
(("dungeon" "utils.rkt" 42) #f "constant-swap")
(("dungeon" "utils.rkt" 45) #f "constant-swap")
(("dungeon" "utils.rkt" 47) #f "constant-swap")
(("dungeon" "utils.rkt" 46) #f "constant-swap")
