(("sieve" "main.rkt" 7) #f "position-swap")
(("sieve" "main.rkt" 6) #f "negate-conditional")
(("sieve" "main.rkt" 5) #f "position-swap")
(("sieve" "main.rkt" 4) #f "begin-drop")
(("sieve" "main.rkt" 3) #f "begin-drop")
(("sieve" "main.rkt" 2) #f "arithmetic-op-swap")
(("sieve" "main.rkt" 1) (blamed) "position-swap")
(("sieve" "main.rkt" 0) #f "begin-drop")
(("sieve" "main.rkt" 15) #f "position-swap")
(("sieve" "main.rkt" 14) #f "arithmetic-op-swap")
(("sieve" "main.rkt" 13) #f "position-swap")
(("sieve" "main.rkt" 12) #f "constant-swap")
(("sieve" "main.rkt" 11) #f "constant-swap")
(("sieve" "main.rkt" 10) #f "constant-swap")
(("sieve" "main.rkt" 9) #f "comparison-op-swap")
(("sieve" "main.rkt" 8) #f "comparison-op-swap")
(("sieve" "main.rkt" 23) #f "constant-swap")
(("sieve" "main.rkt" 22) #f "position-swap")
(("sieve" "main.rkt" 21) (blamed) "position-swap")
(("sieve" "main.rkt" 20) #f "position-swap")
(("sieve" "main.rkt" 19) #f "begin-drop")
(("sieve" "main.rkt" 18) #f "begin-drop")
(("sieve" "main.rkt" 17) #f "position-swap")
(("sieve" "main.rkt" 16) #f "position-swap")
(("sieve" "main.rkt" 31) #f "constant-swap")
(("sieve" "main.rkt" 30) #f "constant-swap")
(("sieve" "main.rkt" 29) #f "constant-swap")
(("sieve" "main.rkt" 28) #f "constant-swap")
(("sieve" "main.rkt" 27) (runtime-error blamed) "constant-swap")
(("sieve" "main.rkt" 26) #f "constant-swap")
(("sieve" "main.rkt" 25) #f "constant-swap")
(("sieve" "main.rkt" 24) #f "constant-swap")
(("sieve" "streams.rkt" 4) #f "begin-drop")
(("sieve" "streams.rkt" 2) #f "begin-drop")
(("sieve" "streams.rkt" 0) #f "begin-drop")
(("sieve" "main.rkt" 33) #f "begin-drop")
(("sieve" "streams.rkt" 3) (blamed) "position-swap")
(("sieve" "streams.rkt" 1) (blamed) "position-swap")
(("sieve" "main.rkt" 34) #f "position-swap")
(("sieve" "main.rkt" 32) #f "constant-swap")
(("sieve" "streams.rkt" 6) #f "position-swap")
(("sieve" "streams.rkt" 5) #f "begin-drop")
(("sieve" "streams.rkt" 8) #f "position-swap")
(("sieve" "streams.rkt" 7) #f "negate-conditional")
(("sieve" "streams.rkt" 12) #f "constant-swap")
(("sieve" "streams.rkt" 11) #f "constant-swap")
(("sieve" "streams.rkt" 10) #f "comparison-op-swap")
(("sieve" "streams.rkt" 9) #f "comparison-op-swap")
(("sieve" "streams.rkt" 16) #f "begin-drop")
(("sieve" "streams.rkt" 15) #f "arithmetic-op-swap")
(("sieve" "streams.rkt" 14) #f "position-swap")
(("sieve" "streams.rkt" 13) #f "constant-swap")
(("sieve" "streams.rkt" 24) #f "position-swap")
(("sieve" "streams.rkt" 20) #f "comparison-op-swap")
(("sieve" "streams.rkt" 19) #f "comparison-op-swap")
(("sieve" "streams.rkt" 18) #f "position-swap")
(("sieve" "streams.rkt" 17) #f "negate-conditional")
(("sieve" "streams.rkt" 23) #f "constant-swap")
(("sieve" "streams.rkt" 22) #f "constant-swap")
(("sieve" "streams.rkt" 21) #f "constant-swap")
(("sieve" "streams.rkt" 27) #f "arithmetic-op-swap")
(("sieve" "streams.rkt" 26) #f "position-swap")
(("sieve" "streams.rkt" 25) #f "position-swap")
